Archive member included to satisfy reference by file (symbol)

/usr/lib/gcc/arm-none-eabi/12.2.1/thumb/v6-m/nofp/libgcc.a(_dvmd_tls.o)
                              CMakeFiles/IOT_Car_Base.dir/home/sarmad-alvi/Documents/pico/pico-sdk/src/rp2_common/pico_divider/divider.S.obj (__aeabi_idiv0)
/usr/lib/gcc/arm-none-eabi/12.2.1/../../../arm-none-eabi/lib/thumb/v6-m/nofp/libc.a(lib_a-atexit.o)
                              /usr/lib/gcc/arm-none-eabi/12.2.1/../../../arm-none-eabi/lib/thumb/v6-m/nofp/crt0.o (atexit)
/usr/lib/gcc/arm-none-eabi/12.2.1/../../../arm-none-eabi/lib/thumb/v6-m/nofp/libc.a(lib_a-calloc.o)
                              CMakeFiles/IOT_Car_Base.dir/home/sarmad-alvi/Documents/pico/pico-sdk/src/rp2_common/pico_malloc/pico_malloc.c.obj (calloc)
/usr/lib/gcc/arm-none-eabi/12.2.1/../../../arm-none-eabi/lib/thumb/v6-m/nofp/libc.a(lib_a-callocr.o)
                              /usr/lib/gcc/arm-none-eabi/12.2.1/../../../arm-none-eabi/lib/thumb/v6-m/nofp/libc.a(lib_a-calloc.o) (_calloc_r)
/usr/lib/gcc/arm-none-eabi/12.2.1/../../../arm-none-eabi/lib/thumb/v6-m/nofp/libc.a(lib_a-fini.o)
                              /usr/lib/gcc/arm-none-eabi/12.2.1/../../../arm-none-eabi/lib/thumb/v6-m/nofp/crt0.o (__libc_fini_array)
/usr/lib/gcc/arm-none-eabi/12.2.1/../../../arm-none-eabi/lib/thumb/v6-m/nofp/libc.a(lib_a-impure.o)
                              /usr/lib/gcc/arm-none-eabi/12.2.1/../../../arm-none-eabi/lib/thumb/v6-m/nofp/libc.a(lib_a-calloc.o) (_impure_ptr)
/usr/lib/gcc/arm-none-eabi/12.2.1/../../../arm-none-eabi/lib/thumb/v6-m/nofp/libc.a(lib_a-init.o)
                              /usr/lib/gcc/arm-none-eabi/12.2.1/../../../arm-none-eabi/lib/thumb/v6-m/nofp/crt0.o (__libc_init_array)
/usr/lib/gcc/arm-none-eabi/12.2.1/../../../arm-none-eabi/lib/thumb/v6-m/nofp/libc.a(lib_a-malloc.o)
                              CMakeFiles/IOT_Car_Base.dir/home/sarmad-alvi/Documents/pico/pico-sdk/src/rp2_common/pico_malloc/pico_malloc.c.obj (malloc)
/usr/lib/gcc/arm-none-eabi/12.2.1/../../../arm-none-eabi/lib/thumb/v6-m/nofp/libc.a(lib_a-mallocr.o)
                              /usr/lib/gcc/arm-none-eabi/12.2.1/../../../arm-none-eabi/lib/thumb/v6-m/nofp/libc.a(lib_a-callocr.o) (_malloc_r)
/usr/lib/gcc/arm-none-eabi/12.2.1/../../../arm-none-eabi/lib/thumb/v6-m/nofp/libc.a(lib_a-mlock.o)
                              /usr/lib/gcc/arm-none-eabi/12.2.1/../../../arm-none-eabi/lib/thumb/v6-m/nofp/libc.a(lib_a-mallocr.o) (__malloc_lock)
/usr/lib/gcc/arm-none-eabi/12.2.1/../../../arm-none-eabi/lib/thumb/v6-m/nofp/libc.a(lib_a-realloc.o)
                              CMakeFiles/IOT_Car_Base.dir/home/sarmad-alvi/Documents/pico/pico-sdk/src/rp2_common/pico_malloc/pico_malloc.c.obj (realloc)
/usr/lib/gcc/arm-none-eabi/12.2.1/../../../arm-none-eabi/lib/thumb/v6-m/nofp/libc.a(lib_a-reallocr.o)
                              /usr/lib/gcc/arm-none-eabi/12.2.1/../../../arm-none-eabi/lib/thumb/v6-m/nofp/libc.a(lib_a-realloc.o) (_realloc_r)
/usr/lib/gcc/arm-none-eabi/12.2.1/../../../arm-none-eabi/lib/thumb/v6-m/nofp/libc.a(lib_a-sbrkr.o)
                              /usr/lib/gcc/arm-none-eabi/12.2.1/../../../arm-none-eabi/lib/thumb/v6-m/nofp/libc.a(lib_a-mallocr.o) (_sbrk_r)
/usr/lib/gcc/arm-none-eabi/12.2.1/../../../arm-none-eabi/lib/thumb/v6-m/nofp/libc.a(lib_a-sscanf.o)
                              CMakeFiles/IOT_Car_Base.dir/tasks.c.obj (sscanf)
/usr/lib/gcc/arm-none-eabi/12.2.1/../../../arm-none-eabi/lib/thumb/v6-m/nofp/libc.a(lib_a-stdio.o)
                              /usr/lib/gcc/arm-none-eabi/12.2.1/../../../arm-none-eabi/lib/thumb/v6-m/nofp/libc.a(lib_a-sscanf.o) (__seofread)
/usr/lib/gcc/arm-none-eabi/12.2.1/../../../arm-none-eabi/lib/thumb/v6-m/nofp/libc.a(lib_a-strlen-stub.o)
                              CMakeFiles/IOT_Car_Base.dir/home/sarmad-alvi/Documents/pico/pico-sdk/src/rp2_common/pico_stdio/stdio.c.obj (strlen)
/usr/lib/gcc/arm-none-eabi/12.2.1/../../../arm-none-eabi/lib/thumb/v6-m/nofp/libc.a(lib_a-strncmp.o)
                              CMakeFiles/IOT_Car_Base.dir/tasks.c.obj (strncmp)
/usr/lib/gcc/arm-none-eabi/12.2.1/../../../arm-none-eabi/lib/thumb/v6-m/nofp/libc.a(lib_a-strtok.o)
                              CMakeFiles/IOT_Car_Base.dir/tasks.c.obj (strtok)
/usr/lib/gcc/arm-none-eabi/12.2.1/../../../arm-none-eabi/lib/thumb/v6-m/nofp/libc.a(lib_a-strtok_r.o)
                              /usr/lib/gcc/arm-none-eabi/12.2.1/../../../arm-none-eabi/lib/thumb/v6-m/nofp/libc.a(lib_a-strtok.o) (__strtok_r)
/usr/lib/gcc/arm-none-eabi/12.2.1/../../../arm-none-eabi/lib/thumb/v6-m/nofp/libc.a(lib_a-svfscanf.o)
                              /usr/lib/gcc/arm-none-eabi/12.2.1/../../../arm-none-eabi/lib/thumb/v6-m/nofp/libc.a(lib_a-sscanf.o) (__ssvfscanf_r)
/usr/lib/gcc/arm-none-eabi/12.2.1/../../../arm-none-eabi/lib/thumb/v6-m/nofp/libc.a(lib_a-writer.o)
                              /usr/lib/gcc/arm-none-eabi/12.2.1/../../../arm-none-eabi/lib/thumb/v6-m/nofp/libc.a(lib_a-stdio.o) (_write_r)
[...]
Memory Configuration

Name             Origin             Length             Attributes
FLASH            0x0000000010000000 0x0000000000200000 xr
RAM              0x0000000020000000 0x0000000000040000 xrw
SCRATCH_X        0x0000000020040000 0x0000000000001000 xrw
SCRATCH_Y        0x0000000020041000 0x0000000000001000 xrw
*default*        0x0000000000000000 0xffffffffffffffff

Linker script and memory map

LOAD /usr/lib/gcc/arm-none-eabi/12.2.1/thumb/v6-m/nofp/crti.o
LOAD /usr/lib/gcc/arm-none-eabi/12.2.1/thumb/v6-m/nofp/crtbegin.o
LOAD /usr/lib/gcc/arm-none-eabi/12.2.1/../../../arm-none-eabi/lib/thumb/v6-m/nofp/crt0.o

.flash_begin    0x0000000010000000        0x0
                0x0000000010000000                __flash_binary_start = .

.boot2          0x0000000010000000      0x100
                0x0000000010000000                __boot2_start__ = .
 *(.boot2)
 .boot2         0x0000000010000000      0x100 /tmp/cc0AP3UU.o
                0x0000000010000100                __boot2_end__ = .
                0x0000000000000001                ASSERT (((__boot2_end__ - __boot2_start__) == 0x100), ERROR: Pico second stage bootloader must be 256 bytes in size)

.text           0x0000000010000100     0xfe30
                0x0000000010000100                __logical_binary_start = .
 *(.vectors)
 .vectors       0x0000000010000100       0xd4 CMakeFiles/IOT_Car_Base.dir/home/sarmad-alvi/Documents/pico/pico-sdk/src/rp2_common/pico_standard_link/crt0.S.obj
                0x0000000010000100                __vectors
                0x0000000010000100                __VECTOR_TABLE
                0x00000000100001c0                isr_invalid
                0x00000000100001c0                __default_isrs_start
                0x00000000100001c2                isr_nmi
                0x00000000100001c4                isr_hardfault
                0x00000000100001c6                isr_svcall
                0x00000000100001c8                isr_pendsv
                0x00000000100001ca                isr_systick
                0x00000000100001cc                isr_irq30
                0x00000000100001cc                __unhandled_user_irq
                0x00000000100001cc                isr_irq13
                0x00000000100001cc                isr_irq27
                0x00000000100001cc                isr_irq31
                0x00000000100001cc                isr_irq5
                0x00000000100001cc                isr_irq11
                0x00000000100001cc                isr_irq23
                0x00000000100001cc                isr_irq18
                0x00000000100001cc                isr_irq28
                0x00000000100001cc                isr_irq19
                0x00000000100001cc                isr_irq0
                0x00000000100001cc                isr_irq6
                0x00000000100001cc                isr_irq22
                0x00000000100001cc                isr_irq17
                0x00000000100001cc                isr_irq14
                0x00000000100001cc                isr_irq2
                0x00000000100001cc                isr_irq10
                0x00000000100001cc                isr_irq8
                0x00000000100001cc                isr_irq24
                0x00000000100001cc                isr_irq1
                0x00000000100001cc                isr_irq7
                0x00000000100001cc                isr_irq21
                0x00000000100001cc                isr_irq20
                0x00000000100001cc                isr_irq15
                0x00000000100001cc                isr_irq25
                0x00000000100001cc                isr_irq4
                0x00000000100001cc                isr_irq16
                0x00000000100001cc                isr_irq29
                0x00000000100001cc                isr_irq26
                0x00000000100001cc                __default_isrs_end
                0x00000000100001cc                isr_irq3
                0x00000000100001cc                isr_irq12
                0x00000000100001cc                isr_irq9
                0x00000000100001d2                unhandled_user_irq_num_in_r0
 *(.binary_info_header)
 .binary_info_header
                0x00000000100001d4       0x14 CMakeFiles/IOT_Car_Base.dir/home/sarmad-alvi/Documents/pico/pico-sdk/src/rp2_common/pico_standard_link/crt0.S.obj
                0x00000000100001e8                __binary_info_header_end = .
 *(.reset)
 .reset         0x00000000100001e8       0xa0 CMakeFiles/IOT_Car_Base.dir/home/sarmad-alvi/Documents/pico/pico-sdk/src/rp2_common/pico_standard_link/crt0.S.obj
                0x00000000100001e8                _entry_point
 .reset         0x0000000010000288       0x30 CMakeFiles/IOT_Car_Base.dir/home/sarmad-alvi/Documents/pico/pico-sdk/src/rp2_common/pico_standard_link/binary_info.c.obj
 *(.init)
 .init          0x00000000100002b8        0x4 /usr/lib/gcc/arm-none-eabi/12.2.1/thumb/v6-m/nofp/crti.o
                0x00000000100002b8                _init
 *(EXCLUDE_FILE(*libm.a: *libc.a:*lib_a-mem*.o *libgcc.a:) .text*)
 .text          0x00000000100002bc       0x98 /usr/lib/gcc/arm-none-eabi/12.2.1/thumb/v6-m/nofp/crtbegin.o
 .text.startup.main
                0x0000000010000354       0x10 CMakeFiles/IOT_Car_Base.dir/main.c.obj
                0x0000000010000354                main
 .text.uart_puts.constprop.0
                0x0000000010000364       0x5c CMakeFiles/IOT_Car_Base.dir/tasks.c.obj
 .text.vTaskI2C_GPS
                0x00000000100003c0      0xa7c CMakeFiles/IOT_Car_Base.dir/tasks.c.obj
                0x00000000100003c0                vTaskI2C_GPS
 .text.initTasks
                0x0000000010000e3c       0x28 CMakeFiles/IOT_Car_Base.dir/tasks.c.obj
                0x0000000010000e3c                initTasks
 .text.gpio_set_function
                0x0000000010000e64       0x30 CMakeFiles/IOT_Car_Base.dir/home/sarmad-alvi/Documents/pico/pico-sdk/src/rp2_common/hardware_gpio/gpio.c.obj
                0x0000000010000e64                gpio_set_function
 .text.gpio_set_pulls
                0x0000000010000e94       0x24 CMakeFiles/IOT_Car_Base.dir/home/sarmad-alvi/Documents/pico/pico-sdk/src/rp2_common/hardware_gpio/gpio.c.obj
                0x0000000010000e94                gpio_set_pulls
 .text.running_on_fpga
                0x0000000010000eb8       0x10 CMakeFiles/IOT_Car_Base.dir/home/sarmad-alvi/Documents/pico/pico-sdk/src/rp2_common/pico_platform/platform.c.obj
                0x0000000010000eb8                running_on_fpga
 .text.hw_claim_or_assert
                0x0000000010000ec8       0x44 CMakeFiles/IOT_Car_Base.dir/home/sarmad-alvi/Documents/pico/pico-sdk/src/rp2_common/hardware_claim/claim.c.obj
                0x0000000010000ec8                hw_claim_or_assert
 .text.hw_claim_unused_from_range
                0x0000000010000f0c       0x9c CMakeFiles/IOT_Car_Base.dir/home/sarmad-alvi/Documents/pico/pico-sdk/src/rp2_common/hardware_claim/claim.c.obj
                0x0000000010000f0c                hw_claim_unused_from_range
 .text.spin_locks_reset
                0x0000000010000fa8       0x1c CMakeFiles/IOT_Car_Base.dir/home/sarmad-alvi/Documents/pico/pico-sdk/src/rp2_common/hardware_sync/sync.c.obj
                0x0000000010000fa8                spin_locks_reset
 .text.next_striped_spin_lock_num
                0x0000000010000fc4       0x18 CMakeFiles/IOT_Car_Base.dir/home/sarmad-alvi/Documents/pico/pico-sdk/src/rp2_common/hardware_sync/sync.c.obj
                0x0000000010000fc4                next_striped_spin_lock_num
 .text.spin_lock_claim_unused
                0x0000000010000fdc       0x24 CMakeFiles/IOT_Car_Base.dir/home/sarmad-alvi/Documents/pico/pico-sdk/src/rp2_common/hardware_sync/sync.c.obj
                0x0000000010000fdc                spin_lock_claim_unused
 .text.irq_set_enabled
                0x0000000010001000       0x24 CMakeFiles/IOT_Car_Base.dir/home/sarmad-alvi/Documents/pico/pico-sdk/src/rp2_common/hardware_irq/irq.c.obj
                0x0000000010001000                irq_set_enabled
 .text.irq_set_pending
                0x0000000010001024       0x10 CMakeFiles/IOT_Car_Base.dir/home/sarmad-alvi/Documents/pico/pico-sdk/src/rp2_common/hardware_irq/irq.c.obj
                0x0000000010001024                irq_set_pending
 .text.irq_has_shared_handler
                0x0000000010001034       0x2c CMakeFiles/IOT_Car_Base.dir/home/sarmad-alvi/Documents/pico/pico-sdk/src/rp2_common/hardware_irq/irq.c.obj
                0x0000000010001034                irq_has_shared_handler
 .text.irq_get_vtable_handler
                0x0000000010001060       0x10 CMakeFiles/IOT_Car_Base.dir/home/sarmad-alvi/Documents/pico/pico-sdk/src/rp2_common/hardware_irq/irq.c.obj
                0x0000000010001060                irq_get_vtable_handler
 .text.irq_set_exclusive_handler
                0x0000000010001070       0x54 CMakeFiles/IOT_Car_Base.dir/home/sarmad-alvi/Documents/pico/pico-sdk/src/rp2_common/hardware_irq/irq.c.obj
                0x0000000010001070                irq_set_exclusive_handler
 .text.irq_add_shared_handler
                0x00000000100010c4      0x1f4 CMakeFiles/IOT_Car_Base.dir/home/sarmad-alvi/Documents/pico/pico-sdk/src/rp2_common/hardware_irq/irq.c.obj
                0x00000000100010c4                irq_add_shared_handler
 .text.irq_remove_handler
                0x00000000100012b8      0x1c4 CMakeFiles/IOT_Car_Base.dir/home/sarmad-alvi/Documents/pico/pico-sdk/src/rp2_common/hardware_irq/irq.c.obj
                0x00000000100012b8                irq_remove_handler
 .text.irq_set_priority
                0x000000001000147c       0x28 CMakeFiles/IOT_Car_Base.dir/home/sarmad-alvi/Documents/pico/pico-sdk/src/rp2_common/hardware_irq/irq.c.obj
                0x000000001000147c                irq_set_priority
 .text.irq_add_tail_to_free_list
                0x00000000100014a4       0xb4 CMakeFiles/IOT_Car_Base.dir/home/sarmad-alvi/Documents/pico/pico-sdk/src/rp2_common/hardware_irq/irq.c.obj
                0x00000000100014a4                irq_add_tail_to_free_list
 .text.irq_init_priorities
                0x0000000010001558       0x24 CMakeFiles/IOT_Car_Base.dir/home/sarmad-alvi/Documents/pico/pico-sdk/src/rp2_common/hardware_irq/irq.c.obj
                0x0000000010001558                irq_init_priorities
 .text.user_irq_claim_unused
                0x000000001000157c       0x2c CMakeFiles/IOT_Car_Base.dir/home/sarmad-alvi/Documents/pico/pico-sdk/src/rp2_common/hardware_irq/irq.c.obj
                0x000000001000157c                user_irq_claim_unused
 .text.lock_init
                0x00000000100015a8       0x10 CMakeFiles/IOT_Car_Base.dir/home/sarmad-alvi/Documents/pico/pico-sdk/src/common/pico_sync/lock_core.c.obj
                0x00000000100015a8                lock_init
 .text.mutex_init
                0x00000000100015b8       0x1c CMakeFiles/IOT_Car_Base.dir/home/sarmad-alvi/Documents/pico/pico-sdk/src/common/pico_sync/mutex.c.obj
                0x00000000100015b8                mutex_init
 .text.recursive_mutex_init
                0x00000000100015d4       0x20 CMakeFiles/IOT_Car_Base.dir/home/sarmad-alvi/Documents/pico/pico-sdk/src/common/pico_sync/mutex.c.obj
                0x00000000100015d4                recursive_mutex_init
 .text.critical_section_init
                0x00000000100015f4       0x1c CMakeFiles/IOT_Car_Base.dir/home/sarmad-alvi/Documents/pico/pico-sdk/src/common/pico_sync/critical_section.c.obj
                0x00000000100015f4                critical_section_init
 .text.critical_section_init_with_lock_num
                0x0000000010001610       0x14 CMakeFiles/IOT_Car_Base.dir/home/sarmad-alvi/Documents/pico/pico-sdk/src/common/pico_sync/critical_section.c.obj
                0x0000000010001610                critical_section_init_with_lock_num
 .text.timer_pool_entry_comparator
                0x0000000010001624       0x34 CMakeFiles/IOT_Car_Base.dir/home/sarmad-alvi/Documents/pico/pico-sdk/src/common/pico_time/time.c.obj
                0x0000000010001624                timer_pool_entry_comparator
 .text.sleep_until_callback
                0x0000000010001658       0x24 CMakeFiles/IOT_Car_Base.dir/home/sarmad-alvi/Documents/pico/pico-sdk/src/common/pico_time/time.c.obj
 .text.add_alarm_under_lock.isra.0
                0x000000001000167c      0x100 CMakeFiles/IOT_Car_Base.dir/home/sarmad-alvi/Documents/pico/pico-sdk/src/common/pico_time/time.c.obj
 .text.alarm_pool_alarm_callback
                0x000000001000177c      0x1c0 CMakeFiles/IOT_Car_Base.dir/home/sarmad-alvi/Documents/pico/pico-sdk/src/common/pico_time/time.c.obj
 .text.alarm_pool_init_default
                0x000000001000193c       0x6c CMakeFiles/IOT_Car_Base.dir/home/sarmad-alvi/Documents/pico/pico-sdk/src/common/pico_time/time.c.obj
                0x000000001000193c                alarm_pool_init_default
 .text.alarm_pool_get_default
                0x00000000100019a8        0x8 CMakeFiles/IOT_Car_Base.dir/home/sarmad-alvi/Documents/pico/pico-sdk/src/common/pico_time/time.c.obj
                0x00000000100019a8                alarm_pool_get_default
 .text.alarm_pool_add_alarm_at
                0x00000000100019b0      0x188 CMakeFiles/IOT_Car_Base.dir/home/sarmad-alvi/Documents/pico/pico-sdk/src/common/pico_time/time.c.obj
                0x00000000100019b0                alarm_pool_add_alarm_at
 .text.alarm_pool_core_num
                0x0000000010001b38        0x4 CMakeFiles/IOT_Car_Base.dir/home/sarmad-alvi/Documents/pico/pico-sdk/src/common/pico_time/time.c.obj
                0x0000000010001b38                alarm_pool_core_num
 .text.best_effort_wfe_or_timeout
                0x0000000010001b3c       0xec CMakeFiles/IOT_Car_Base.dir/home/sarmad-alvi/Documents/pico/pico-sdk/src/common/pico_time/time.c.obj
                0x0000000010001b3c                best_effort_wfe_or_timeout
 .text.hardware_alarm_irq_handler
                0x0000000010001c28       0xbc CMakeFiles/IOT_Car_Base.dir/home/sarmad-alvi/Documents/pico/pico-sdk/src/rp2_common/hardware_timer/timer.c.obj
 .text.hardware_alarm_claim
                0x0000000010001ce4       0x18 CMakeFiles/IOT_Car_Base.dir/home/sarmad-alvi/Documents/pico/pico-sdk/src/rp2_common/hardware_timer/timer.c.obj
                0x0000000010001ce4                hardware_alarm_claim
 .text.time_us_64
                0x0000000010001cfc       0x14 CMakeFiles/IOT_Car_Base.dir/home/sarmad-alvi/Documents/pico/pico-sdk/src/rp2_common/hardware_timer/timer.c.obj
                0x0000000010001cfc                time_us_64
 .text.busy_wait_us
                0x0000000010001d10       0x68 CMakeFiles/IOT_Car_Base.dir/home/sarmad-alvi/Documents/pico/pico-sdk/src/rp2_common/hardware_timer/timer.c.obj
                0x0000000010001d10                busy_wait_us
 .text.hardware_alarm_set_callback
                0x0000000010001d78       0x8c CMakeFiles/IOT_Car_Base.dir/home/sarmad-alvi/Documents/pico/pico-sdk/src/rp2_common/hardware_timer/timer.c.obj
                0x0000000010001d78                hardware_alarm_set_callback
 .text.hardware_alarm_set_target
                0x0000000010001e04       0xd0 CMakeFiles/IOT_Car_Base.dir/home/sarmad-alvi/Documents/pico/pico-sdk/src/rp2_common/hardware_timer/timer.c.obj
                0x0000000010001e04                hardware_alarm_set_target
 .text.hardware_alarm_cancel
                0x0000000010001ed4       0x3c CMakeFiles/IOT_Car_Base.dir/home/sarmad-alvi/Documents/pico/pico-sdk/src/rp2_common/hardware_timer/timer.c.obj
                0x0000000010001ed4                hardware_alarm_cancel
 .text.ph_merge_nodes
                0x0000000010001f10       0x64 CMakeFiles/IOT_Car_Base.dir/home/sarmad-alvi/Documents/pico/pico-sdk/src/common/pico_util/pheap.c.obj
 .text.ph_post_alloc_init
                0x0000000010001f74       0x3c CMakeFiles/IOT_Car_Base.dir/home/sarmad-alvi/Documents/pico/pico-sdk/src/common/pico_util/pheap.c.obj
                0x0000000010001f74                ph_post_alloc_init
 .text.ph_merge_two_pass
                0x0000000010001fb0       0x98 CMakeFiles/IOT_Car_Base.dir/home/sarmad-alvi/Documents/pico/pico-sdk/src/common/pico_util/pheap.c.obj
                0x0000000010001fb0                ph_merge_two_pass
 .text.ph_remove_any_head
                0x0000000010002048      0x100 CMakeFiles/IOT_Car_Base.dir/home/sarmad-alvi/Documents/pico/pico-sdk/src/common/pico_util/pheap.c.obj
 .text.ph_remove_head
                0x0000000010002148      0x104 CMakeFiles/IOT_Car_Base.dir/home/sarmad-alvi/Documents/pico/pico-sdk/src/common/pico_util/pheap.c.obj
                0x0000000010002148                ph_remove_head
 .text.ph_remove_and_free_node
                0x000000001000224c       0x78 CMakeFiles/IOT_Car_Base.dir/home/sarmad-alvi/Documents/pico/pico-sdk/src/common/pico_util/pheap.c.obj
                0x000000001000224c                ph_remove_and_free_node
 .text.uart_init
                0x00000000100022c4      0x188 CMakeFiles/IOT_Car_Base.dir/home/sarmad-alvi/Documents/pico/pico-sdk/src/rp2_common/hardware_uart/uart.c.obj
                0x00000000100022c4                uart_init
 .text.uart_set_format
                0x000000001000244c       0x7c CMakeFiles/IOT_Car_Base.dir/home/sarmad-alvi/Documents/pico/pico-sdk/src/rp2_common/hardware_uart/uart.c.obj
                0x000000001000244c                uart_set_format
 .text.uart_set_fifo_enabled
                0x00000000100024c8       0x60 CMakeFiles/IOT_Car_Base.dir/home/sarmad-alvi/Documents/pico/pico-sdk/src/rp2_common/hardware_uart/uart.c.obj
                0x00000000100024c8                uart_set_fifo_enabled
 .text.clocks_init
                0x0000000010002528      0x2c8 CMakeFiles/IOT_Car_Base.dir/home/sarmad-alvi/Documents/pico/pico-sdk/src/rp2_common/hardware_clocks/clocks.c.obj
                0x0000000010002528                clocks_init
 .text.clock_get_hz
                0x00000000100027f0        0xc CMakeFiles/IOT_Car_Base.dir/home/sarmad-alvi/Documents/pico/pico-sdk/src/rp2_common/hardware_clocks/clocks.c.obj
                0x00000000100027f0                clock_get_hz
 .text.pll_init
                0x00000000100027fc       0xa0 CMakeFiles/IOT_Car_Base.dir/home/sarmad-alvi/Documents/pico/pico-sdk/src/rp2_common/hardware_pll/pll.c.obj
                0x00000000100027fc                pll_init
 .text.watchdog_start_tick
                0x000000001000289c       0x10 CMakeFiles/IOT_Car_Base.dir/home/sarmad-alvi/Documents/pico/pico-sdk/src/rp2_common/hardware_watchdog/watchdog.c.obj
                0x000000001000289c                watchdog_start_tick
 .text.watchdog_reboot
                0x00000000100028ac       0x9c CMakeFiles/IOT_Car_Base.dir/home/sarmad-alvi/Documents/pico/pico-sdk/src/rp2_common/hardware_watchdog/watchdog.c.obj
                0x00000000100028ac                watchdog_reboot
 .text.xosc_init
                0x0000000010002948       0x28 CMakeFiles/IOT_Car_Base.dir/home/sarmad-alvi/Documents/pico/pico-sdk/src/rp2_common/hardware_xosc/xosc.c.obj
                0x0000000010002948                xosc_init
 .text.runtime_init
                0x0000000010002970       0xf0 CMakeFiles/IOT_Car_Base.dir/home/sarmad-alvi/Documents/pico/pico-sdk/src/rp2_common/pico_runtime/runtime.c.obj
                0x0000000010002970                runtime_init
 .text._exit    0x0000000010002a60        0x4 CMakeFiles/IOT_Car_Base.dir/home/sarmad-alvi/Documents/pico/pico-sdk/src/rp2_common/pico_runtime/runtime.c.obj
                0x0000000010002a60                _exit
 .text._sbrk    0x0000000010002a64       0x34 CMakeFiles/IOT_Car_Base.dir/home/sarmad-alvi/Documents/pico/pico-sdk/src/rp2_common/pico_runtime/runtime.c.obj
                0x0000000010002a64                _sbrk
 .text.exit     0x0000000010002a98        0x8 CMakeFiles/IOT_Car_Base.dir/home/sarmad-alvi/Documents/pico/pico-sdk/src/rp2_common/pico_runtime/runtime.c.obj
                0x0000000010002a98                exit
 .text.__assert_func
                0x0000000010002aa0       0x38 CMakeFiles/IOT_Car_Base.dir/home/sarmad-alvi/Documents/pico/pico-sdk/src/rp2_common/pico_runtime/runtime.c.obj
                0x0000000010002aa0                __assert_func
 .text.panic    0x0000000010002ad8       0x30 CMakeFiles/IOT_Car_Base.dir/home/sarmad-alvi/Documents/pico/pico-sdk/src/rp2_common/pico_runtime/runtime.c.obj
                0x0000000010002ad8                panic
 .text.panic_unsupported
                0x0000000010002b08        0xc CMakeFiles/IOT_Car_Base.dir/home/sarmad-alvi/Documents/pico/pico-sdk/src/rp2_common/pico_runtime/runtime.c.obj
                0x0000000010002b08                panic_unsupported
 .text.hard_assertion_failure
                0x0000000010002b14        0xc CMakeFiles/IOT_Car_Base.dir/home/sarmad-alvi/Documents/pico/pico-sdk/src/rp2_common/pico_runtime/runtime.c.obj
                0x0000000010002b14                hard_assertion_failure
 .text._out_buffer
                0x0000000010002b20        0x8 CMakeFiles/IOT_Car_Base.dir/home/sarmad-alvi/Documents/pico/pico-sdk/src/rp2_common/pico_printf/printf.c.obj
 .text._out_null
                0x0000000010002b28        0x4 CMakeFiles/IOT_Car_Base.dir/home/sarmad-alvi/Documents/pico/pico-sdk/src/rp2_common/pico_printf/printf.c.obj
 .text._out_rev
                0x0000000010002b2c       0x90 CMakeFiles/IOT_Car_Base.dir/home/sarmad-alvi/Documents/pico/pico-sdk/src/rp2_common/pico_printf/printf.c.obj
 .text._ntoa_format
                0x0000000010002bbc      0x1f4 CMakeFiles/IOT_Car_Base.dir/home/sarmad-alvi/Documents/pico/pico-sdk/src/rp2_common/pico_printf/printf.c.obj
 .text._out_char
                0x0000000010002db0       0x10 CMakeFiles/IOT_Car_Base.dir/home/sarmad-alvi/Documents/pico/pico-sdk/src/rp2_common/pico_printf/printf.c.obj
 .text._etoa    0x0000000010002dc0      0x454 CMakeFiles/IOT_Car_Base.dir/home/sarmad-alvi/Documents/pico/pico-sdk/src/rp2_common/pico_printf/printf.c.obj
 .text._ftoa    0x0000000010003214      0x3c4 CMakeFiles/IOT_Car_Base.dir/home/sarmad-alvi/Documents/pico/pico-sdk/src/rp2_common/pico_printf/printf.c.obj
 .text._vsnprintf
                0x00000000100035d8      0xb24 CMakeFiles/IOT_Car_Base.dir/home/sarmad-alvi/Documents/pico/pico-sdk/src/rp2_common/pico_printf/printf.c.obj
 .text.__wrap_sprintf
                0x00000000100040fc       0x2c CMakeFiles/IOT_Car_Base.dir/home/sarmad-alvi/Documents/pico/pico-sdk/src/rp2_common/pico_printf/printf.c.obj
                0x00000000100040fc                __wrap_sprintf
 .text.weak_raw_printf
                0x0000000010004128       0x40 CMakeFiles/IOT_Car_Base.dir/home/sarmad-alvi/Documents/pico/pico-sdk/src/rp2_common/pico_printf/printf.c.obj
                0x0000000010004128                weak_raw_printf
 .text.weak_raw_vprintf
                0x0000000010004168       0x30 CMakeFiles/IOT_Car_Base.dir/home/sarmad-alvi/Documents/pico/pico-sdk/src/rp2_common/pico_printf/printf.c.obj
                0x0000000010004168                weak_raw_vprintf
 .text          0x0000000010004198       0x10 CMakeFiles/IOT_Car_Base.dir/home/sarmad-alvi/Documents/pico/pico-sdk/src/rp2_common/pico_bit_ops/bit_ops_aeabi.S.obj
 .text.rom_func_lookup
                0x00000000100041a8       0x10 CMakeFiles/IOT_Car_Base.dir/home/sarmad-alvi/Documents/pico/pico-sdk/src/rp2_common/pico_bootrom/bootrom.c.obj
                0x00000000100041a8                rom_func_lookup
 .text.rom_data_lookup
                0x00000000100041b8       0x10 CMakeFiles/IOT_Car_Base.dir/home/sarmad-alvi/Documents/pico/pico-sdk/src/rp2_common/pico_bootrom/bootrom.c.obj
                0x00000000100041b8                rom_data_lookup
 .text.rom_funcs_lookup
                0x00000000100041c8       0x44 CMakeFiles/IOT_Car_Base.dir/home/sarmad-alvi/Documents/pico/pico-sdk/src/rp2_common/pico_bootrom/bootrom.c.obj
                0x00000000100041c8                rom_funcs_lookup
 .text.__wrap___aeabi_idiv
                0x000000001000420c       0x50 CMakeFiles/IOT_Car_Base.dir/home/sarmad-alvi/Documents/pico/pico-sdk/src/rp2_common/pico_divider/divider.S.obj
                0x000000001000420c                __wrap___aeabi_idivmod
                0x000000001000420c                divmod_s32s32
                0x000000001000420c                div_s32s32
                0x000000001000420c                __wrap___aeabi_idiv
                0x0000000010004214                divmod_s32s32_unsafe
                0x0000000010004240                divmod_s32s32_savestate
 .text.__wrap___aeabi_uidiv
                0x000000001000425c       0x4c CMakeFiles/IOT_Car_Base.dir/home/sarmad-alvi/Documents/pico/pico-sdk/src/rp2_common/pico_divider/divider.S.obj
                0x000000001000425c                __wrap___aeabi_uidiv
                0x000000001000425c                __wrap___aeabi_uidivmod
                0x000000001000425c                div_u32u32
                0x000000001000425c                divmod_u32u32
                0x0000000010004264                divmod_u32u32_unsafe
                0x000000001000428c                divmod_u32u32_savestate
 .text.__wrap___aeabi_ldiv
                0x00000000100042a8      0x424 CMakeFiles/IOT_Car_Base.dir/home/sarmad-alvi/Documents/pico/pico-sdk/src/rp2_common/pico_divider/divider.S.obj
                0x00000000100042a8                div_s64s64
                0x00000000100042a8                divmod_s64s64
                0x00000000100042a8                __wrap___aeabi_ldivmod
                0x00000000100042d8                div_u64u64
                0x00000000100042d8                divmod_u64u64
                0x00000000100042d8                __wrap___aeabi_uldivmod
                0x00000000100042e8                divmod_u64u64_savestate
                0x0000000010004308                divmod_s64s64_unsafe
                0x0000000010004390                divmod_u64u64_unsafe
 .text.__wrap___aeabi_darithmetic
                0x00000000100046cc       0x80 CMakeFiles/IOT_Car_Base.dir/home/sarmad-alvi/Documents/pico/pico-sdk/src/rp2_common/pico_double/double_aeabi.S.obj
                0x00000000100046cc                __wrap___aeabi_drsub
                0x00000000100046d2                __wrap___aeabi_dsub
                0x00000000100046e4                __wrap___aeabi_dadd
                0x00000000100046f6                __wrap___aeabi_ddiv
                0x0000000010004732                __wrap___aeabi_dmul
 .text.__wrap___aeabi_cdcmple
                0x000000001000474c       0x6c CMakeFiles/IOT_Car_Base.dir/home/sarmad-alvi/Documents/pico/pico-sdk/src/rp2_common/pico_double/double_aeabi.S.obj
                0x000000001000474c                __wrap___aeabi_cdrcmple
                0x000000001000475c                __wrap___aeabi_cdcmple
                0x000000001000475c                __wrap___aeabi_cdcmpeq
 .text.__wrap___aeabi_dcmpeq
                0x00000000100047b8       0x10 CMakeFiles/IOT_Car_Base.dir/home/sarmad-alvi/Documents/pico/pico-sdk/src/rp2_common/pico_double/double_aeabi.S.obj
                0x00000000100047b8                __wrap___aeabi_dcmpeq
 .text.__wrap___aeabi_dcmplt
                0x00000000100047c8        0xc CMakeFiles/IOT_Car_Base.dir/home/sarmad-alvi/Documents/pico/pico-sdk/src/rp2_common/pico_double/double_aeabi.S.obj
                0x00000000100047c8                __wrap___aeabi_dcmplt
 .text.__wrap___aeabi_dcmple
                0x00000000100047d4       0x10 CMakeFiles/IOT_Car_Base.dir/home/sarmad-alvi/Documents/pico/pico-sdk/src/rp2_common/pico_double/double_aeabi.S.obj
                0x00000000100047d4                __wrap___aeabi_dcmple
 .text.__wrap___aeabi_dcmpge
                0x00000000100047e4       0x10 CMakeFiles/IOT_Car_Base.dir/home/sarmad-alvi/Documents/pico/pico-sdk/src/rp2_common/pico_double/double_aeabi.S.obj
                0x00000000100047e4                __wrap___aeabi_dcmpge
 .text.__wrap___aeabi_dcmpgt
                0x00000000100047f4        0xa CMakeFiles/IOT_Car_Base.dir/home/sarmad-alvi/Documents/pico/pico-sdk/src/rp2_common/pico_double/double_aeabi.S.obj
                0x00000000100047f4                __wrap___aeabi_dcmpgt
 .text.__wrap___aeabi_dcmpun
                0x00000000100047fe       0x1c CMakeFiles/IOT_Car_Base.dir/home/sarmad-alvi/Documents/pico/pico-sdk/src/rp2_common/pico_double/double_aeabi.S.obj
                0x00000000100047fe                __wrap___aeabi_dcmpun
 *fill*         0x000000001000481a        0x2 
 .text.__wrap___aeabi_i2d
                0x000000001000481c       0x38 CMakeFiles/IOT_Car_Base.dir/home/sarmad-alvi/Documents/pico/pico-sdk/src/rp2_common/pico_double/double_aeabi.S.obj
                0x000000001000481c                __wrap___aeabi_ui2d
                0x0000000010004824                __wrap___aeabi_i2d
 .text.__wrap___aeabi_d2iz
                0x0000000010004854       0x48 CMakeFiles/IOT_Car_Base.dir/home/sarmad-alvi/Documents/pico/pico-sdk/src/rp2_common/pico_double/double_aeabi.S.obj
                0x0000000010004854                __wrap___aeabi_d2iz
                0x0000000010004854                double2int_z
 .text.__wrap___aeabi_d2uiz
                0x000000001000489c       0x18 CMakeFiles/IOT_Car_Base.dir/home/sarmad-alvi/Documents/pico/pico-sdk/src/rp2_common/pico_double/double_aeabi.S.obj
                0x000000001000489c                double2uint
                0x000000001000489c                __wrap___aeabi_d2uiz
 .text.__wrap___aeabi_l2d
                0x00000000100048b4       0x18 CMakeFiles/IOT_Car_Base.dir/home/sarmad-alvi/Documents/pico/pico-sdk/src/rp2_common/pico_double/double_aeabi.S.obj
                0x00000000100048b4                __wrap___aeabi_l2d
 .text.__wrap___aeabi_d2lz
                0x00000000100048cc       0x26 CMakeFiles/IOT_Car_Base.dir/home/sarmad-alvi/Documents/pico/pico-sdk/src/rp2_common/pico_double/double_aeabi.S.obj
                0x00000000100048cc                __wrap___aeabi_d2lz
                0x00000000100048cc                double2int64_z
 *fill*         0x00000000100048f2        0x2 
 .text.double2int64
                0x00000000100048f4       0x18 CMakeFiles/IOT_Car_Base.dir/home/sarmad-alvi/Documents/pico/pico-sdk/src/rp2_common/pico_double/double_aeabi.S.obj
                0x00000000100048f4                double2int64
 .text.double2ufix64
                0x000000001000490c       0x18 CMakeFiles/IOT_Car_Base.dir/home/sarmad-alvi/Documents/pico/pico-sdk/src/rp2_common/pico_double/double_aeabi.S.obj
                0x000000001000490c                double2ufix64
 .text.__wrap___aeabi_d2f
                0x0000000010004924       0x18 CMakeFiles/IOT_Car_Base.dir/home/sarmad-alvi/Documents/pico/pico-sdk/src/rp2_common/pico_double/double_aeabi.S.obj
                0x0000000010004924                __wrap___aeabi_d2f
 .text.__aeabi_double_init
                0x000000001000493c       0x98 CMakeFiles/IOT_Car_Base.dir/home/sarmad-alvi/Documents/pico/pico-sdk/src/rp2_common/pico_double/double_init_rom.c.obj
                0x000000001000493c                __aeabi_double_init
 .text.double_table_shim_on_use_helper
                0x00000000100049d4       0x2c CMakeFiles/IOT_Car_Base.dir/home/sarmad-alvi/Documents/pico/pico-sdk/src/rp2_common/pico_double/double_v1_rom_shim.S.obj
                0x00000000100049d4                double_table_shim_on_use_helper
 .text.__wrap___aeabi_dsub
                0x0000000010004a00       0x10 CMakeFiles/IOT_Car_Base.dir/home/sarmad-alvi/Documents/pico/pico-sdk/src/rp2_common/pico_double/double_v1_rom_shim.S.obj
                0x0000000010004a00                drsub_shim
                0x0000000010004a06                dsub_shim
 .text.dadd_shim
                0x0000000010004a10      0x15c CMakeFiles/IOT_Car_Base.dir/home/sarmad-alvi/Documents/pico/pico-sdk/src/rp2_common/pico_double/double_v1_rom_shim.S.obj
                0x0000000010004a10                dadd_shim
 .text.dmul_shim
                0x0000000010004b6c      0x15c CMakeFiles/IOT_Car_Base.dir/home/sarmad-alvi/Documents/pico/pico-sdk/src/rp2_common/pico_double/double_v1_rom_shim.S.obj
                0x0000000010004b6c                dmul_shim
 .text.ddiv_shim
                0x0000000010004cc8      0x1b0 CMakeFiles/IOT_Car_Base.dir/home/sarmad-alvi/Documents/pico/pico-sdk/src/rp2_common/pico_double/double_v1_rom_shim.S.obj
                0x0000000010004cc8                ddiv_shim
 .text.double2uint_shim
                0x0000000010004e78        0xe CMakeFiles/IOT_Car_Base.dir/home/sarmad-alvi/Documents/pico/pico-sdk/src/rp2_common/pico_double/double_v1_rom_shim.S.obj
                0x0000000010004e78                double2uint_shim
                0x0000000010004e7a                double2ufix_shim
 .text.double2int64_shim
                0x0000000010004e86       0x1a CMakeFiles/IOT_Car_Base.dir/home/sarmad-alvi/Documents/pico/pico-sdk/src/rp2_common/pico_double/double_v1_rom_shim.S.obj
                0x0000000010004e86                double2int64_shim
                0x0000000010004e88                double2fix64_shim
 .text.double2uint64_shim
                0x0000000010004ea0       0x70 CMakeFiles/IOT_Car_Base.dir/home/sarmad-alvi/Documents/pico/pico-sdk/src/rp2_common/pico_double/double_v1_rom_shim.S.obj
                0x0000000010004ea0                double2uint64_shim
                0x0000000010004ea2                double2ufix64_shim
                0x0000000010004ec2                d2fix_a
 .text.double2float_shim
                0x0000000010004f10       0x5c CMakeFiles/IOT_Car_Base.dir/home/sarmad-alvi/Documents/pico/pico-sdk/src/rp2_common/pico_double/double_v1_rom_shim.S.obj
                0x0000000010004f10                double2float_shim
 .text.x2double_shims
                0x0000000010004f6c       0x90 CMakeFiles/IOT_Car_Base.dir/home/sarmad-alvi/Documents/pico/pico-sdk/src/rp2_common/pico_double/double_v1_rom_shim.S.obj
                0x0000000010004f6c                uint2double_shim
                0x0000000010004f6e                ufix2double_shim
                0x0000000010004f74                int2double_shim
                0x0000000010004f76                fix2double_shim
                0x0000000010004f7c                uint642double_shim
                0x0000000010004f7e                ufix642double_shim
                0x0000000010004f84                int642double_shim
                0x0000000010004f86                fix642double_shim
 .text.dunpacks
                0x0000000010004ffc       0x3c CMakeFiles/IOT_Car_Base.dir/home/sarmad-alvi/Documents/pico/pico-sdk/src/rp2_common/pico_double/double_v1_rom_shim.S.obj
                0x0000000010004ffc                dunpacks
 .text.__aeabi_lmul
                0x0000000010005038       0x32 CMakeFiles/IOT_Car_Base.dir/home/sarmad-alvi/Documents/pico/pico-sdk/src/rp2_common/pico_int64_ops/pico_int64_ops_aeabi.S.obj
                0x0000000010005038                __wrap___aeabi_lmul
 *fill*         0x000000001000506a        0x2 
 .text.__wrap___aeabi_cfcmple
                0x000000001000506c       0x50 CMakeFiles/IOT_Car_Base.dir/home/sarmad-alvi/Documents/pico/pico-sdk/src/rp2_common/pico_float/float_aeabi.S.obj
                0x000000001000506c                __wrap___aeabi_cfrcmple
                0x0000000010005078                __wrap___aeabi_cfcmpeq
                0x0000000010005078                __wrap___aeabi_cfcmple
 .text.__wrap___aeabi_fcmple
                0x00000000100050bc       0x10 CMakeFiles/IOT_Car_Base.dir/home/sarmad-alvi/Documents/pico/pico-sdk/src/rp2_common/pico_float/float_aeabi.S.obj
                0x00000000100050bc                __wrap___aeabi_fcmple
 .text.__wrap___aeabi_fcmpun
                0x00000000100050cc       0x18 CMakeFiles/IOT_Car_Base.dir/home/sarmad-alvi/Documents/pico/pico-sdk/src/rp2_common/pico_float/float_aeabi.S.obj
                0x00000000100050cc                __wrap___aeabi_fcmpun
 .text.__wrap___aeabi_f2d
                0x00000000100050e4       0x14 CMakeFiles/IOT_Car_Base.dir/home/sarmad-alvi/Documents/pico/pico-sdk/src/rp2_common/pico_float/float_aeabi.S.obj
                0x00000000100050e4                __wrap___aeabi_f2d
 .text.__aeabi_float_init
                0x00000000100050f8       0x64 CMakeFiles/IOT_Car_Base.dir/home/sarmad-alvi/Documents/pico/pico-sdk/src/rp2_common/pico_float/float_init_rom.c.obj
                0x00000000100050f8                __aeabi_float_init
 .text.float_table_shim_on_use_helper
                0x000000001000515c       0x2c CMakeFiles/IOT_Car_Base.dir/home/sarmad-alvi/Documents/pico/pico-sdk/src/rp2_common/pico_float/float_v1_rom_shim.S.obj
                0x000000001000515c                float_table_shim_on_use_helper
 .text.float2double_shim
                0x0000000010005188       0x30 CMakeFiles/IOT_Car_Base.dir/home/sarmad-alvi/Documents/pico/pico-sdk/src/rp2_common/pico_float/float_v1_rom_shim.S.obj
                0x0000000010005188                float2double_shim
 .text          0x00000000100051b8       0x10 CMakeFiles/IOT_Car_Base.dir/home/sarmad-alvi/Documents/pico/pico-sdk/src/rp2_common/pico_mem_ops/mem_ops_aeabi.S.obj
                0x00000000100051b8                __aeabi_mem_init
 .text.memset   0x00000000100051c8        0xc CMakeFiles/IOT_Car_Base.dir/home/sarmad-alvi/Documents/pico/pico-sdk/src/rp2_common/pico_mem_ops/mem_ops_aeabi.S.obj
                0x00000000100051c8                __wrap_memset
 .text.memcpy   0x00000000100051d4        0xc CMakeFiles/IOT_Car_Base.dir/home/sarmad-alvi/Documents/pico/pico-sdk/src/rp2_common/pico_mem_ops/mem_ops_aeabi.S.obj
                0x00000000100051d4                __wrap___aeabi_memcpy
                0x00000000100051d4                __wrap_memcpy
 .text.stdio_out_chars_crlf
                0x00000000100051e0       0xbc CMakeFiles/IOT_Car_Base.dir/home/sarmad-alvi/Documents/pico/pico-sdk/src/rp2_common/pico_stdio/stdio.c.obj
 .text.__wrap_putchar
                0x000000001000529c       0x98 CMakeFiles/IOT_Car_Base.dir/home/sarmad-alvi/Documents/pico/pico-sdk/src/rp2_common/pico_stdio/stdio.c.obj
                0x000000001000529c                __wrap_putchar
 .text.__wrap_puts
                0x0000000010005334       0xe0 CMakeFiles/IOT_Car_Base.dir/home/sarmad-alvi/Documents/pico/pico-sdk/src/rp2_common/pico_stdio/stdio.c.obj
                0x0000000010005334                __wrap_puts
 .text._read    0x0000000010005414       0x94 CMakeFiles/IOT_Car_Base.dir/home/sarmad-alvi/Documents/pico/pico-sdk/src/rp2_common/pico_stdio/stdio.c.obj
                0x0000000010005414                _read
 .text._write   0x00000000100054a8       0xb4 CMakeFiles/IOT_Car_Base.dir/home/sarmad-alvi/Documents/pico/pico-sdk/src/rp2_common/pico_stdio/stdio.c.obj
                0x00000000100054a8                _write
 .text._close   0x000000001000555c        0x8 CMakeFiles/IOT_Car_Base.dir/home/sarmad-alvi/Documents/pico/pico-sdk/src/rp2_common/pico_stdio/stdio.c.obj
                0x000000001000555c                _close
 .text._lseek   0x0000000010005564        0x8 CMakeFiles/IOT_Car_Base.dir/home/sarmad-alvi/Documents/pico/pico-sdk/src/rp2_common/pico_stdio/stdio.c.obj
                0x0000000010005564                _lseek
 .text.stdio_set_driver_enabled
                0x000000001000556c       0x30 CMakeFiles/IOT_Car_Base.dir/home/sarmad-alvi/Documents/pico/pico-sdk/src/rp2_common/pico_stdio/stdio.c.obj
                0x000000001000556c                stdio_set_driver_enabled
 .text.stdio_init_all
                0x000000001000559c        0x8 CMakeFiles/IOT_Car_Base.dir/home/sarmad-alvi/Documents/pico/pico-sdk/src/rp2_common/pico_stdio/stdio.c.obj
                0x000000001000559c                stdio_init_all
 .text.resetd_init
                0x00000000100055a4        0x4 CMakeFiles/IOT_Car_Base.dir/home/sarmad-alvi/Documents/pico/pico-sdk/src/rp2_common/pico_stdio_usb/reset_interface.c.obj
 .text.resetd_reset
                0x00000000100055a8        0xc CMakeFiles/IOT_Car_Base.dir/home/sarmad-alvi/Documents/pico/pico-sdk/src/rp2_common/pico_stdio_usb/reset_interface.c.obj
 .text.resetd_open
                0x00000000100055b4       0x28 CMakeFiles/IOT_Car_Base.dir/home/sarmad-alvi/Documents/pico/pico-sdk/src/rp2_common/pico_stdio_usb/reset_interface.c.obj
 .text.resetd_xfer_cb
                0x00000000100055dc        0x4 CMakeFiles/IOT_Car_Base.dir/home/sarmad-alvi/Documents/pico/pico-sdk/src/rp2_common/pico_stdio_usb/reset_interface.c.obj
 .text.resetd_control_xfer_cb
                0x00000000100055e0       0x60 CMakeFiles/IOT_Car_Base.dir/home/sarmad-alvi/Documents/pico/pico-sdk/src/rp2_common/pico_stdio_usb/reset_interface.c.obj
 .text.usbd_app_driver_get_cb
                0x0000000010005640        0xc CMakeFiles/IOT_Car_Base.dir/home/sarmad-alvi/Documents/pico/pico-sdk/src/rp2_common/pico_stdio_usb/reset_interface.c.obj
                0x0000000010005640                usbd_app_driver_get_cb
 .text.tud_cdc_line_coding_cb
                0x000000001000564c       0x34 CMakeFiles/IOT_Car_Base.dir/home/sarmad-alvi/Documents/pico/pico-sdk/src/rp2_common/pico_stdio_usb/reset_interface.c.obj
                0x000000001000564c                tud_cdc_line_coding_cb
 .text.stdio_usb_set_chars_available_callback
                0x0000000010005680       0x14 CMakeFiles/IOT_Car_Base.dir/home/sarmad-alvi/Documents/pico/pico-sdk/src/rp2_common/pico_stdio_usb/stdio_usb.c.obj
                0x0000000010005680                stdio_usb_set_chars_available_callback
 .text.usb_irq  0x0000000010005694       0x10 CMakeFiles/IOT_Car_Base.dir/home/sarmad-alvi/Documents/pico/pico-sdk/src/rp2_common/pico_stdio_usb/stdio_usb.c.obj
 .text.timer_task
                0x00000000100056a4       0x54 CMakeFiles/IOT_Car_Base.dir/home/sarmad-alvi/Documents/pico/pico-sdk/src/rp2_common/pico_stdio_usb/stdio_usb.c.obj
 .text.stdio_usb_in_chars
                0x00000000100056f8       0x90 CMakeFiles/IOT_Car_Base.dir/home/sarmad-alvi/Documents/pico/pico-sdk/src/rp2_common/pico_stdio_usb/stdio_usb.c.obj
                0x00000000100056f8                stdio_usb_in_chars
 .text.stdio_usb_out_chars
                0x0000000010005788      0x104 CMakeFiles/IOT_Car_Base.dir/home/sarmad-alvi/Documents/pico/pico-sdk/src/rp2_common/pico_stdio_usb/stdio_usb.c.obj
 .text.low_priority_worker_irq
                0x000000001000588c       0xa8 CMakeFiles/IOT_Car_Base.dir/home/sarmad-alvi/Documents/pico/pico-sdk/src/rp2_common/pico_stdio_usb/stdio_usb.c.obj
 .text.tud_cdc_rx_cb
                0x0000000010005934       0x20 CMakeFiles/IOT_Car_Base.dir/home/sarmad-alvi/Documents/pico/pico-sdk/src/rp2_common/pico_stdio_usb/stdio_usb.c.obj
                0x0000000010005934                tud_cdc_rx_cb
 .text.stdio_usb_init
                0x0000000010005954       0xe0 CMakeFiles/IOT_Car_Base.dir/home/sarmad-alvi/Documents/pico/pico-sdk/src/rp2_common/pico_stdio_usb/stdio_usb.c.obj
                0x0000000010005954                stdio_usb_init
 .text.tud_descriptor_device_cb
                0x0000000010005a34        0x8 CMakeFiles/IOT_Car_Base.dir/home/sarmad-alvi/Documents/pico/pico-sdk/src/rp2_common/pico_stdio_usb/stdio_usb_descriptors.c.obj
                0x0000000010005a34                tud_descriptor_device_cb
 .text.tud_descriptor_configuration_cb
                0x0000000010005a3c        0x8 CMakeFiles/IOT_Car_Base.dir/home/sarmad-alvi/Documents/pico/pico-sdk/src/rp2_common/pico_stdio_usb/stdio_usb_descriptors.c.obj
                0x0000000010005a3c                tud_descriptor_configuration_cb
 .text.tud_descriptor_string_cb
                0x0000000010005a44       0x78 CMakeFiles/IOT_Car_Base.dir/home/sarmad-alvi/Documents/pico/pico-sdk/src/rp2_common/pico_stdio_usb/stdio_usb_descriptors.c.obj
                0x0000000010005a44                tud_descriptor_string_cb
 .text.startup._retrieve_unique_id_on_boot
                0x0000000010005abc       0x10 CMakeFiles/IOT_Car_Base.dir/home/sarmad-alvi/Documents/pico/pico-sdk/src/rp2_common/pico_unique_id/unique_id.c.obj
 .text.pico_get_unique_board_id_string
                0x0000000010005acc      0x1a8 CMakeFiles/IOT_Car_Base.dir/home/sarmad-alvi/Documents/pico/pico-sdk/src/rp2_common/pico_unique_id/unique_id.c.obj
                0x0000000010005acc                pico_get_unique_board_id_string
 .text.flash_get_unique_id
                0x0000000010005c74       0x40 CMakeFiles/IOT_Car_Base.dir/home/sarmad-alvi/Documents/pico/pico-sdk/src/rp2_common/hardware_flash/flash.c.obj
                0x0000000010005c74                flash_get_unique_id
 .text.dcd_int_enable
                0x0000000010005cb4        0xc CMakeFiles/IOT_Car_Base.dir/home/sarmad-alvi/Documents/pico/pico-sdk/lib/tinyusb/src/portable/raspberrypi/rp2040/dcd_rp2040.c.obj
                0x0000000010005cb4                dcd_int_enable
 .text.dcd_set_address
                0x0000000010005cc0       0x14 CMakeFiles/IOT_Car_Base.dir/home/sarmad-alvi/Documents/pico/pico-sdk/lib/tinyusb/src/portable/raspberrypi/rp2040/dcd_rp2040.c.obj
                0x0000000010005cc0                dcd_set_address
 .text.dcd_connect
                0x0000000010005cd4       0x10 CMakeFiles/IOT_Car_Base.dir/home/sarmad-alvi/Documents/pico/pico-sdk/lib/tinyusb/src/portable/raspberrypi/rp2040/dcd_rp2040.c.obj
                0x0000000010005cd4                dcd_connect
 .text.dcd_init
                0x0000000010005ce4       0x98 CMakeFiles/IOT_Car_Base.dir/home/sarmad-alvi/Documents/pico/pico-sdk/lib/tinyusb/src/portable/raspberrypi/rp2040/dcd_rp2040.c.obj
                0x0000000010005ce4                dcd_init
 .text.dcd_edpt0_status_complete
                0x0000000010005d7c       0x1c CMakeFiles/IOT_Car_Base.dir/home/sarmad-alvi/Documents/pico/pico-sdk/lib/tinyusb/src/portable/raspberrypi/rp2040/dcd_rp2040.c.obj
                0x0000000010005d7c                dcd_edpt0_status_complete
 .text.dcd_edpt_open
                0x0000000010005d98      0x108 CMakeFiles/IOT_Car_Base.dir/home/sarmad-alvi/Documents/pico/pico-sdk/lib/tinyusb/src/portable/raspberrypi/rp2040/dcd_rp2040.c.obj
                0x0000000010005d98                dcd_edpt_open
 .text.dcd_edpt_close_all
                0x0000000010005ea0        0x8 CMakeFiles/IOT_Car_Base.dir/home/sarmad-alvi/Documents/pico/pico-sdk/lib/tinyusb/src/portable/raspberrypi/rp2040/dcd_rp2040.c.obj
                0x0000000010005ea0                dcd_edpt_close_all
 .text.dcd_edpt_xfer
                0x0000000010005ea8       0x24 CMakeFiles/IOT_Car_Base.dir/home/sarmad-alvi/Documents/pico/pico-sdk/lib/tinyusb/src/portable/raspberrypi/rp2040/dcd_rp2040.c.obj
                0x0000000010005ea8                dcd_edpt_xfer
 .text.dcd_edpt_stall
                0x0000000010005ecc       0x38 CMakeFiles/IOT_Car_Base.dir/home/sarmad-alvi/Documents/pico/pico-sdk/lib/tinyusb/src/portable/raspberrypi/rp2040/dcd_rp2040.c.obj
                0x0000000010005ecc                dcd_edpt_stall
 .text.dcd_edpt_clear_stall
                0x0000000010005f04       0x30 CMakeFiles/IOT_Car_Base.dir/home/sarmad-alvi/Documents/pico/pico-sdk/lib/tinyusb/src/portable/raspberrypi/rp2040/dcd_rp2040.c.obj
                0x0000000010005f04                dcd_edpt_clear_stall
 .text.rp2040_usb_init
                0x0000000010005f34       0x4c CMakeFiles/IOT_Car_Base.dir/home/sarmad-alvi/Documents/pico/pico-sdk/lib/tinyusb/src/portable/raspberrypi/rp2040/rp2040_usb.c.obj
                0x0000000010005f34                rp2040_usb_init
 .text.hw_endpoint_xfer_start
                0x0000000010005f80       0x40 CMakeFiles/IOT_Car_Base.dir/home/sarmad-alvi/Documents/pico/pico-sdk/lib/tinyusb/src/portable/raspberrypi/rp2040/rp2040_usb.c.obj
                0x0000000010005f80                hw_endpoint_xfer_start
 .text.tud_mounted
                0x0000000010005fc0       0x10 CMakeFiles/IOT_Car_Base.dir/home/sarmad-alvi/Documents/pico/pico-sdk/lib/tinyusb/src/device/usbd.c.obj
                0x0000000010005fc0                tud_mounted
 .text.tud_suspended
                0x0000000010005fd0       0x10 CMakeFiles/IOT_Car_Base.dir/home/sarmad-alvi/Documents/pico/pico-sdk/lib/tinyusb/src/device/usbd.c.obj
                0x0000000010005fd0                tud_suspended
 .text.tud_inited
                0x0000000010005fe0       0x14 CMakeFiles/IOT_Car_Base.dir/home/sarmad-alvi/Documents/pico/pico-sdk/lib/tinyusb/src/device/usbd.c.obj
                0x0000000010005fe0                tud_inited
 .text.tud_init
                0x0000000010005ff4       0xd8 CMakeFiles/IOT_Car_Base.dir/home/sarmad-alvi/Documents/pico/pico-sdk/lib/tinyusb/src/device/usbd.c.obj
                0x0000000010005ff4                tud_init
 .text.tud_task_ext
                0x00000000100060cc      0x8a8 CMakeFiles/IOT_Car_Base.dir/home/sarmad-alvi/Documents/pico/pico-sdk/lib/tinyusb/src/device/usbd.c.obj
                0x00000000100060cc                tud_task_ext
 .text.usbd_open_edpt_pair
                0x0000000010006974       0x9c CMakeFiles/IOT_Car_Base.dir/home/sarmad-alvi/Documents/pico/pico-sdk/lib/tinyusb/src/device/usbd.c.obj
                0x0000000010006974                usbd_open_edpt_pair
 .text.usbd_defer_func
                0x0000000010006a10       0x48 CMakeFiles/IOT_Car_Base.dir/home/sarmad-alvi/Documents/pico/pico-sdk/lib/tinyusb/src/device/usbd.c.obj
                0x0000000010006a10                usbd_defer_func
 .text.usbd_edpt_open
                0x0000000010006a58       0x34 CMakeFiles/IOT_Car_Base.dir/home/sarmad-alvi/Documents/pico/pico-sdk/lib/tinyusb/src/device/usbd.c.obj
                0x0000000010006a58                usbd_edpt_open
 .text.usbd_edpt_claim
                0x0000000010006a8c       0x28 CMakeFiles/IOT_Car_Base.dir/home/sarmad-alvi/Documents/pico/pico-sdk/lib/tinyusb/src/device/usbd.c.obj
                0x0000000010006a8c                usbd_edpt_claim
 .text.usbd_edpt_release
                0x0000000010006ab4       0x28 CMakeFiles/IOT_Car_Base.dir/home/sarmad-alvi/Documents/pico/pico-sdk/lib/tinyusb/src/device/usbd.c.obj
                0x0000000010006ab4                usbd_edpt_release
 .text.usbd_edpt_xfer
                0x0000000010006adc       0x4c CMakeFiles/IOT_Car_Base.dir/home/sarmad-alvi/Documents/pico/pico-sdk/lib/tinyusb/src/device/usbd.c.obj
                0x0000000010006adc                usbd_edpt_xfer
 .text.tud_control_status
                0x0000000010006b28       0x2c CMakeFiles/IOT_Car_Base.dir/home/sarmad-alvi/Documents/pico/pico-sdk/lib/tinyusb/src/device/usbd_control.c.obj
                0x0000000010006b28                tud_control_status
 .text.tud_control_xfer
                0x0000000010006b54       0xac CMakeFiles/IOT_Car_Base.dir/home/sarmad-alvi/Documents/pico/pico-sdk/lib/tinyusb/src/device/usbd_control.c.obj
                0x0000000010006b54                tud_control_xfer
 .text.usbd_control_reset
                0x0000000010006c00       0x14 CMakeFiles/IOT_Car_Base.dir/home/sarmad-alvi/Documents/pico/pico-sdk/lib/tinyusb/src/device/usbd_control.c.obj
                0x0000000010006c00                usbd_control_reset
 .text.usbd_control_set_complete_callback
                0x0000000010006c14        0xc CMakeFiles/IOT_Car_Base.dir/home/sarmad-alvi/Documents/pico/pico-sdk/lib/tinyusb/src/device/usbd_control.c.obj
                0x0000000010006c14                usbd_control_set_complete_callback
 .text.usbd_control_set_request
                0x0000000010006c20       0x1c CMakeFiles/IOT_Car_Base.dir/home/sarmad-alvi/Documents/pico/pico-sdk/lib/tinyusb/src/device/usbd_control.c.obj
                0x0000000010006c20                usbd_control_set_request
 .text.usbd_control_xfer_cb
                0x0000000010006c3c       0xf4 CMakeFiles/IOT_Car_Base.dir/home/sarmad-alvi/Documents/pico/pico-sdk/lib/tinyusb/src/device/usbd_control.c.obj
                0x0000000010006c3c                usbd_control_xfer_cb
 .text.tud_cdc_n_connected
                0x0000000010006d30       0x30 CMakeFiles/IOT_Car_Base.dir/home/sarmad-alvi/Documents/pico/pico-sdk/lib/tinyusb/src/class/cdc/cdc_device.c.obj
                0x0000000010006d30                tud_cdc_n_connected
 .text.tud_cdc_n_available
                0x0000000010006d60       0x18 CMakeFiles/IOT_Car_Base.dir/home/sarmad-alvi/Documents/pico/pico-sdk/lib/tinyusb/src/class/cdc/cdc_device.c.obj
                0x0000000010006d60                tud_cdc_n_available
 .text.tud_cdc_n_read
                0x0000000010006d78       0x70 CMakeFiles/IOT_Car_Base.dir/home/sarmad-alvi/Documents/pico/pico-sdk/lib/tinyusb/src/class/cdc/cdc_device.c.obj
                0x0000000010006d78                tud_cdc_n_read
 .text.tud_cdc_n_write_flush
                0x0000000010006de8       0x78 CMakeFiles/IOT_Car_Base.dir/home/sarmad-alvi/Documents/pico/pico-sdk/lib/tinyusb/src/class/cdc/cdc_device.c.obj
                0x0000000010006de8                tud_cdc_n_write_flush
 .text.tud_cdc_n_write
                0x0000000010006e60       0x34 CMakeFiles/IOT_Car_Base.dir/home/sarmad-alvi/Documents/pico/pico-sdk/lib/tinyusb/src/class/cdc/cdc_device.c.obj
                0x0000000010006e60                tud_cdc_n_write
 .text.tud_cdc_n_write_available
                0x0000000010006e94       0x18 CMakeFiles/IOT_Car_Base.dir/home/sarmad-alvi/Documents/pico/pico-sdk/lib/tinyusb/src/class/cdc/cdc_device.c.obj
                0x0000000010006e94                tud_cdc_n_write_available
 .text.cdcd_init
                0x0000000010006eac       0x7c CMakeFiles/IOT_Car_Base.dir/home/sarmad-alvi/Documents/pico/pico-sdk/lib/tinyusb/src/class/cdc/cdc_device.c.obj
                0x0000000010006eac                cdcd_init
 .text.cdcd_reset
                0x0000000010006f28       0x2c CMakeFiles/IOT_Car_Base.dir/home/sarmad-alvi/Documents/pico/pico-sdk/lib/tinyusb/src/class/cdc/cdc_device.c.obj
                0x0000000010006f28                cdcd_reset
 .text.cdcd_open
                0x0000000010006f54       0xe4 CMakeFiles/IOT_Car_Base.dir/home/sarmad-alvi/Documents/pico/pico-sdk/lib/tinyusb/src/class/cdc/cdc_device.c.obj
                0x0000000010006f54                cdcd_open
 .text.cdcd_control_xfer_cb
                0x0000000010007038       0xe4 CMakeFiles/IOT_Car_Base.dir/home/sarmad-alvi/Documents/pico/pico-sdk/lib/tinyusb/src/class/cdc/cdc_device.c.obj
                0x0000000010007038                cdcd_control_xfer_cb
 .text.cdcd_xfer_cb
                0x000000001000711c      0x13c CMakeFiles/IOT_Car_Base.dir/home/sarmad-alvi/Documents/pico/pico-sdk/lib/tinyusb/src/class/cdc/cdc_device.c.obj
                0x000000001000711c                cdcd_xfer_cb
 .text.tusb_init
                0x0000000010007258        0xc CMakeFiles/IOT_Car_Base.dir/home/sarmad-alvi/Documents/pico/pico-sdk/lib/tinyusb/src/tusb.c.obj
                0x0000000010007258                tusb_init
 .text.tusb_inited
                0x0000000010007264        0x8 CMakeFiles/IOT_Car_Base.dir/home/sarmad-alvi/Documents/pico/pico-sdk/lib/tinyusb/src/tusb.c.obj
                0x0000000010007264                tusb_inited
 .text.tu_edpt_claim
                0x000000001000726c       0x50 CMakeFiles/IOT_Car_Base.dir/home/sarmad-alvi/Documents/pico/pico-sdk/lib/tinyusb/src/tusb.c.obj
                0x000000001000726c                tu_edpt_claim
 .text.tu_edpt_release
                0x00000000100072bc       0x38 CMakeFiles/IOT_Car_Base.dir/home/sarmad-alvi/Documents/pico/pico-sdk/lib/tinyusb/src/tusb.c.obj
                0x00000000100072bc                tu_edpt_release
 .text.tu_edpt_validate
                0x00000000100072f4       0x7c CMakeFiles/IOT_Car_Base.dir/home/sarmad-alvi/Documents/pico/pico-sdk/lib/tinyusb/src/tusb.c.obj
                0x00000000100072f4                tu_edpt_validate
 .text.tu_edpt_bind_driver
                0x0000000010007370       0x34 CMakeFiles/IOT_Car_Base.dir/home/sarmad-alvi/Documents/pico/pico-sdk/lib/tinyusb/src/tusb.c.obj
                0x0000000010007370                tu_edpt_bind_driver
 .text.tu_fifo_config
                0x00000000100073a4       0x6c CMakeFiles/IOT_Car_Base.dir/home/sarmad-alvi/Documents/pico/pico-sdk/lib/tinyusb/src/common/tusb_fifo.c.obj
                0x00000000100073a4                tu_fifo_config
 .text.tu_fifo_count
                0x0000000010007410       0x2c CMakeFiles/IOT_Car_Base.dir/home/sarmad-alvi/Documents/pico/pico-sdk/lib/tinyusb/src/common/tusb_fifo.c.obj
                0x0000000010007410                tu_fifo_count
 .text.tu_fifo_empty
                0x000000001000743c       0x10 CMakeFiles/IOT_Car_Base.dir/home/sarmad-alvi/Documents/pico/pico-sdk/lib/tinyusb/src/common/tusb_fifo.c.obj
                0x000000001000743c                tu_fifo_empty
 .text.tu_fifo_remaining
                0x000000001000744c       0x2c CMakeFiles/IOT_Car_Base.dir/home/sarmad-alvi/Documents/pico/pico-sdk/lib/tinyusb/src/common/tusb_fifo.c.obj
                0x000000001000744c                tu_fifo_remaining
 .text.tu_fifo_read
                0x0000000010007478       0x9c CMakeFiles/IOT_Car_Base.dir/home/sarmad-alvi/Documents/pico/pico-sdk/lib/tinyusb/src/common/tusb_fifo.c.obj
                0x0000000010007478                tu_fifo_read
 .text.tu_fifo_read_n
                0x0000000010007514       0xe8 CMakeFiles/IOT_Car_Base.dir/home/sarmad-alvi/Documents/pico/pico-sdk/lib/tinyusb/src/common/tusb_fifo.c.obj
                0x0000000010007514                tu_fifo_read_n
 .text.tu_fifo_write
                0x00000000100075fc       0x88 CMakeFiles/IOT_Car_Base.dir/home/sarmad-alvi/Documents/pico/pico-sdk/lib/tinyusb/src/common/tusb_fifo.c.obj
                0x00000000100075fc                tu_fifo_write
 .text.tu_fifo_write_n
                0x0000000010007684      0x170 CMakeFiles/IOT_Car_Base.dir/home/sarmad-alvi/Documents/pico/pico-sdk/lib/tinyusb/src/common/tusb_fifo.c.obj
                0x0000000010007684                tu_fifo_write_n
 .text.tu_fifo_clear
                0x00000000100077f4       0x40 CMakeFiles/IOT_Car_Base.dir/home/sarmad-alvi/Documents/pico/pico-sdk/lib/tinyusb/src/common/tusb_fifo.c.obj
                0x00000000100077f4                tu_fifo_clear
 .text.tu_fifo_set_overwritable
                0x0000000010007834       0x48 CMakeFiles/IOT_Car_Base.dir/home/sarmad-alvi/Documents/pico/pico-sdk/lib/tinyusb/src/common/tusb_fifo.c.obj
                0x0000000010007834                tu_fifo_set_overwritable
 .text.i2c_set_baudrate
                0x000000001000787c       0xc4 CMakeFiles/IOT_Car_Base.dir/home/sarmad-alvi/Documents/pico/pico-sdk/src/rp2_common/hardware_i2c/i2c.c.obj
                0x000000001000787c                i2c_set_baudrate
 .text.i2c_init
                0x0000000010007940       0x54 CMakeFiles/IOT_Car_Base.dir/home/sarmad-alvi/Documents/pico/pico-sdk/src/rp2_common/hardware_i2c/i2c.c.obj
                0x0000000010007940                i2c_init
 .text.i2c_read_blocking
                0x0000000010007994       0x90 CMakeFiles/IOT_Car_Base.dir/home/sarmad-alvi/Documents/pico/pico-sdk/src/rp2_common/hardware_i2c/i2c.c.obj
                0x0000000010007994                i2c_read_blocking
 .text.pvPortMalloc
                0x0000000010007a24      0x12c CMakeFiles/IOT_Car_Base.dir/__/lib/FreeRTOS-Kernel/portable/MemMang/heap_4.c.obj
                0x0000000010007a24                pvPortMalloc
 .text.vPortFree
                0x0000000010007b50       0x8c CMakeFiles/IOT_Car_Base.dir/__/lib/FreeRTOS-Kernel/portable/MemMang/heap_4.c.obj
                0x0000000010007b50                vPortFree
 .text.vPortSVCHandler
                0x0000000010007bdc        0x4 CMakeFiles/IOT_Car_Base.dir/__/lib/FreeRTOS-Kernel/portable/ThirdParty/GCC/RP2040/port.c.obj
                0x0000000010007bdc                vPortSVCHandler
 .text.vPortStartFirstTask
                0x0000000010007be0       0x34 CMakeFiles/IOT_Car_Base.dir/__/lib/FreeRTOS-Kernel/portable/ThirdParty/GCC/RP2040/port.c.obj
 *fill*         0x0000000010007c14        0xc 
 .text.xPortPendSVHandler
                0x0000000010007c20       0x64 CMakeFiles/IOT_Car_Base.dir/__/lib/FreeRTOS-Kernel/portable/ThirdParty/GCC/RP2040/port.c.obj
                0x0000000010007c20                xPortPendSVHandler
 .text.prvFIFOInterruptHandler
                0x0000000010007c84       0x78 CMakeFiles/IOT_Car_Base.dir/__/lib/FreeRTOS-Kernel/portable/ThirdParty/GCC/RP2040/port.c.obj
 .text.prvTaskExitError
                0x0000000010007cfc        0x8 CMakeFiles/IOT_Car_Base.dir/__/lib/FreeRTOS-Kernel/portable/ThirdParty/GCC/RP2040/port.c.obj
 .text.pxPortInitialiseStack
                0x0000000010007d04       0x20 CMakeFiles/IOT_Car_Base.dir/__/lib/FreeRTOS-Kernel/portable/ThirdParty/GCC/RP2040/port.c.obj
                0x0000000010007d04                pxPortInitialiseStack
 .text.vPortYield
                0x0000000010007d24       0x18 CMakeFiles/IOT_Car_Base.dir/__/lib/FreeRTOS-Kernel/portable/ThirdParty/GCC/RP2040/port.c.obj
                0x0000000010007d24                vPortYield
 .text.vPortEnterCritical
                0x0000000010007d3c       0x18 CMakeFiles/IOT_Car_Base.dir/__/lib/FreeRTOS-Kernel/portable/ThirdParty/GCC/RP2040/port.c.obj
                0x0000000010007d3c                vPortEnterCritical
 .text.vPortExitCritical
                0x0000000010007d54       0x34 CMakeFiles/IOT_Car_Base.dir/__/lib/FreeRTOS-Kernel/portable/ThirdParty/GCC/RP2040/port.c.obj
                0x0000000010007d54                vPortExitCritical
 .text.ulSetInterruptMaskFromISR
                0x0000000010007d88        0x8 CMakeFiles/IOT_Car_Base.dir/__/lib/FreeRTOS-Kernel/portable/ThirdParty/GCC/RP2040/port.c.obj
                0x0000000010007d88                ulSetInterruptMaskFromISR
 .text.vClearInterruptMaskFromISR
                0x0000000010007d90        0x8 CMakeFiles/IOT_Car_Base.dir/__/lib/FreeRTOS-Kernel/portable/ThirdParty/GCC/RP2040/port.c.obj
                0x0000000010007d90                vClearInterruptMaskFromISR
 .text.xPortSysTickHandler
                0x0000000010007d98       0x24 CMakeFiles/IOT_Car_Base.dir/__/lib/FreeRTOS-Kernel/portable/ThirdParty/GCC/RP2040/port.c.obj
                0x0000000010007d98                xPortSysTickHandler
 .text.vPortSetupTimerInterrupt
                0x0000000010007dbc       0x34 CMakeFiles/IOT_Car_Base.dir/__/lib/FreeRTOS-Kernel/portable/ThirdParty/GCC/RP2040/port.c.obj
                0x0000000010007dbc                vPortSetupTimerInterrupt
 .text.xPortStartScheduler
                0x0000000010007df0       0xa0 CMakeFiles/IOT_Car_Base.dir/__/lib/FreeRTOS-Kernel/portable/ThirdParty/GCC/RP2040/port.c.obj
                0x0000000010007df0                xPortStartScheduler
 .text.ulPortLockGetCurrentOwnerId
                0x0000000010007e90       0x2c CMakeFiles/IOT_Car_Base.dir/__/lib/FreeRTOS-Kernel/portable/ThirdParty/GCC/RP2040/port.c.obj
                0x0000000010007e90                ulPortLockGetCurrentOwnerId
 .text.vPortLockInternalSpinUnlockWithNotify
                0x0000000010007ebc       0xc8 CMakeFiles/IOT_Car_Base.dir/__/lib/FreeRTOS-Kernel/portable/ThirdParty/GCC/RP2040/port.c.obj
                0x0000000010007ebc                vPortLockInternalSpinUnlockWithNotify
 .text.xPortLockInternalSpinUnlockWithBestEffortWaitOrTimeout
                0x0000000010007f84       0xfc CMakeFiles/IOT_Car_Base.dir/__/lib/FreeRTOS-Kernel/portable/ThirdParty/GCC/RP2040/port.c.obj
                0x0000000010007f84                xPortLockInternalSpinUnlockWithBestEffortWaitOrTimeout
 .text.startup.prvRuntimeInitializer
                0x0000000010008080       0x28 CMakeFiles/IOT_Car_Base.dir/__/lib/FreeRTOS-Kernel/portable/ThirdParty/GCC/RP2040/port.c.obj
 .text.vEventGroupSetBitsCallback
                0x00000000100080a8       0x8c CMakeFiles/IOT_Car_Base.dir/__/lib/FreeRTOS-Kernel/event_groups.c.obj
                0x00000000100080a8                vEventGroupSetBitsCallback
 .text.xEventGroupCreate
                0x0000000010008134       0x18 CMakeFiles/IOT_Car_Base.dir/__/lib/FreeRTOS-Kernel/event_groups.c.obj
                0x0000000010008134                xEventGroupCreate
 .text.xEventGroupWaitBits
                0x000000001000814c       0xb8 CMakeFiles/IOT_Car_Base.dir/__/lib/FreeRTOS-Kernel/event_groups.c.obj
                0x000000001000814c                xEventGroupWaitBits
 .text.xEventGroupSetBits
                0x0000000010008204       0x90 CMakeFiles/IOT_Car_Base.dir/__/lib/FreeRTOS-Kernel/event_groups.c.obj
                0x0000000010008204                xEventGroupSetBits
 .text.xEventGroupSetBitsFromISR
                0x0000000010008294       0x18 CMakeFiles/IOT_Car_Base.dir/__/lib/FreeRTOS-Kernel/event_groups.c.obj
                0x0000000010008294                xEventGroupSetBitsFromISR
 .text.vListInitialise
                0x00000000100082ac       0x18 CMakeFiles/IOT_Car_Base.dir/__/lib/FreeRTOS-Kernel/list.c.obj
                0x00000000100082ac                vListInitialise
 .text.vListInitialiseItem
                0x00000000100082c4        0x8 CMakeFiles/IOT_Car_Base.dir/__/lib/FreeRTOS-Kernel/list.c.obj
                0x00000000100082c4                vListInitialiseItem
 .text.vListInsert
                0x00000000100082cc       0x30 CMakeFiles/IOT_Car_Base.dir/__/lib/FreeRTOS-Kernel/list.c.obj
                0x00000000100082cc                vListInsert
 .text.uxListRemove
                0x00000000100082fc       0x24 CMakeFiles/IOT_Car_Base.dir/__/lib/FreeRTOS-Kernel/list.c.obj
                0x00000000100082fc                uxListRemove
 .text.prvUnlockQueue
                0x0000000010008320      0x17c CMakeFiles/IOT_Car_Base.dir/__/lib/FreeRTOS-Kernel/queue.c.obj
 .text.prvNotifyQueueSetContainer
                0x000000001000849c       0x90 CMakeFiles/IOT_Car_Base.dir/__/lib/FreeRTOS-Kernel/queue.c.obj
 .text.xQueueGenericCreate
                0x000000001000852c       0xa4 CMakeFiles/IOT_Car_Base.dir/__/lib/FreeRTOS-Kernel/queue.c.obj
                0x000000001000852c                xQueueGenericCreate
 .text.xQueueGenericSendFromISR
                0x00000000100085d0      0x130 CMakeFiles/IOT_Car_Base.dir/__/lib/FreeRTOS-Kernel/queue.c.obj
                0x00000000100085d0                xQueueGenericSendFromISR
 .text.xQueueReceive
                0x0000000010008700      0x124 CMakeFiles/IOT_Car_Base.dir/__/lib/FreeRTOS-Kernel/queue.c.obj
                0x0000000010008700                xQueueReceive
 .text.vQueueAddToRegistry
                0x0000000010008824      0x118 CMakeFiles/IOT_Car_Base.dir/__/lib/FreeRTOS-Kernel/queue.c.obj
                0x0000000010008824                vQueueAddToRegistry
 .text.vQueueWaitForMessageRestricted
                0x000000001000893c       0x48 CMakeFiles/IOT_Car_Base.dir/__/lib/FreeRTOS-Kernel/queue.c.obj
                0x000000001000893c                vQueueWaitForMessageRestricted
 .text.prvIdleTask
                0x0000000010008984       0x60 CMakeFiles/IOT_Car_Base.dir/__/lib/FreeRTOS-Kernel/tasks.c.obj
 .text.xTaskIncrementTick.part.0
                0x00000000100089e4      0x190 CMakeFiles/IOT_Car_Base.dir/__/lib/FreeRTOS-Kernel/tasks.c.obj
 .text.xTaskCreate
                0x0000000010008b74      0x24c CMakeFiles/IOT_Car_Base.dir/__/lib/FreeRTOS-Kernel/tasks.c.obj
                0x0000000010008b74                xTaskCreate
 .text.vTaskStartScheduler
                0x0000000010008dc0      0x1dc CMakeFiles/IOT_Car_Base.dir/__/lib/FreeRTOS-Kernel/tasks.c.obj
                0x0000000010008dc0                vTaskStartScheduler
 .text.vTaskSuspendAll
                0x0000000010008f9c       0x10 CMakeFiles/IOT_Car_Base.dir/__/lib/FreeRTOS-Kernel/tasks.c.obj
                0x0000000010008f9c                vTaskSuspendAll
 .text.xTaskResumeAll
                0x0000000010008fac      0x180 CMakeFiles/IOT_Car_Base.dir/__/lib/FreeRTOS-Kernel/tasks.c.obj
                0x0000000010008fac                xTaskResumeAll
 .text.vTaskDelay
                0x000000001000912c       0x78 CMakeFiles/IOT_Car_Base.dir/__/lib/FreeRTOS-Kernel/tasks.c.obj
                0x000000001000912c                vTaskDelay
 .text.xTaskGetTickCount
                0x00000000100091a4        0xc CMakeFiles/IOT_Car_Base.dir/__/lib/FreeRTOS-Kernel/tasks.c.obj
                0x00000000100091a4                xTaskGetTickCount
 .text.uxTaskGetNumberOfTasks
                0x00000000100091b0        0xc CMakeFiles/IOT_Car_Base.dir/__/lib/FreeRTOS-Kernel/tasks.c.obj
                0x00000000100091b0                uxTaskGetNumberOfTasks
 .text.xTaskIncrementTick
                0x00000000100091bc       0x24 CMakeFiles/IOT_Car_Base.dir/__/lib/FreeRTOS-Kernel/tasks.c.obj
                0x00000000100091bc                xTaskIncrementTick
 .text.vTaskSwitchContext
                0x00000000100091e0       0x6c CMakeFiles/IOT_Car_Base.dir/__/lib/FreeRTOS-Kernel/tasks.c.obj
                0x00000000100091e0                vTaskSwitchContext
 .text.vTaskPlaceOnEventList
                0x000000001000924c       0x94 CMakeFiles/IOT_Car_Base.dir/__/lib/FreeRTOS-Kernel/tasks.c.obj
                0x000000001000924c                vTaskPlaceOnEventList
 .text.vTaskPlaceOnUnorderedEventList
                0x00000000100092e0       0xb8 CMakeFiles/IOT_Car_Base.dir/__/lib/FreeRTOS-Kernel/tasks.c.obj
                0x00000000100092e0                vTaskPlaceOnUnorderedEventList
 .text.vTaskPlaceOnEventListRestricted
                0x0000000010009398       0xc0 CMakeFiles/IOT_Car_Base.dir/__/lib/FreeRTOS-Kernel/tasks.c.obj
                0x0000000010009398                vTaskPlaceOnEventListRestricted
 .text.xTaskRemoveFromEventList
                0x0000000010009458       0xd0 CMakeFiles/IOT_Car_Base.dir/__/lib/FreeRTOS-Kernel/tasks.c.obj
                0x0000000010009458                xTaskRemoveFromEventList
 .text.vTaskRemoveFromUnorderedEventList
                0x0000000010009528       0x94 CMakeFiles/IOT_Car_Base.dir/__/lib/FreeRTOS-Kernel/tasks.c.obj
                0x0000000010009528                vTaskRemoveFromUnorderedEventList
 .text.vTaskInternalSetTimeOutState
                0x00000000100095bc       0x18 CMakeFiles/IOT_Car_Base.dir/__/lib/FreeRTOS-Kernel/tasks.c.obj
                0x00000000100095bc                vTaskInternalSetTimeOutState
 .text.xTaskCheckForTimeOut
                0x00000000100095d4       0x74 CMakeFiles/IOT_Car_Base.dir/__/lib/FreeRTOS-Kernel/tasks.c.obj
                0x00000000100095d4                xTaskCheckForTimeOut
 .text.vTaskMissedYield
                0x0000000010009648        0xc CMakeFiles/IOT_Car_Base.dir/__/lib/FreeRTOS-Kernel/tasks.c.obj
                0x0000000010009648                vTaskMissedYield
 .text.xTaskGetCurrentTaskHandle
                0x0000000010009654        0xc CMakeFiles/IOT_Car_Base.dir/__/lib/FreeRTOS-Kernel/tasks.c.obj
                0x0000000010009654                xTaskGetCurrentTaskHandle
 .text.xTaskPriorityDisinherit
                0x0000000010009660       0x64 CMakeFiles/IOT_Car_Base.dir/__/lib/FreeRTOS-Kernel/tasks.c.obj
                0x0000000010009660                xTaskPriorityDisinherit
 .text.uxTaskResetEventItemValue
                0x00000000100096c4       0x18 CMakeFiles/IOT_Car_Base.dir/__/lib/FreeRTOS-Kernel/tasks.c.obj
                0x00000000100096c4                uxTaskResetEventItemValue
 .text.prvTimerTask
                0x00000000100096dc      0x384 CMakeFiles/IOT_Car_Base.dir/__/lib/FreeRTOS-Kernel/timers.c.obj
 .text.xTimerCreateTimerTask
                0x0000000010009a60       0x8c CMakeFiles/IOT_Car_Base.dir/__/lib/FreeRTOS-Kernel/timers.c.obj
                0x0000000010009a60                xTimerCreateTimerTask
 .text.xTimerPendFunctionCallFromISR
                0x0000000010009aec       0x28 CMakeFiles/IOT_Car_Base.dir/__/lib/FreeRTOS-Kernel/timers.c.obj
                0x0000000010009aec                xTimerPendFunctionCallFromISR
 .text.exception_set_exclusive_handler
                0x0000000010009b14       0x48 CMakeFiles/IOT_Car_Base.dir/home/sarmad-alvi/Documents/pico/pico-sdk/src/rp2_common/hardware_exception/exception.c.obj
                0x0000000010009b14                exception_set_exclusive_handler
 .text          0x0000000010009b5c       0x5c /usr/lib/gcc/arm-none-eabi/12.2.1/../../../arm-none-eabi/lib/thumb/v6-m/nofp/libc.a(lib_a-callocr.o)
                0x0000000010009b5c                _calloc_r
 .text          0x0000000010009bb8      0x574 /usr/lib/gcc/arm-none-eabi/12.2.1/../../../arm-none-eabi/lib/thumb/v6-m/nofp/libc.a(lib_a-mallocr.o)
                0x0000000010009bb8                _malloc_r
 .text          0x000000001000a12c        0x8 /usr/lib/gcc/arm-none-eabi/12.2.1/../../../arm-none-eabi/lib/thumb/v6-m/nofp/libc.a(lib_a-mlock.o)
                0x000000001000a12c                __malloc_lock
                0x000000001000a130                __malloc_unlock
 .text          0x000000001000a134      0x354 /usr/lib/gcc/arm-none-eabi/12.2.1/../../../arm-none-eabi/lib/thumb/v6-m/nofp/libc.a(lib_a-reallocr.o)
                0x000000001000a134                _realloc_r
 .text          0x000000001000a488       0x24 /usr/lib/gcc/arm-none-eabi/12.2.1/../../../arm-none-eabi/lib/thumb/v6-m/nofp/libc.a(lib_a-sbrkr.o)
                0x000000001000a488                _sbrk_r
 .text          0x000000001000a4ac       0xa0 /usr/lib/gcc/arm-none-eabi/12.2.1/../../../arm-none-eabi/lib/thumb/v6-m/nofp/libc.a(lib_a-sscanf.o)
                0x000000001000a4ac                sscanf
                0x000000001000a4fc                _sscanf_r
 .text          0x000000001000a54c       0xa4 /usr/lib/gcc/arm-none-eabi/12.2.1/../../../arm-none-eabi/lib/thumb/v6-m/nofp/libc.a(lib_a-stdio.o)
                0x000000001000a54c                __sread
                0x000000001000a574                __seofread
                0x000000001000a578                __swrite
                0x000000001000a5b8                __sseek
                0x000000001000a5e4                __sclose
 .text          0x000000001000a5f0       0x5c /usr/lib/gcc/arm-none-eabi/12.2.1/../../../arm-none-eabi/lib/thumb/v6-m/nofp/libc.a(lib_a-strlen-stub.o)
                0x000000001000a5f0                strlen
 .text          0x000000001000a64c       0x74 /usr/lib/gcc/arm-none-eabi/12.2.1/../../../arm-none-eabi/lib/thumb/v6-m/nofp/libc.a(lib_a-strncmp.o)
                0x000000001000a64c                strncmp
 .text          0x000000001000a6c0       0x14 /usr/lib/gcc/arm-none-eabi/12.2.1/../../../arm-none-eabi/lib/thumb/v6-m/nofp/libc.a(lib_a-strtok.o)
                0x000000001000a6c0                strtok
 .text          0x000000001000a6d4       0x78 /usr/lib/gcc/arm-none-eabi/12.2.1/../../../arm-none-eabi/lib/thumb/v6-m/nofp/libc.a(lib_a-strtok_r.o)
                0x000000001000a6d4                __strtok_r
                0x000000001000a740                strtok_r
 .text          0x000000001000a74c      0xf70 /usr/lib/gcc/arm-none-eabi/12.2.1/../../../arm-none-eabi/lib/thumb/v6-m/nofp/libc.a(lib_a-svfscanf.o)
                0x000000001000a74c                __ssvfscanf_r
 .text          0x000000001000b6bc       0x28 /usr/lib/gcc/arm-none-eabi/12.2.1/../../../arm-none-eabi/lib/thumb/v6-m/nofp/libc.a(lib_a-writer.o)
                0x000000001000b6bc                _write_r
 .text          0x000000001000b6e4       0x24 /usr/lib/gcc/arm-none-eabi/12.2.1/../../../arm-none-eabi/lib/thumb/v6-m/nofp/libc.a(lib_a-closer.o)
                0x000000001000b6e4                _close_r
 .text          0x000000001000b708      0x260 /usr/lib/gcc/arm-none-eabi/12.2.1/../../../arm-none-eabi/lib/thumb/v6-m/nofp/libc.a(lib_a-freer.o)
                0x000000001000b708                _malloc_trim_r
                0x000000001000b7a4                _free_r
 .text          0x000000001000b968        0xc /usr/lib/gcc/arm-none-eabi/12.2.1/../../../arm-none-eabi/lib/thumb/v6-m/nofp/libc.a(lib_a-iswspace.o)
                0x000000001000b968                iswspace
 .text          0x000000001000b974       0x18 /usr/lib/gcc/arm-none-eabi/12.2.1/../../../arm-none-eabi/lib/thumb/v6-m/nofp/libc.a(lib_a-iswspace_l.o)
                0x000000001000b974                iswspace_l
 .text          0x000000001000b98c       0x98 /usr/lib/gcc/arm-none-eabi/12.2.1/../../../arm-none-eabi/lib/thumb/v6-m/nofp/libc.a(lib_a-locale.o)
                0x000000001000b98c                _setlocale_r
                0x000000001000b9d0                __locale_mb_cur_max
                0x000000001000b9e0                setlocale
 .text          0x000000001000ba24       0x14 /usr/lib/gcc/arm-none-eabi/12.2.1/../../../arm-none-eabi/lib/thumb/v6-m/nofp/libc.a(lib_a-localeconv.o)
                0x000000001000ba24                __localeconv_l
                0x000000001000ba28                _localeconv_r
                0x000000001000ba30                localeconv
 .text          0x000000001000ba38       0x28 /usr/lib/gcc/arm-none-eabi/12.2.1/../../../arm-none-eabi/lib/thumb/v6-m/nofp/libc.a(lib_a-lseekr.o)
                0x000000001000ba38                _lseek_r
 .text          0x000000001000ba60       0x9c /usr/lib/gcc/arm-none-eabi/12.2.1/../../../arm-none-eabi/lib/thumb/v6-m/nofp/libc.a(lib_a-mbrtowc.o)
                0x000000001000ba60                _mbrtowc_r
                0x000000001000baac                mbrtowc
 .text          0x000000001000bafc       0x44 /usr/lib/gcc/arm-none-eabi/12.2.1/../../../arm-none-eabi/lib/thumb/v6-m/nofp/libc.a(lib_a-mbtowc_r.o)
                0x000000001000bafc                _mbtowc_r
                0x000000001000bb14                __ascii_mbtowc
 .text          0x000000001000bb40       0x28 /usr/lib/gcc/arm-none-eabi/12.2.1/../../../arm-none-eabi/lib/thumb/v6-m/nofp/libc.a(lib_a-readr.o)
                0x000000001000bb40                _read_r
 .text          0x000000001000bb68       0x80 /usr/lib/gcc/arm-none-eabi/12.2.1/../../../arm-none-eabi/lib/thumb/v6-m/nofp/libc.a(lib_a-sccl.o)
                0x000000001000bb68                __sccl
 .text          0x000000001000bbe8        0x8 /usr/lib/gcc/arm-none-eabi/12.2.1/../../../arm-none-eabi/lib/thumb/v6-m/nofp/libc.a(lib_a-sf_nan.o)
                0x000000001000bbe8                nanf
 .text          0x000000001000bbf0       0x88 /usr/lib/gcc/arm-none-eabi/12.2.1/../../../arm-none-eabi/lib/thumb/v6-m/nofp/libc.a(lib_a-strcmp.o)
                0x000000001000bbf0                strcmp
 .text          0x000000001000bc78     0x1128 /usr/lib/gcc/arm-none-eabi/12.2.1/../../../arm-none-eabi/lib/thumb/v6-m/nofp/libc.a(lib_a-strtod.o)
                0x000000001000bc78                _strtod_l
                0x000000001000cbf8                _strtod_r
                0x000000001000cc08                strtod_l
                0x000000001000cc20                strtod
                0x000000001000cc3c                strtof_l
                0x000000001000ccec                strtof
 .text          0x000000001000cda0      0x1b8 /usr/lib/gcc/arm-none-eabi/12.2.1/../../../arm-none-eabi/lib/thumb/v6-m/nofp/libc.a(lib_a-strtol.o)
                0x000000001000cee4                _strtol_r
                0x000000001000cf00                strtol_l
                0x000000001000cf2c                strtol
 .text          0x000000001000cf58      0x1d0 /usr/lib/gcc/arm-none-eabi/12.2.1/../../../arm-none-eabi/lib/thumb/v6-m/nofp/libc.a(lib_a-strtoll.o)
                0x000000001000d0f0                _strtoll_r
                0x000000001000d0f8                strtoll_l
                0x000000001000d110                strtoll
 .text          0x000000001000d128      0x180 /usr/lib/gcc/arm-none-eabi/12.2.1/../../../arm-none-eabi/lib/thumb/v6-m/nofp/libc.a(lib_a-strtoul.o)
                0x000000001000d270                _strtoul_r
                0x000000001000d278                strtoul_l
                0x000000001000d290                strtoul
 .text          0x000000001000d2a8      0x1f4 /usr/lib/gcc/arm-none-eabi/12.2.1/../../../arm-none-eabi/lib/thumb/v6-m/nofp/libc.a(lib_a-strtoull.o)
                0x000000001000d464                _strtoull_r
                0x000000001000d46c                strtoull_l
                0x000000001000d484                strtoull
 .text          0x000000001000d49c      0xf10 /usr/lib/gcc/arm-none-eabi/12.2.1/../../../arm-none-eabi/lib/thumb/v6-m/nofp/libc.a(lib_a-svfiscanf.o)
                0x000000001000d49c                _sungetc_r
                0x000000001000d520                __ssrefill_r
                0x000000001000d560                _sfread_r
                0x000000001000d624                __ssvfiscanf_r
 .text          0x000000001000e3ac      0x188 /usr/lib/gcc/arm-none-eabi/12.2.1/../../../arm-none-eabi/lib/thumb/v6-m/nofp/libc.a(lib_a-ungetc.o)
                0x000000001000e3ac                __submore
                0x000000001000e430                _ungetc_r
                0x000000001000e51c                ungetc
 .text          0x000000001000e534       0x2c /usr/lib/gcc/arm-none-eabi/12.2.1/../../../arm-none-eabi/lib/thumb/v6-m/nofp/libc.a(lib_a-wctomb_r.o)
                0x000000001000e534                _wctomb_r
                0x000000001000e544                __ascii_wctomb
 .text          0x000000001000e560        0xc /usr/lib/gcc/arm-none-eabi/12.2.1/../../../arm-none-eabi/lib/thumb/v6-m/nofp/libc.a(lib_a-errno.o)
                0x000000001000e560                __errno
 .text          0x000000001000e56c      0x1c0 /usr/lib/gcc/arm-none-eabi/12.2.1/../../../arm-none-eabi/lib/thumb/v6-m/nofp/libc.a(lib_a-fflush.o)
                0x000000001000e56c                __sflush_r
                0x000000001000e6ac                _fflush_r
                0x000000001000e6d8                fflush
 .text          0x000000001000e72c      0x248 /usr/lib/gcc/arm-none-eabi/12.2.1/../../../arm-none-eabi/lib/thumb/v6-m/nofp/libc.a(lib_a-findfp.o)
                0x000000001000e730                _cleanup_r
                0x000000001000e82c                __sfmoreglue
                0x000000001000e85c                __sfp
                0x000000001000e90c                _cleanup
                0x000000001000e924                __sinit
                0x000000001000e934                __sfp_lock_acquire
                0x000000001000e938                __sfp_lock_release
                0x000000001000e93c                __sinit_lock_acquire
                0x000000001000e940                __sinit_lock_release
                0x000000001000e944                __fp_lock_all
                0x000000001000e95c                __fp_unlock_all
 .text          0x000000001000e974       0x88 /usr/lib/gcc/arm-none-eabi/12.2.1/../../../arm-none-eabi/lib/thumb/v6-m/nofp/libc.a(lib_a-fwalk.o)
                0x000000001000e974                _fwalk
                0x000000001000e9b4                _fwalk_reent
 .text          0x000000001000e9fc      0x670 /usr/lib/gcc/arm-none-eabi/12.2.1/../../../arm-none-eabi/lib/thumb/v6-m/nofp/libc.a(lib_a-gdtoa-gethex.o)
                0x000000001000eaa0                __gethex
 .text          0x000000001000f06c      0x1fc /usr/lib/gcc/arm-none-eabi/12.2.1/../../../arm-none-eabi/lib/thumb/v6-m/nofp/libc.a(lib_a-gdtoa-hexnan.o)
                0x000000001000f06c                __match
                0x000000001000f098                __hexnan
 .text          0x000000001000f268      0xafc /usr/lib/gcc/arm-none-eabi/12.2.1/../../../arm-none-eabi/lib/thumb/v6-m/nofp/libc.a(lib_a-mprec.o)
                0x000000001000f268                _Balloc
                0x000000001000f2b8                _Bfree
                0x000000001000f2cc                __multadd
                0x000000001000f374                __s2b
                0x000000001000f424                __hi0bits
                0x000000001000f45c                __lo0bits
                0x000000001000f4b8                __i2b
                0x000000001000f518                __multiply
                0x000000001000f6bc                __pow5mult
                0x000000001000f794                __lshift
                0x000000001000f890                __mcmp
                0x000000001000f8c4                __mdiff
                0x000000001000fa50                __ulp
                0x000000001000fa98                __b2d
                0x000000001000fb60                __d2b
                0x000000001000fc38                __ratio
                0x000000001000fca0                _mprec_log10
                0x000000001000fcd4                __copybits
                0x000000001000fd14                __any_on
 .text          0x000000001000fd64        0xc /usr/lib/gcc/arm-none-eabi/12.2.1/../../../arm-none-eabi/lib/thumb/v6-m/nofp/libc.a(lib_a-s_nan.o)
                0x000000001000fd64                nan
 .text          0x000000001000fd70       0xe8 /usr/lib/gcc/arm-none-eabi/12.2.1/../../../arm-none-eabi/lib/thumb/v6-m/nofp/libc.a(lib_a-fclose.o)
                0x000000001000fde0                _fclose_r
                0x000000001000fe18                fclose
 *(.fini)
 .fini          0x000000001000fe58        0x4 /usr/lib/gcc/arm-none-eabi/12.2.1/thumb/v6-m/nofp/crti.o
                0x000000001000fe58                _fini
 *fill*         0x000000001000fe5c        0x4 
 .fini.__stub   0x000000001000fe60       0xd0 linker stubs
 *crtbegin.o(.ctors)
 *crtbegin?.o(.ctors)
 *(EXCLUDE_FILE(*crtend.o *crtend?.o) .ctors)
 *(SORT_BY_NAME(.ctors.*))
 *(.ctors)
 *crtbegin.o(.dtors)
 *crtbegin?.o(.dtors)
 *(EXCLUDE_FILE(*crtend.o *crtend?.o) .dtors)
 *(SORT_BY_NAME(.dtors.*))
 *(.dtors)
 *(.eh_frame*)
 .eh_frame      0x000000001000ff30        0x0 /usr/lib/gcc/arm-none-eabi/12.2.1/thumb/v6-m/nofp/crtbegin.o
                0x000000001000ff30                . = ALIGN (0x4)

.glue_7         0x000000001000ff30        0x0
 .glue_7        0x000000001000ff30        0x0 linker stubs

.glue_7t        0x000000001000ff30        0x0
 .glue_7t       0x000000001000ff30        0x0 linker stubs

.vfp11_veneer   0x000000001000ff30        0x0
 .vfp11_veneer  0x000000001000ff30        0x0 linker stubs

.v4_bx          0x000000001000ff30        0x0
 .v4_bx         0x000000001000ff30        0x0 linker stubs

.iplt           0x000000001000ff30        0x0
 .iplt          0x000000001000ff30        0x0 /usr/lib/gcc/arm-none-eabi/12.2.1/thumb/v6-m/nofp/crtbegin.o

.rodata         0x000000001000ff30     0x1268
 *(EXCLUDE_FILE(*libm.a: *libc.a:*lib_a-mem*.o *libgcc.a:) .rodata*)
 .rodata.vTaskI2C_GPS.str1.4
                0x000000001000ff30      0x154 CMakeFiles/IOT_Car_Base.dir/tasks.c.obj
                                        0x158 (size before relaxing)
 .rodata.initTasks.str1.4
                0x0000000010010084        0x9 CMakeFiles/IOT_Car_Base.dir/tasks.c.obj
 *fill*         0x000000001001008d        0x3 
 .rodata.spin_lock_claim_unused.str1.4
                0x0000000010010090       0x1b CMakeFiles/IOT_Car_Base.dir/home/sarmad-alvi/Documents/pico/pico-sdk/src/rp2_common/hardware_sync/sync.c.obj
 *fill*         0x00000000100100ab        0x1 
 .rodata.user_irq_claim_unused.str1.4
                0x00000000100100ac       0x1b CMakeFiles/IOT_Car_Base.dir/home/sarmad-alvi/Documents/pico/pico-sdk/src/rp2_common/hardware_irq/irq.c.obj
 *fill*         0x00000000100100c7        0x1 
 .rodata.at_the_end_of_time
                0x00000000100100c8        0x8 CMakeFiles/IOT_Car_Base.dir/home/sarmad-alvi/Documents/pico/pico-sdk/src/common/pico_time/time.c.obj
                0x00000000100100c8                at_the_end_of_time
 .rodata.hardware_alarm_claim.str1.4
                0x00000000100100d0       0x22 CMakeFiles/IOT_Car_Base.dir/home/sarmad-alvi/Documents/pico/pico-sdk/src/rp2_common/hardware_timer/timer.c.obj
 *fill*         0x00000000100100f2        0x2 
 .rodata.__assert_func.str1.4
                0x00000000100100f4       0x3f CMakeFiles/IOT_Car_Base.dir/home/sarmad-alvi/Documents/pico/pico-sdk/src/rp2_common/pico_runtime/runtime.c.obj
                                         0x43 (size before relaxing)
 *fill*         0x0000000010010133        0x1 
 .rodata.panic.str1.4
                0x0000000010010134       0x10 CMakeFiles/IOT_Car_Base.dir/home/sarmad-alvi/Documents/pico/pico-sdk/src/rp2_common/pico_runtime/runtime.c.obj
                                         0x12 (size before relaxing)
 .rodata.panic_unsupported.str1.4
                0x0000000010010144        0xe CMakeFiles/IOT_Car_Base.dir/home/sarmad-alvi/Documents/pico/pico-sdk/src/rp2_common/pico_runtime/runtime.c.obj
 *fill*         0x0000000010010152        0x2 
 .rodata.hard_assertion_failure.str1.4
                0x0000000010010154        0xc CMakeFiles/IOT_Car_Base.dir/home/sarmad-alvi/Documents/pico/pico-sdk/src/rp2_common/pico_runtime/runtime.c.obj
 .rodata._ftoa.str1.4
                0x0000000010010160       0x15 CMakeFiles/IOT_Car_Base.dir/home/sarmad-alvi/Documents/pico/pico-sdk/src/rp2_common/pico_printf/printf.c.obj
 *fill*         0x0000000010010175        0x3 
 .rodata._vsnprintf
                0x0000000010010178      0x19c CMakeFiles/IOT_Car_Base.dir/home/sarmad-alvi/Documents/pico/pico-sdk/src/rp2_common/pico_printf/printf.c.obj
 *fill*         0x0000000010010314        0x4 
 .rodata.pow10.0
                0x0000000010010318       0x50 CMakeFiles/IOT_Car_Base.dir/home/sarmad-alvi/Documents/pico/pico-sdk/src/rp2_common/pico_printf/printf.c.obj
 .rodata.str1.4
                0x0000000010010368       0x44 CMakeFiles/IOT_Car_Base.dir/home/sarmad-alvi/Documents/pico/pico-sdk/src/rp2_common/pico_standard_link/binary_info.c.obj
 .rodata.__bi_81
                0x00000000100103ac        0xc CMakeFiles/IOT_Car_Base.dir/home/sarmad-alvi/Documents/pico/pico-sdk/src/rp2_common/pico_standard_link/binary_info.c.obj
 .rodata.__bi_75
                0x00000000100103b8        0xc CMakeFiles/IOT_Car_Base.dir/home/sarmad-alvi/Documents/pico/pico-sdk/src/rp2_common/pico_standard_link/binary_info.c.obj
 .rodata.__bi_44
                0x00000000100103c4        0xc CMakeFiles/IOT_Car_Base.dir/home/sarmad-alvi/Documents/pico/pico-sdk/src/rp2_common/pico_standard_link/binary_info.c.obj
 .rodata.crlf_str.0
                0x00000000100103d0        0x2 CMakeFiles/IOT_Car_Base.dir/home/sarmad-alvi/Documents/pico/pico-sdk/src/rp2_common/pico_stdio/stdio.c.obj
 *fill*         0x00000000100103d2        0x2 
 .rodata._resetd_driver
                0x00000000100103d4       0x18 CMakeFiles/IOT_Car_Base.dir/home/sarmad-alvi/Documents/pico/pico-sdk/src/rp2_common/pico_stdio_usb/reset_interface.c.obj
 .rodata.str1.4
                0x00000000100103ec       0x13 CMakeFiles/IOT_Car_Base.dir/home/sarmad-alvi/Documents/pico/pico-sdk/src/rp2_common/pico_stdio_usb/stdio_usb.c.obj
 *fill*         0x00000000100103ff        0x1 
 .rodata.__bi_182.0
                0x0000000010010400        0xc CMakeFiles/IOT_Car_Base.dir/home/sarmad-alvi/Documents/pico/pico-sdk/src/rp2_common/pico_stdio_usb/stdio_usb.c.obj
 .rodata.str1.4
                0x000000001001040c       0x2a CMakeFiles/IOT_Car_Base.dir/home/sarmad-alvi/Documents/pico/pico-sdk/src/rp2_common/pico_stdio_usb/stdio_usb_descriptors.c.obj
 *fill*         0x0000000010010436        0x2 
 .rodata.usbd_desc_str
                0x0000000010010438       0x18 CMakeFiles/IOT_Car_Base.dir/home/sarmad-alvi/Documents/pico/pico-sdk/src/rp2_common/pico_stdio_usb/stdio_usb_descriptors.c.obj
 .rodata.usbd_desc_cfg
                0x0000000010010450       0x54 CMakeFiles/IOT_Car_Base.dir/home/sarmad-alvi/Documents/pico/pico-sdk/src/rp2_common/pico_stdio_usb/stdio_usb_descriptors.c.obj
 .rodata.usbd_desc_device
                0x00000000100104a4       0x12 CMakeFiles/IOT_Car_Base.dir/home/sarmad-alvi/Documents/pico/pico-sdk/src/rp2_common/pico_stdio_usb/stdio_usb_descriptors.c.obj
 *fill*         0x00000000100104b6        0x2 
 .rodata.str1.4
                0x00000000100104b8       0x14 CMakeFiles/IOT_Car_Base.dir/home/sarmad-alvi/Documents/pico/pico-sdk/lib/tinyusb/src/portable/raspberrypi/rp2040/dcd_rp2040.c.obj
 .rodata.str1.4
                0x00000000100104cc       0x53 CMakeFiles/IOT_Car_Base.dir/home/sarmad-alvi/Documents/pico/pico-sdk/lib/tinyusb/src/portable/raspberrypi/rp2040/rp2040_usb.c.obj
 *fill*         0x000000001001051f        0x1 
 .rodata.tud_task_ext
                0x0000000010010520       0x8c CMakeFiles/IOT_Car_Base.dir/home/sarmad-alvi/Documents/pico/pico-sdk/lib/tinyusb/src/device/usbd.c.obj
 .rodata._usbd_driver
                0x00000000100105ac       0x18 CMakeFiles/IOT_Car_Base.dir/home/sarmad-alvi/Documents/pico/pico-sdk/lib/tinyusb/src/device/usbd.c.obj
 .rodata.prvTimerTask
                0x00000000100105c4       0x28 CMakeFiles/IOT_Car_Base.dir/__/lib/FreeRTOS-Kernel/timers.c.obj
 .rodata.xTimerCreateTimerTask.str1.4
                0x00000000100105ec       0x10 CMakeFiles/IOT_Car_Base.dir/__/lib/FreeRTOS-Kernel/timers.c.obj
 .rodata        0x00000000100105fc        0x4 /usr/lib/gcc/arm-none-eabi/12.2.1/../../../arm-none-eabi/lib/thumb/v6-m/nofp/libc.a(lib_a-impure.o)
                0x00000000100105fc                _global_impure_ptr
 .rodata.str1.4
                0x0000000010010600        0x5 /usr/lib/gcc/arm-none-eabi/12.2.1/../../../arm-none-eabi/lib/thumb/v6-m/nofp/libc.a(lib_a-svfscanf.o)
                                          0x9 (size before relaxing)
 *fill*         0x0000000010010605        0x3 
 .rodata        0x0000000010010608      0x3e6 /usr/lib/gcc/arm-none-eabi/12.2.1/../../../arm-none-eabi/lib/thumb/v6-m/nofp/libc.a(lib_a-svfscanf.o)
 *fill*         0x00000000100109ee        0x2 
 .rodata        0x00000000100109f0      0x101 /usr/lib/gcc/arm-none-eabi/12.2.1/../../../arm-none-eabi/lib/thumb/v6-m/nofp/libc.a(lib_a-ctype_.o)
                0x00000000100109f0                _ctype_
 *fill*         0x0000000010010af1        0x3 
 .rodata.str1.4
                0x0000000010010af4        0xa /usr/lib/gcc/arm-none-eabi/12.2.1/../../../arm-none-eabi/lib/thumb/v6-m/nofp/libc.a(lib_a-locale.o)
                                         0x12 (size before relaxing)
 .rodata.str1.4
                0x0000000010010afe        0x1 /usr/lib/gcc/arm-none-eabi/12.2.1/../../../arm-none-eabi/lib/thumb/v6-m/nofp/libc.a(lib_a-mbrtowc.o)
 *fill*         0x0000000010010afe        0x2 
 .rodata.str1.4
                0x0000000010010b00        0xf /usr/lib/gcc/arm-none-eabi/12.2.1/../../../arm-none-eabi/lib/thumb/v6-m/nofp/libc.a(lib_a-strtod.o)
                                         0x11 (size before relaxing)
 *fill*         0x0000000010010b0f        0x1 
 .rodata        0x0000000010010b10      0x120 /usr/lib/gcc/arm-none-eabi/12.2.1/../../../arm-none-eabi/lib/thumb/v6-m/nofp/libc.a(lib_a-strtod.o)
 .rodata        0x0000000010010c30      0x2aa /usr/lib/gcc/arm-none-eabi/12.2.1/../../../arm-none-eabi/lib/thumb/v6-m/nofp/libc.a(lib_a-svfiscanf.o)
 *fill*         0x0000000010010eda        0x2 
 .rodata.str1.4