Archive member included to satisfy reference by file (symbol)

/usr/lib/gcc/arm-none-eabi/10.3.1/thumb/v6-m/nofp/libgcc.a(_dvmd_tls.o)
                              CMakeFiles/IOT_Car_Base.dir/home/swa248/pico/pico-sdk/src/rp2_common/pico_divider/divider.S.obj (__aeabi_idiv0)
/usr/lib/gcc/arm-none-eabi/10.3.1/../../../arm-none-eabi/lib/thumb/v6-m/nofp/libc.a(lib_a-atexit.o)
                              /usr/lib/gcc/arm-none-eabi/10.3.1/../../../arm-none-eabi/lib/thumb/v6-m/nofp/crt0.o (atexit)
/usr/lib/gcc/arm-none-eabi/10.3.1/../../../arm-none-eabi/lib/thumb/v6-m/nofp/libc.a(lib_a-calloc.o)
                              CMakeFiles/IOT_Car_Base.dir/home/swa248/pico/pico-sdk/src/rp2_common/pico_malloc/pico_malloc.c.obj (calloc)
/usr/lib/gcc/arm-none-eabi/10.3.1/../../../arm-none-eabi/lib/thumb/v6-m/nofp/libc.a(lib_a-callocr.o)
                              /usr/lib/gcc/arm-none-eabi/10.3.1/../../../arm-none-eabi/lib/thumb/v6-m/nofp/libc.a(lib_a-calloc.o) (_calloc_r)
/usr/lib/gcc/arm-none-eabi/10.3.1/../../../arm-none-eabi/lib/thumb/v6-m/nofp/libc.a(lib_a-fini.o)
                              /usr/lib/gcc/arm-none-eabi/10.3.1/../../../arm-none-eabi/lib/thumb/v6-m/nofp/crt0.o (__libc_fini_array)
/usr/lib/gcc/arm-none-eabi/10.3.1/../../../arm-none-eabi/lib/thumb/v6-m/nofp/libc.a(lib_a-impure.o)
                              /usr/lib/gcc/arm-none-eabi/10.3.1/../../../arm-none-eabi/lib/thumb/v6-m/nofp/libc.a(lib_a-calloc.o) (_impure_ptr)
/usr/lib/gcc/arm-none-eabi/10.3.1/../../../arm-none-eabi/lib/thumb/v6-m/nofp/libc.a(lib_a-init.o)
                              /usr/lib/gcc/arm-none-eabi/10.3.1/../../../arm-none-eabi/lib/thumb/v6-m/nofp/crt0.o (__libc_init_array)
/usr/lib/gcc/arm-none-eabi/10.3.1/../../../arm-none-eabi/lib/thumb/v6-m/nofp/libc.a(lib_a-malloc.o)
                              CMakeFiles/IOT_Car_Base.dir/home/swa248/pico/pico-sdk/src/rp2_common/pico_malloc/pico_malloc.c.obj (malloc)
/usr/lib/gcc/arm-none-eabi/10.3.1/../../../arm-none-eabi/lib/thumb/v6-m/nofp/libc.a(lib_a-mallocr.o)
                              /usr/lib/gcc/arm-none-eabi/10.3.1/../../../arm-none-eabi/lib/thumb/v6-m/nofp/libc.a(lib_a-callocr.o) (_malloc_r)
/usr/lib/gcc/arm-none-eabi/10.3.1/../../../arm-none-eabi/lib/thumb/v6-m/nofp/libc.a(lib_a-mlock.o)
                              /usr/lib/gcc/arm-none-eabi/10.3.1/../../../arm-none-eabi/lib/thumb/v6-m/nofp/libc.a(lib_a-mallocr.o) (__malloc_lock)
/usr/lib/gcc/arm-none-eabi/10.3.1/../../../arm-none-eabi/lib/thumb/v6-m/nofp/libc.a(lib_a-realloc.o)
                              CMakeFiles/IOT_Car_Base.dir/home/swa248/pico/pico-sdk/src/rp2_common/pico_malloc/pico_malloc.c.obj (realloc)
/usr/lib/gcc/arm-none-eabi/10.3.1/../../../arm-none-eabi/lib/thumb/v6-m/nofp/libc.a(lib_a-reallocr.o)
                              /usr/lib/gcc/arm-none-eabi/10.3.1/../../../arm-none-eabi/lib/thumb/v6-m/nofp/libc.a(lib_a-realloc.o) (_realloc_r)
/usr/lib/gcc/arm-none-eabi/10.3.1/../../../arm-none-eabi/lib/thumb/v6-m/nofp/libc.a(lib_a-sbrkr.o)
                              /usr/lib/gcc/arm-none-eabi/10.3.1/../../../arm-none-eabi/lib/thumb/v6-m/nofp/libc.a(lib_a-mallocr.o) (_sbrk_r)
/usr/lib/gcc/arm-none-eabi/10.3.1/../../../arm-none-eabi/lib/thumb/v6-m/nofp/libc.a(lib_a-strlen-stub.o)
                              CMakeFiles/IOT_Car_Base.dir/home/swa248/pico/pico-sdk/src/rp2_common/pico_stdio/stdio.c.obj (strlen)
/usr/lib/gcc/arm-none-eabi/10.3.1/../../../arm-none-eabi/lib/thumb/v6-m/nofp/libc.a(lib_a-strtok.o)
                              CMakeFiles/IOT_Car_Base.dir/tasks.c.obj (strtok)
/usr/lib/gcc/arm-none-eabi/10.3.1/../../../arm-none-eabi/lib/thumb/v6-m/nofp/libc.a(lib_a-strtok_r.o)
                              /usr/lib/gcc/arm-none-eabi/10.3.1/../../../arm-none-eabi/lib/thumb/v6-m/nofp/libc.a(lib_a-strtok.o) (__strtok_r)
/usr/lib/gcc/arm-none-eabi/10.3.1/../../../arm-none-eabi/lib/thumb/v6-m/nofp/libc.a(lib_a-__atexit.o)
                              /usr/lib/gcc/arm-none-eabi/10.3.1/../../../arm-none-eabi/lib/thumb/v6-m/nofp/libc.a(lib_a-atexit.o) (__register_exitproc)
/usr/lib/gcc/arm-none-eabi/10.3.1/../../../arm-none-eabi/lib/thumb/v6-m/nofp/libc.a(lib_a-freer.o)
                              /usr/lib/gcc/arm-none-eabi/10.3.1/../../../arm-none-eabi/lib/thumb/v6-m/nofp/libc.a(lib_a-malloc.o) (_free_r)
/usr/lib/gcc/arm-none-eabi/10.3.1/../../../arm-none-eabi/lib/thumb/v6-m/nofp/libc.a(lib_a-memmove.o)
                              /usr/lib/gcc/arm-none-eabi/10.3.1/../../../arm-none-eabi/lib/thumb/v6-m/nofp/libc.a(lib_a-reallocr.o) (memmove)
/usr/lib/gcc/arm-none-eabi/10.3.1/../../../arm-none-eabi/lib/thumb/v6-m/nofp/libc.a(lib_a-reent.o)
                              /usr/lib/gcc/arm-none-eabi/10.3.1/../../../arm-none-eabi/lib/thumb/v6-m/nofp/libc.a(lib_a-sbrkr.o) (errno)

Discarded input sections

 .text          0x0000000000000000        0x0 /usr/lib/gcc/arm-none-eabi/10.3.1/thumb/v6-m/nofp/crti.o
[...]
Memory Configuration

Name             Origin             Length             Attributes
FLASH            0x0000000010000000 0x0000000000200000 xr
RAM              0x0000000020000000 0x0000000000040000 xrw
SCRATCH_X        0x0000000020040000 0x0000000000001000 xrw
SCRATCH_Y        0x0000000020041000 0x0000000000001000 xrw
*default*        0x0000000000000000 0xffffffffffffffff

Linker script and memory map

LOAD /usr/lib/gcc/arm-none-eabi/10.3.1/thumb/v6-m/nofp/crti.o
LOAD /usr/lib/gcc/arm-none-eabi/10.3.1/thumb/v6-m/nofp/crtbegin.o
LOAD /usr/lib/gcc/arm-none-eabi/10.3.1/../../../arm-none-eabi/lib/thumb/v6-m/nofp/crt0.o

.flash_begin    0x0000000010000000        0x0
                0x0000000010000000                __flash_binary_start = .

.boot2          0x0000000010000000      0x100
                0x0000000010000000                __boot2_start__ = .
 *(.boot2)
 .boot2         0x0000000010000000      0x100 /tmp/ccP4lCj4.o
                0x0000000010000100                __boot2_end__ = .
                0x0000000000000001                ASSERT (((__boot2_end__ - __boot2_start__) == 0x100), ERROR: Pico second stage bootloader must be 256 bytes in size)

.text           0x0000000010000100     0x7160
                0x0000000010000100                __logical_binary_start = .
 *(.vectors)
 .vectors       0x0000000010000100       0xd4 CMakeFiles/IOT_Car_Base.dir/home/swa248/pico/pico-sdk/src/rp2_common/pico_standard_link/crt0.S.obj
                0x0000000010000100                __vectors
                0x0000000010000100                __VECTOR_TABLE
                0x00000000100001c0                isr_invalid
                0x00000000100001c0                __default_isrs_start
                0x00000000100001c2                isr_nmi
                0x00000000100001c4                isr_hardfault
                0x00000000100001c6                isr_svcall
                0x00000000100001c8                isr_pendsv
                0x00000000100001ca                isr_systick
                0x00000000100001cc                isr_irq30
                0x00000000100001cc                __unhandled_user_irq
                0x00000000100001cc                isr_irq13
                0x00000000100001cc                isr_irq27
                0x00000000100001cc                isr_irq31
                0x00000000100001cc                isr_irq5
                0x00000000100001cc                isr_irq11
                0x00000000100001cc                isr_irq23
                0x00000000100001cc                isr_irq18
                0x00000000100001cc                isr_irq28
                0x00000000100001cc                isr_irq19
                0x00000000100001cc                isr_irq0
                0x00000000100001cc                isr_irq6
                0x00000000100001cc                isr_irq22
                0x00000000100001cc                isr_irq17
                0x00000000100001cc                isr_irq14
                0x00000000100001cc                isr_irq2
                0x00000000100001cc                isr_irq10
                0x00000000100001cc                isr_irq8
                0x00000000100001cc                isr_irq24
                0x00000000100001cc                isr_irq1
                0x00000000100001cc                isr_irq7
                0x00000000100001cc                isr_irq21
                0x00000000100001cc                isr_irq20
                0x00000000100001cc                isr_irq15
                0x00000000100001cc                isr_irq25
                0x00000000100001cc                isr_irq4
                0x00000000100001cc                isr_irq16
                0x00000000100001cc                isr_irq29
                0x00000000100001cc                isr_irq26
                0x00000000100001cc                __default_isrs_end
                0x00000000100001cc                isr_irq3
                0x00000000100001cc                isr_irq12
                0x00000000100001cc                isr_irq9
                0x00000000100001d2                unhandled_user_irq_num_in_r0
 *(.binary_info_header)
 .binary_info_header
                0x00000000100001d4       0x14 CMakeFiles/IOT_Car_Base.dir/home/swa248/pico/pico-sdk/src/rp2_common/pico_standard_link/crt0.S.obj
                0x00000000100001e8                __binary_info_header_end = .
 *(.reset)
 .reset         0x00000000100001e8       0xa0 CMakeFiles/IOT_Car_Base.dir/home/swa248/pico/pico-sdk/src/rp2_common/pico_standard_link/crt0.S.obj
                0x00000000100001e8                _entry_point
 .reset         0x0000000010000288       0x30 CMakeFiles/IOT_Car_Base.dir/home/swa248/pico/pico-sdk/src/rp2_common/pico_standard_link/binary_info.c.obj
 *(.init)
 .init          0x00000000100002b8        0x4 /usr/lib/gcc/arm-none-eabi/10.3.1/thumb/v6-m/nofp/crti.o
                0x00000000100002b8                _init
 *(EXCLUDE_FILE(*libm.a: *libc.a:*lib_a-mem*.o *libgcc.a:) .text*)
 .text          0x00000000100002bc       0x98 /usr/lib/gcc/arm-none-eabi/10.3.1/thumb/v6-m/nofp/crtbegin.o
 .text.startup.main
                0x0000000010000354       0x10 CMakeFiles/IOT_Car_Base.dir/main.c.obj
                0x0000000010000354                main
 .text.uart_puts.constprop.1
                0x0000000010000364       0x5c CMakeFiles/IOT_Car_Base.dir/tasks.c.obj
 .text.vTaskI2C_GPS
                0x00000000100003c0      0x16c CMakeFiles/IOT_Car_Base.dir/tasks.c.obj
                0x00000000100003c0                vTaskI2C_GPS
 .text.initTasks
                0x000000001000052c       0x28 CMakeFiles/IOT_Car_Base.dir/tasks.c.obj
                0x000000001000052c                initTasks
 .text.gpio_set_function
                0x0000000010000554       0x30 CMakeFiles/IOT_Car_Base.dir/home/swa248/pico/pico-sdk/src/rp2_common/hardware_gpio/gpio.c.obj
                0x0000000010000554                gpio_set_function
 .text.gpio_set_pulls
                0x0000000010000584       0x30 CMakeFiles/IOT_Car_Base.dir/home/swa248/pico/pico-sdk/src/rp2_common/hardware_gpio/gpio.c.obj
                0x0000000010000584                gpio_set_pulls
 .text.running_on_fpga
                0x00000000100005b4       0x10 CMakeFiles/IOT_Car_Base.dir/home/swa248/pico/pico-sdk/src/rp2_common/pico_platform/platform.c.obj
                0x00000000100005b4                running_on_fpga
 .text.hw_claim_or_assert
                0x00000000100005c4       0x44 CMakeFiles/IOT_Car_Base.dir/home/swa248/pico/pico-sdk/src/rp2_common/hardware_claim/claim.c.obj
                0x00000000100005c4                hw_claim_or_assert
 .text.hw_claim_unused_from_range
                0x0000000010000608       0x9c CMakeFiles/IOT_Car_Base.dir/home/swa248/pico/pico-sdk/src/rp2_common/hardware_claim/claim.c.obj
                0x0000000010000608                hw_claim_unused_from_range
 .text.spin_locks_reset
                0x00000000100006a4       0x1c CMakeFiles/IOT_Car_Base.dir/home/swa248/pico/pico-sdk/src/rp2_common/hardware_sync/sync.c.obj
                0x00000000100006a4                spin_locks_reset
 .text.next_striped_spin_lock_num
                0x00000000100006c0       0x18 CMakeFiles/IOT_Car_Base.dir/home/swa248/pico/pico-sdk/src/rp2_common/hardware_sync/sync.c.obj
                0x00000000100006c0                next_striped_spin_lock_num
 .text.spin_lock_claim_unused
                0x00000000100006d8       0x20 CMakeFiles/IOT_Car_Base.dir/home/swa248/pico/pico-sdk/src/rp2_common/hardware_sync/sync.c.obj
                0x00000000100006d8                spin_lock_claim_unused
 .text.irq_set_enabled
                0x00000000100006f8       0x24 CMakeFiles/IOT_Car_Base.dir/home/swa248/pico/pico-sdk/src/rp2_common/hardware_irq/irq.c.obj
                0x00000000100006f8                irq_set_enabled
 .text.irq_set_pending
                0x000000001000071c       0x10 CMakeFiles/IOT_Car_Base.dir/home/swa248/pico/pico-sdk/src/rp2_common/hardware_irq/irq.c.obj
                0x000000001000071c                irq_set_pending
 .text.irq_has_shared_handler
                0x000000001000072c       0x2c CMakeFiles/IOT_Car_Base.dir/home/swa248/pico/pico-sdk/src/rp2_common/hardware_irq/irq.c.obj
                0x000000001000072c                irq_has_shared_handler
 .text.irq_get_vtable_handler
                0x0000000010000758       0x10 CMakeFiles/IOT_Car_Base.dir/home/swa248/pico/pico-sdk/src/rp2_common/hardware_irq/irq.c.obj
                0x0000000010000758                irq_get_vtable_handler
 .text.irq_set_exclusive_handler
                0x0000000010000768       0x54 CMakeFiles/IOT_Car_Base.dir/home/swa248/pico/pico-sdk/src/rp2_common/hardware_irq/irq.c.obj
                0x0000000010000768                irq_set_exclusive_handler
 .text.irq_add_shared_handler
                0x00000000100007bc      0x1e8 CMakeFiles/IOT_Car_Base.dir/home/swa248/pico/pico-sdk/src/rp2_common/hardware_irq/irq.c.obj
                0x00000000100007bc                irq_add_shared_handler
 .text.irq_remove_handler
                0x00000000100009a4      0x1b0 CMakeFiles/IOT_Car_Base.dir/home/swa248/pico/pico-sdk/src/rp2_common/hardware_irq/irq.c.obj
                0x00000000100009a4                irq_remove_handler
 .text.irq_set_priority
                0x0000000010000b54       0x28 CMakeFiles/IOT_Car_Base.dir/home/swa248/pico/pico-sdk/src/rp2_common/hardware_irq/irq.c.obj
                0x0000000010000b54                irq_set_priority
 .text.irq_add_tail_to_free_list
                0x0000000010000b7c       0xb4 CMakeFiles/IOT_Car_Base.dir/home/swa248/pico/pico-sdk/src/rp2_common/hardware_irq/irq.c.obj
                0x0000000010000b7c                irq_add_tail_to_free_list
 .text.irq_init_priorities
                0x0000000010000c30       0x24 CMakeFiles/IOT_Car_Base.dir/home/swa248/pico/pico-sdk/src/rp2_common/hardware_irq/irq.c.obj
                0x0000000010000c30                irq_init_priorities
 .text.user_irq_claim_unused
                0x0000000010000c54       0x28 CMakeFiles/IOT_Car_Base.dir/home/swa248/pico/pico-sdk/src/rp2_common/hardware_irq/irq.c.obj
                0x0000000010000c54                user_irq_claim_unused
 .text.lock_init
                0x0000000010000c7c       0x10 CMakeFiles/IOT_Car_Base.dir/home/swa248/pico/pico-sdk/src/common/pico_sync/lock_core.c.obj
                0x0000000010000c7c                lock_init
 .text.mutex_init
                0x0000000010000c8c       0x1c CMakeFiles/IOT_Car_Base.dir/home/swa248/pico/pico-sdk/src/common/pico_sync/mutex.c.obj
                0x0000000010000c8c                mutex_init
 .text.recursive_mutex_init
                0x0000000010000ca8       0x20 CMakeFiles/IOT_Car_Base.dir/home/swa248/pico/pico-sdk/src/common/pico_sync/mutex.c.obj
                0x0000000010000ca8                recursive_mutex_init
 .text.critical_section_init
                0x0000000010000cc8       0x20 CMakeFiles/IOT_Car_Base.dir/home/swa248/pico/pico-sdk/src/common/pico_sync/critical_section.c.obj
                0x0000000010000cc8                critical_section_init
 .text.critical_section_init_with_lock_num
                0x0000000010000ce8       0x14 CMakeFiles/IOT_Car_Base.dir/home/swa248/pico/pico-sdk/src/common/pico_sync/critical_section.c.obj
                0x0000000010000ce8                critical_section_init_with_lock_num
 .text.timer_pool_entry_comparator
                0x0000000010000cfc       0x34 CMakeFiles/IOT_Car_Base.dir/home/swa248/pico/pico-sdk/src/common/pico_time/time.c.obj
                0x0000000010000cfc                timer_pool_entry_comparator
 .text.sleep_until_callback
                0x0000000010000d30       0x24 CMakeFiles/IOT_Car_Base.dir/home/swa248/pico/pico-sdk/src/common/pico_time/time.c.obj
 .text.add_alarm_under_lock.isra.0
                0x0000000010000d54      0x100 CMakeFiles/IOT_Car_Base.dir/home/swa248/pico/pico-sdk/src/common/pico_time/time.c.obj
 .text.alarm_pool_alarm_callback
                0x0000000010000e54      0x1bc CMakeFiles/IOT_Car_Base.dir/home/swa248/pico/pico-sdk/src/common/pico_time/time.c.obj
 .text.alarm_pool_init_default
                0x0000000010001010       0x6c CMakeFiles/IOT_Car_Base.dir/home/swa248/pico/pico-sdk/src/common/pico_time/time.c.obj
                0x0000000010001010                alarm_pool_init_default
 .text.alarm_pool_get_default
                0x000000001000107c        0x8 CMakeFiles/IOT_Car_Base.dir/home/swa248/pico/pico-sdk/src/common/pico_time/time.c.obj
                0x000000001000107c                alarm_pool_get_default
 .text.alarm_pool_add_alarm_at
                0x0000000010001084      0x178 CMakeFiles/IOT_Car_Base.dir/home/swa248/pico/pico-sdk/src/common/pico_time/time.c.obj
                0x0000000010001084                alarm_pool_add_alarm_at
 .text.alarm_pool_core_num
                0x00000000100011fc        0x4 CMakeFiles/IOT_Car_Base.dir/home/swa248/pico/pico-sdk/src/common/pico_time/time.c.obj
                0x00000000100011fc                alarm_pool_core_num
 .text.best_effort_wfe_or_timeout
                0x0000000010001200       0xd4 CMakeFiles/IOT_Car_Base.dir/home/swa248/pico/pico-sdk/src/common/pico_time/time.c.obj
                0x0000000010001200                best_effort_wfe_or_timeout
 .text.hardware_alarm_irq_handler
                0x00000000100012d4       0xbc CMakeFiles/IOT_Car_Base.dir/home/swa248/pico/pico-sdk/src/rp2_common/hardware_timer/timer.c.obj
 .text.hardware_alarm_claim
                0x0000000010001390       0x18 CMakeFiles/IOT_Car_Base.dir/home/swa248/pico/pico-sdk/src/rp2_common/hardware_timer/timer.c.obj
                0x0000000010001390                hardware_alarm_claim
 .text.time_us_64
                0x00000000100013a8       0x14 CMakeFiles/IOT_Car_Base.dir/home/swa248/pico/pico-sdk/src/rp2_common/hardware_timer/timer.c.obj
                0x00000000100013a8                time_us_64
 .text.busy_wait_us
                0x00000000100013bc       0x54 CMakeFiles/IOT_Car_Base.dir/home/swa248/pico/pico-sdk/src/rp2_common/hardware_timer/timer.c.obj
                0x00000000100013bc                busy_wait_us
 .text.hardware_alarm_set_callback
                0x0000000010001410       0x8c CMakeFiles/IOT_Car_Base.dir/home/swa248/pico/pico-sdk/src/rp2_common/hardware_timer/timer.c.obj
                0x0000000010001410                hardware_alarm_set_callback
 .text.hardware_alarm_set_target
                0x000000001000149c       0xd4 CMakeFiles/IOT_Car_Base.dir/home/swa248/pico/pico-sdk/src/rp2_common/hardware_timer/timer.c.obj
                0x000000001000149c                hardware_alarm_set_target
 .text.hardware_alarm_cancel
                0x0000000010001570       0x3c CMakeFiles/IOT_Car_Base.dir/home/swa248/pico/pico-sdk/src/rp2_common/hardware_timer/timer.c.obj
                0x0000000010001570                hardware_alarm_cancel
 .text.ph_merge_nodes
                0x00000000100015ac       0x68 CMakeFiles/IOT_Car_Base.dir/home/swa248/pico/pico-sdk/src/common/pico_util/pheap.c.obj
 .text.ph_post_alloc_init
                0x0000000010001614       0x3c CMakeFiles/IOT_Car_Base.dir/home/swa248/pico/pico-sdk/src/common/pico_util/pheap.c.obj
                0x0000000010001614                ph_post_alloc_init
 .text.ph_merge_two_pass
                0x0000000010001650       0x90 CMakeFiles/IOT_Car_Base.dir/home/swa248/pico/pico-sdk/src/common/pico_util/pheap.c.obj
                0x0000000010001650                ph_merge_two_pass
 .text.ph_remove_any_head
                0x00000000100016e0      0x100 CMakeFiles/IOT_Car_Base.dir/home/swa248/pico/pico-sdk/src/common/pico_util/pheap.c.obj
 .text.ph_remove_head
                0x00000000100017e0      0x104 CMakeFiles/IOT_Car_Base.dir/home/swa248/pico/pico-sdk/src/common/pico_util/pheap.c.obj
                0x00000000100017e0                ph_remove_head
 .text.ph_remove_and_free_node
                0x00000000100018e4       0x7c CMakeFiles/IOT_Car_Base.dir/home/swa248/pico/pico-sdk/src/common/pico_util/pheap.c.obj
                0x00000000100018e4                ph_remove_and_free_node
 .text.uart_init
                0x0000000010001960      0x188 CMakeFiles/IOT_Car_Base.dir/home/swa248/pico/pico-sdk/src/rp2_common/hardware_uart/uart.c.obj
                0x0000000010001960                uart_init
 .text.uart_set_format
                0x0000000010001ae8       0x7c CMakeFiles/IOT_Car_Base.dir/home/swa248/pico/pico-sdk/src/rp2_common/hardware_uart/uart.c.obj
                0x0000000010001ae8                uart_set_format
 .text.uart_set_fifo_enabled
                0x0000000010001b64       0x64 CMakeFiles/IOT_Car_Base.dir/home/swa248/pico/pico-sdk/src/rp2_common/hardware_uart/uart.c.obj
                0x0000000010001b64                uart_set_fifo_enabled
 .text.clocks_init
                0x0000000010001bc8      0x2d0 CMakeFiles/IOT_Car_Base.dir/home/swa248/pico/pico-sdk/src/rp2_common/hardware_clocks/clocks.c.obj
                0x0000000010001bc8                clocks_init
 .text.clock_get_hz
                0x0000000010001e98        0xc CMakeFiles/IOT_Car_Base.dir/home/swa248/pico/pico-sdk/src/rp2_common/hardware_clocks/clocks.c.obj
                0x0000000010001e98                clock_get_hz
 .text.pll_init
                0x0000000010001ea4       0xa0 CMakeFiles/IOT_Car_Base.dir/home/swa248/pico/pico-sdk/src/rp2_common/hardware_pll/pll.c.obj
                0x0000000010001ea4                pll_init
 .text.watchdog_start_tick
                0x0000000010001f44       0x10 CMakeFiles/IOT_Car_Base.dir/home/swa248/pico/pico-sdk/src/rp2_common/hardware_watchdog/watchdog.c.obj
                0x0000000010001f44                watchdog_start_tick
 .text.watchdog_reboot
                0x0000000010001f54       0x98 CMakeFiles/IOT_Car_Base.dir/home/swa248/pico/pico-sdk/src/rp2_common/hardware_watchdog/watchdog.c.obj
                0x0000000010001f54                watchdog_reboot
 .text.xosc_init
                0x0000000010001fec       0x28 CMakeFiles/IOT_Car_Base.dir/home/swa248/pico/pico-sdk/src/rp2_common/hardware_xosc/xosc.c.obj
                0x0000000010001fec                xosc_init
 .text.runtime_init
                0x0000000010002014       0xf0 CMakeFiles/IOT_Car_Base.dir/home/swa248/pico/pico-sdk/src/rp2_common/pico_runtime/runtime.c.obj
                0x0000000010002014                runtime_init
 .text._exit    0x0000000010002104        0x4 CMakeFiles/IOT_Car_Base.dir/home/swa248/pico/pico-sdk/src/rp2_common/pico_runtime/runtime.c.obj
                0x0000000010002104                _exit
 .text.exit     0x0000000010002108        0x8 CMakeFiles/IOT_Car_Base.dir/home/swa248/pico/pico-sdk/src/rp2_common/pico_runtime/runtime.c.obj
                0x0000000010002108                exit
 .text.panic    0x0000000010002110       0x30 CMakeFiles/IOT_Car_Base.dir/home/swa248/pico/pico-sdk/src/rp2_common/pico_runtime/runtime.c.obj
                0x0000000010002110                panic
 .text.panic_unsupported
                0x0000000010002140        0xc CMakeFiles/IOT_Car_Base.dir/home/swa248/pico/pico-sdk/src/rp2_common/pico_runtime/runtime.c.obj
                0x0000000010002140                panic_unsupported
 .text.hard_assertion_failure
                0x000000001000214c        0xc CMakeFiles/IOT_Car_Base.dir/home/swa248/pico/pico-sdk/src/rp2_common/pico_runtime/runtime.c.obj
                0x000000001000214c                hard_assertion_failure
 .text._out_char
                0x0000000010002158       0x10 CMakeFiles/IOT_Car_Base.dir/home/swa248/pico/pico-sdk/src/rp2_common/pico_printf/printf.c.obj
 .text.weak_raw_vprintf
                0x0000000010002168       0x30 CMakeFiles/IOT_Car_Base.dir/home/swa248/pico/pico-sdk/src/rp2_common/pico_printf/printf.c.obj
                0x0000000010002168                weak_raw_vprintf
 .text          0x0000000010002198       0x10 CMakeFiles/IOT_Car_Base.dir/home/swa248/pico/pico-sdk/src/rp2_common/pico_bit_ops/bit_ops_aeabi.S.obj
 .text.rom_func_lookup
                0x00000000100021a8       0x10 CMakeFiles/IOT_Car_Base.dir/home/swa248/pico/pico-sdk/src/rp2_common/pico_bootrom/bootrom.c.obj
                0x00000000100021a8                rom_func_lookup
 .text.rom_data_lookup
                0x00000000100021b8       0x10 CMakeFiles/IOT_Car_Base.dir/home/swa248/pico/pico-sdk/src/rp2_common/pico_bootrom/bootrom.c.obj
                0x00000000100021b8                rom_data_lookup
 .text.rom_funcs_lookup
                0x00000000100021c8       0x44 CMakeFiles/IOT_Car_Base.dir/home/swa248/pico/pico-sdk/src/rp2_common/pico_bootrom/bootrom.c.obj
                0x00000000100021c8                rom_funcs_lookup
 .text.__wrap___aeabi_uidiv
                0x000000001000220c       0x4c CMakeFiles/IOT_Car_Base.dir/home/swa248/pico/pico-sdk/src/rp2_common/pico_divider/divider.S.obj
                0x000000001000220c                __wrap___aeabi_uidiv
                0x000000001000220c                __wrap___aeabi_uidivmod
                0x000000001000220c                div_u32u32
                0x000000001000220c                divmod_u32u32
                0x0000000010002214                divmod_u32u32_unsafe
                0x000000001000223c                divmod_u32u32_savestate
 .text.__wrap___aeabi_ldiv
                0x0000000010002258      0x424 CMakeFiles/IOT_Car_Base.dir/home/swa248/pico/pico-sdk/src/rp2_common/pico_divider/divider.S.obj
                0x0000000010002258                div_s64s64
                0x0000000010002258                divmod_s64s64
                0x0000000010002258                __wrap___aeabi_ldivmod
                0x0000000010002288                div_u64u64
                0x0000000010002288                divmod_u64u64
                0x0000000010002288                __wrap___aeabi_uldivmod
                0x0000000010002298                divmod_u64u64_savestate
                0x00000000100022b8                divmod_s64s64_unsafe
                0x0000000010002340                divmod_u64u64_unsafe
 .text.__aeabi_double_init
                0x000000001000267c       0x94 CMakeFiles/IOT_Car_Base.dir/home/swa248/pico/pico-sdk/src/rp2_common/pico_double/double_init_rom.c.obj
                0x000000001000267c                __aeabi_double_init
 .text.double_table_shim_on_use_helper
                0x0000000010002710       0x2c CMakeFiles/IOT_Car_Base.dir/home/swa248/pico/pico-sdk/src/rp2_common/pico_double/double_v1_rom_shim.S.obj
                0x0000000010002710                double_table_shim_on_use_helper
 .text.__aeabi_lmul
                0x000000001000273c       0x32 CMakeFiles/IOT_Car_Base.dir/home/swa248/pico/pico-sdk/src/rp2_common/pico_int64_ops/pico_int64_ops_aeabi.S.obj
                0x000000001000273c                __wrap___aeabi_lmul
 *fill*         0x000000001000276e        0x2 
 .text.__aeabi_float_init
                0x0000000010002770       0x64 CMakeFiles/IOT_Car_Base.dir/home/swa248/pico/pico-sdk/src/rp2_common/pico_float/float_init_rom.c.obj
                0x0000000010002770                __aeabi_float_init
 .text.float_table_shim_on_use_helper
                0x00000000100027d4       0x2c CMakeFiles/IOT_Car_Base.dir/home/swa248/pico/pico-sdk/src/rp2_common/pico_float/float_v1_rom_shim.S.obj
                0x00000000100027d4                float_table_shim_on_use_helper
 .text          0x0000000010002800       0x10 CMakeFiles/IOT_Car_Base.dir/home/swa248/pico/pico-sdk/src/rp2_common/pico_mem_ops/mem_ops_aeabi.S.obj
                0x0000000010002800                __aeabi_mem_init
 .text.memset   0x0000000010002810        0xc CMakeFiles/IOT_Car_Base.dir/home/swa248/pico/pico-sdk/src/rp2_common/pico_mem_ops/mem_ops_aeabi.S.obj
                0x0000000010002810                __wrap_memset
 .text.memcpy   0x000000001000281c        0xc CMakeFiles/IOT_Car_Base.dir/home/swa248/pico/pico-sdk/src/rp2_common/pico_mem_ops/mem_ops_aeabi.S.obj
                0x000000001000281c                __wrap___aeabi_memcpy
                0x000000001000281c                __wrap_memcpy
 .text.stdio_out_chars_no_crlf
                0x0000000010002828       0x10 CMakeFiles/IOT_Car_Base.dir/home/swa248/pico/pico-sdk/src/rp2_common/pico_stdio/stdio.c.obj
 .text.stdio_out_chars_crlf
                0x0000000010002838       0xb4 CMakeFiles/IOT_Car_Base.dir/home/swa248/pico/pico-sdk/src/rp2_common/pico_stdio/stdio.c.obj
 .text.stdio_put_string.isra.0
                0x00000000100028ec       0xfc CMakeFiles/IOT_Car_Base.dir/home/swa248/pico/pico-sdk/src/rp2_common/pico_stdio/stdio.c.obj
 .text.__wrap_putchar
                0x00000000100029e8       0x98 CMakeFiles/IOT_Car_Base.dir/home/swa248/pico/pico-sdk/src/rp2_common/pico_stdio/stdio.c.obj
                0x00000000100029e8                __wrap_putchar
 .text.__wrap_puts
                0x0000000010002a80       0x3c CMakeFiles/IOT_Car_Base.dir/home/swa248/pico/pico-sdk/src/rp2_common/pico_stdio/stdio.c.obj
                0x0000000010002a80                __wrap_puts
 .text.stdio_set_driver_enabled
                0x0000000010002abc       0x30 CMakeFiles/IOT_Car_Base.dir/home/swa248/pico/pico-sdk/src/rp2_common/pico_stdio/stdio.c.obj
                0x0000000010002abc                stdio_set_driver_enabled
 .text.stdio_init_all
                0x0000000010002aec        0x8 CMakeFiles/IOT_Car_Base.dir/home/swa248/pico/pico-sdk/src/rp2_common/pico_stdio/stdio.c.obj
                0x0000000010002aec                stdio_init_all
 .text.resetd_init
                0x0000000010002af4        0x4 CMakeFiles/IOT_Car_Base.dir/home/swa248/pico/pico-sdk/src/rp2_common/pico_stdio_usb/reset_interface.c.obj
 .text.resetd_reset
                0x0000000010002af8        0xc CMakeFiles/IOT_Car_Base.dir/home/swa248/pico/pico-sdk/src/rp2_common/pico_stdio_usb/reset_interface.c.obj
 .text.resetd_open
                0x0000000010002b04       0x28 CMakeFiles/IOT_Car_Base.dir/home/swa248/pico/pico-sdk/src/rp2_common/pico_stdio_usb/reset_interface.c.obj
 .text.resetd_xfer_cb
                0x0000000010002b2c        0x4 CMakeFiles/IOT_Car_Base.dir/home/swa248/pico/pico-sdk/src/rp2_common/pico_stdio_usb/reset_interface.c.obj
 .text.resetd_control_xfer_cb
                0x0000000010002b30       0x64 CMakeFiles/IOT_Car_Base.dir/home/swa248/pico/pico-sdk/src/rp2_common/pico_stdio_usb/reset_interface.c.obj
 .text.usbd_app_driver_get_cb
                0x0000000010002b94        0xc CMakeFiles/IOT_Car_Base.dir/home/swa248/pico/pico-sdk/src/rp2_common/pico_stdio_usb/reset_interface.c.obj
                0x0000000010002b94                usbd_app_driver_get_cb
 .text.tud_cdc_line_coding_cb
                0x0000000010002ba0       0x34 CMakeFiles/IOT_Car_Base.dir/home/swa248/pico/pico-sdk/src/rp2_common/pico_stdio_usb/reset_interface.c.obj
                0x0000000010002ba0                tud_cdc_line_coding_cb
 .text.stdio_usb_set_chars_available_callback
                0x0000000010002bd4       0x14 CMakeFiles/IOT_Car_Base.dir/home/swa248/pico/pico-sdk/src/rp2_common/pico_stdio_usb/stdio_usb.c.obj
                0x0000000010002bd4                stdio_usb_set_chars_available_callback
 .text.usb_irq  0x0000000010002be8       0x10 CMakeFiles/IOT_Car_Base.dir/home/swa248/pico/pico-sdk/src/rp2_common/pico_stdio_usb/stdio_usb.c.obj
 .text.timer_task
                0x0000000010002bf8       0x54 CMakeFiles/IOT_Car_Base.dir/home/swa248/pico/pico-sdk/src/rp2_common/pico_stdio_usb/stdio_usb.c.obj
 .text.stdio_usb_in_chars
                0x0000000010002c4c       0x90 CMakeFiles/IOT_Car_Base.dir/home/swa248/pico/pico-sdk/src/rp2_common/pico_stdio_usb/stdio_usb.c.obj
                0x0000000010002c4c                stdio_usb_in_chars
 .text.stdio_usb_out_chars
                0x0000000010002cdc      0x100 CMakeFiles/IOT_Car_Base.dir/home/swa248/pico/pico-sdk/src/rp2_common/pico_stdio_usb/stdio_usb.c.obj
 .text.low_priority_worker_irq
                0x0000000010002ddc       0xa8 CMakeFiles/IOT_Car_Base.dir/home/swa248/pico/pico-sdk/src/rp2_common/pico_stdio_usb/stdio_usb.c.obj
 .text.tud_cdc_rx_cb
                0x0000000010002e84       0x20 CMakeFiles/IOT_Car_Base.dir/home/swa248/pico/pico-sdk/src/rp2_common/pico_stdio_usb/stdio_usb.c.obj
                0x0000000010002e84                tud_cdc_rx_cb
 .text.stdio_usb_init
                0x0000000010002ea4       0xdc CMakeFiles/IOT_Car_Base.dir/home/swa248/pico/pico-sdk/src/rp2_common/pico_stdio_usb/stdio_usb.c.obj
                0x0000000010002ea4                stdio_usb_init
 .text.tud_descriptor_device_cb
                0x0000000010002f80        0x8 CMakeFiles/IOT_Car_Base.dir/home/swa248/pico/pico-sdk/src/rp2_common/pico_stdio_usb/stdio_usb_descriptors.c.obj
                0x0000000010002f80                tud_descriptor_device_cb
 .text.tud_descriptor_configuration_cb
                0x0000000010002f88        0x8 CMakeFiles/IOT_Car_Base.dir/home/swa248/pico/pico-sdk/src/rp2_common/pico_stdio_usb/stdio_usb_descriptors.c.obj
                0x0000000010002f88                tud_descriptor_configuration_cb
 .text.tud_descriptor_string_cb
                0x0000000010002f90       0x74 CMakeFiles/IOT_Car_Base.dir/home/swa248/pico/pico-sdk/src/rp2_common/pico_stdio_usb/stdio_usb_descriptors.c.obj
                0x0000000010002f90                tud_descriptor_string_cb
 .text.startup._retrieve_unique_id_on_boot
                0x0000000010003004       0x10 CMakeFiles/IOT_Car_Base.dir/home/swa248/pico/pico-sdk/src/rp2_common/pico_unique_id/unique_id.c.obj
 .text.pico_get_unique_board_id_string
                0x0000000010003014      0x1a8 CMakeFiles/IOT_Car_Base.dir/home/swa248/pico/pico-sdk/src/rp2_common/pico_unique_id/unique_id.c.obj
                0x0000000010003014                pico_get_unique_board_id_string
 .text.flash_get_unique_id
                0x00000000100031bc       0x40 CMakeFiles/IOT_Car_Base.dir/home/swa248/pico/pico-sdk/src/rp2_common/hardware_flash/flash.c.obj
                0x00000000100031bc                flash_get_unique_id
 .text.dcd_int_enable
                0x00000000100031fc        0xc CMakeFiles/IOT_Car_Base.dir/home/swa248/pico/pico-sdk/lib/tinyusb/src/portable/raspberrypi/rp2040/dcd_rp2040.c.obj
                0x00000000100031fc                dcd_int_enable
 .text.dcd_set_address
                0x0000000010003208       0x14 CMakeFiles/IOT_Car_Base.dir/home/swa248/pico/pico-sdk/lib/tinyusb/src/portable/raspberrypi/rp2040/dcd_rp2040.c.obj
                0x0000000010003208                dcd_set_address
 .text.dcd_connect
                0x000000001000321c       0x10 CMakeFiles/IOT_Car_Base.dir/home/swa248/pico/pico-sdk/lib/tinyusb/src/portable/raspberrypi/rp2040/dcd_rp2040.c.obj
                0x000000001000321c                dcd_connect
 .text.dcd_init
                0x000000001000322c       0x98 CMakeFiles/IOT_Car_Base.dir/home/swa248/pico/pico-sdk/lib/tinyusb/src/portable/raspberrypi/rp2040/dcd_rp2040.c.obj
                0x000000001000322c                dcd_init
 .text.dcd_edpt0_status_complete
                0x00000000100032c4       0x1c CMakeFiles/IOT_Car_Base.dir/home/swa248/pico/pico-sdk/lib/tinyusb/src/portable/raspberrypi/rp2040/dcd_rp2040.c.obj
                0x00000000100032c4                dcd_edpt0_status_complete
 .text.dcd_edpt_open
                0x00000000100032e0      0x108 CMakeFiles/IOT_Car_Base.dir/home/swa248/pico/pico-sdk/lib/tinyusb/src/portable/raspberrypi/rp2040/dcd_rp2040.c.obj
                0x00000000100032e0                dcd_edpt_open
 .text.dcd_edpt_close_all
                0x00000000100033e8        0x8 CMakeFiles/IOT_Car_Base.dir/home/swa248/pico/pico-sdk/lib/tinyusb/src/portable/raspberrypi/rp2040/dcd_rp2040.c.obj
                0x00000000100033e8                dcd_edpt_close_all
 .text.dcd_edpt_xfer
                0x00000000100033f0       0x24 CMakeFiles/IOT_Car_Base.dir/home/swa248/pico/pico-sdk/lib/tinyusb/src/portable/raspberrypi/rp2040/dcd_rp2040.c.obj
                0x00000000100033f0                dcd_edpt_xfer
 .text.dcd_edpt_stall
                0x0000000010003414       0x38 CMakeFiles/IOT_Car_Base.dir/home/swa248/pico/pico-sdk/lib/tinyusb/src/portable/raspberrypi/rp2040/dcd_rp2040.c.obj
                0x0000000010003414                dcd_edpt_stall
 .text.dcd_edpt_clear_stall
                0x000000001000344c       0x30 CMakeFiles/IOT_Car_Base.dir/home/swa248/pico/pico-sdk/lib/tinyusb/src/portable/raspberrypi/rp2040/dcd_rp2040.c.obj
                0x000000001000344c                dcd_edpt_clear_stall
 .text.rp2040_usb_init
                0x000000001000347c       0x4c CMakeFiles/IOT_Car_Base.dir/home/swa248/pico/pico-sdk/lib/tinyusb/src/portable/raspberrypi/rp2040/rp2040_usb.c.obj
                0x000000001000347c                rp2040_usb_init
 .text.hw_endpoint_xfer_start
                0x00000000100034c8       0x50 CMakeFiles/IOT_Car_Base.dir/home/swa248/pico/pico-sdk/lib/tinyusb/src/portable/raspberrypi/rp2040/rp2040_usb.c.obj
                0x00000000100034c8                hw_endpoint_xfer_start
 .text.tud_mounted
                0x0000000010003518       0x10 CMakeFiles/IOT_Car_Base.dir/home/swa248/pico/pico-sdk/lib/tinyusb/src/device/usbd.c.obj
                0x0000000010003518                tud_mounted
 .text.tud_suspended
                0x0000000010003528       0x10 CMakeFiles/IOT_Car_Base.dir/home/swa248/pico/pico-sdk/lib/tinyusb/src/device/usbd.c.obj
                0x0000000010003528                tud_suspended
 .text.tud_inited
                0x0000000010003538       0x14 CMakeFiles/IOT_Car_Base.dir/home/swa248/pico/pico-sdk/lib/tinyusb/src/device/usbd.c.obj
                0x0000000010003538                tud_inited
 .text.tud_init
                0x000000001000354c       0xe4 CMakeFiles/IOT_Car_Base.dir/home/swa248/pico/pico-sdk/lib/tinyusb/src/device/usbd.c.obj
                0x000000001000354c                tud_init
 .text.tud_task_ext
                0x0000000010003630      0x854 CMakeFiles/IOT_Car_Base.dir/home/swa248/pico/pico-sdk/lib/tinyusb/src/device/usbd.c.obj
                0x0000000010003630                tud_task_ext
 .text.usbd_open_edpt_pair
                0x0000000010003e84       0x9c CMakeFiles/IOT_Car_Base.dir/home/swa248/pico/pico-sdk/lib/tinyusb/src/device/usbd.c.obj
                0x0000000010003e84                usbd_open_edpt_pair
 .text.usbd_defer_func
                0x0000000010003f20       0x48 CMakeFiles/IOT_Car_Base.dir/home/swa248/pico/pico-sdk/lib/tinyusb/src/device/usbd.c.obj
                0x0000000010003f20                usbd_defer_func
 .text.usbd_edpt_open
                0x0000000010003f68       0x34 CMakeFiles/IOT_Car_Base.dir/home/swa248/pico/pico-sdk/lib/tinyusb/src/device/usbd.c.obj
                0x0000000010003f68                usbd_edpt_open
 .text.usbd_edpt_claim
                0x0000000010003f9c       0x28 CMakeFiles/IOT_Car_Base.dir/home/swa248/pico/pico-sdk/lib/tinyusb/src/device/usbd.c.obj
                0x0000000010003f9c                usbd_edpt_claim
 .text.usbd_edpt_release
                0x0000000010003fc4       0x28 CMakeFiles/IOT_Car_Base.dir/home/swa248/pico/pico-sdk/lib/tinyusb/src/device/usbd.c.obj
                0x0000000010003fc4                usbd_edpt_release
 .text.usbd_edpt_xfer
                0x0000000010003fec       0x4c CMakeFiles/IOT_Car_Base.dir/home/swa248/pico/pico-sdk/lib/tinyusb/src/device/usbd.c.obj
                0x0000000010003fec                usbd_edpt_xfer
 .text.tud_control_status
                0x0000000010004038       0x30 CMakeFiles/IOT_Car_Base.dir/home/swa248/pico/pico-sdk/lib/tinyusb/src/device/usbd_control.c.obj
                0x0000000010004038                tud_control_status
 .text.tud_control_xfer
                0x0000000010004068       0xbc CMakeFiles/IOT_Car_Base.dir/home/swa248/pico/pico-sdk/lib/tinyusb/src/device/usbd_control.c.obj
                0x0000000010004068                tud_control_xfer
 .text.usbd_control_reset
                0x0000000010004124       0x14 CMakeFiles/IOT_Car_Base.dir/home/swa248/pico/pico-sdk/lib/tinyusb/src/device/usbd_control.c.obj
                0x0000000010004124                usbd_control_reset
 .text.usbd_control_set_complete_callback
                0x0000000010004138        0xc CMakeFiles/IOT_Car_Base.dir/home/swa248/pico/pico-sdk/lib/tinyusb/src/device/usbd_control.c.obj
                0x0000000010004138                usbd_control_set_complete_callback
 .text.usbd_control_set_request
                0x0000000010004144       0x1c CMakeFiles/IOT_Car_Base.dir/home/swa248/pico/pico-sdk/lib/tinyusb/src/device/usbd_control.c.obj
                0x0000000010004144                usbd_control_set_request
 .text.usbd_control_xfer_cb
                0x0000000010004160       0xfc CMakeFiles/IOT_Car_Base.dir/home/swa248/pico/pico-sdk/lib/tinyusb/src/device/usbd_control.c.obj
                0x0000000010004160                usbd_control_xfer_cb
 .text.tud_cdc_n_connected
                0x000000001000425c       0x30 CMakeFiles/IOT_Car_Base.dir/home/swa248/pico/pico-sdk/lib/tinyusb/src/class/cdc/cdc_device.c.obj
                0x000000001000425c                tud_cdc_n_connected
 .text.tud_cdc_n_available
                0x000000001000428c       0x18 CMakeFiles/IOT_Car_Base.dir/home/swa248/pico/pico-sdk/lib/tinyusb/src/class/cdc/cdc_device.c.obj
                0x000000001000428c                tud_cdc_n_available
 .text.tud_cdc_n_read
                0x00000000100042a4       0x70 CMakeFiles/IOT_Car_Base.dir/home/swa248/pico/pico-sdk/lib/tinyusb/src/class/cdc/cdc_device.c.obj
                0x00000000100042a4                tud_cdc_n_read
 .text.tud_cdc_n_write_flush
                0x0000000010004314       0x78 CMakeFiles/IOT_Car_Base.dir/home/swa248/pico/pico-sdk/lib/tinyusb/src/class/cdc/cdc_device.c.obj
                0x0000000010004314                tud_cdc_n_write_flush
 .text.tud_cdc_n_write
                0x000000001000438c       0x34 CMakeFiles/IOT_Car_Base.dir/home/swa248/pico/pico-sdk/lib/tinyusb/src/class/cdc/cdc_device.c.obj
                0x000000001000438c                tud_cdc_n_write
 .text.tud_cdc_n_write_available
                0x00000000100043c0       0x18 CMakeFiles/IOT_Car_Base.dir/home/swa248/pico/pico-sdk/lib/tinyusb/src/class/cdc/cdc_device.c.obj
                0x00000000100043c0                tud_cdc_n_write_available
 .text.cdcd_init
                0x00000000100043d8       0x7c CMakeFiles/IOT_Car_Base.dir/home/swa248/pico/pico-sdk/lib/tinyusb/src/class/cdc/cdc_device.c.obj
                0x00000000100043d8                cdcd_init
 .text.cdcd_reset
                0x0000000010004454       0x2c CMakeFiles/IOT_Car_Base.dir/home/swa248/pico/pico-sdk/lib/tinyusb/src/class/cdc/cdc_device.c.obj
                0x0000000010004454                cdcd_reset
 .text.cdcd_open
                0x0000000010004480       0xe8 CMakeFiles/IOT_Car_Base.dir/home/swa248/pico/pico-sdk/lib/tinyusb/src/class/cdc/cdc_device.c.obj
                0x0000000010004480                cdcd_open
 .text.cdcd_control_xfer_cb
                0x0000000010004568       0xe4 CMakeFiles/IOT_Car_Base.dir/home/swa248/pico/pico-sdk/lib/tinyusb/src/class/cdc/cdc_device.c.obj
                0x0000000010004568                cdcd_control_xfer_cb
 .text.cdcd_xfer_cb
                0x000000001000464c      0x148 CMakeFiles/IOT_Car_Base.dir/home/swa248/pico/pico-sdk/lib/tinyusb/src/class/cdc/cdc_device.c.obj
                0x000000001000464c                cdcd_xfer_cb
 .text.tusb_init
                0x0000000010004794        0xc CMakeFiles/IOT_Car_Base.dir/home/swa248/pico/pico-sdk/lib/tinyusb/src/tusb.c.obj
                0x0000000010004794                tusb_init
 .text.tusb_inited
                0x00000000100047a0        0x8 CMakeFiles/IOT_Car_Base.dir/home/swa248/pico/pico-sdk/lib/tinyusb/src/tusb.c.obj
                0x00000000100047a0                tusb_inited
 .text.tu_edpt_claim
                0x00000000100047a8       0x50 CMakeFiles/IOT_Car_Base.dir/home/swa248/pico/pico-sdk/lib/tinyusb/src/tusb.c.obj
                0x00000000100047a8                tu_edpt_claim
 .text.tu_edpt_release
                0x00000000100047f8       0x38 CMakeFiles/IOT_Car_Base.dir/home/swa248/pico/pico-sdk/lib/tinyusb/src/tusb.c.obj
                0x00000000100047f8                tu_edpt_release
 .text.tu_edpt_validate
                0x0000000010004830       0x78 CMakeFiles/IOT_Car_Base.dir/home/swa248/pico/pico-sdk/lib/tinyusb/src/tusb.c.obj
                0x0000000010004830                tu_edpt_validate
 .text.tu_edpt_bind_driver
                0x00000000100048a8       0x34 CMakeFiles/IOT_Car_Base.dir/home/swa248/pico/pico-sdk/lib/tinyusb/src/tusb.c.obj
                0x00000000100048a8                tu_edpt_bind_driver
 .text.tu_fifo_config
                0x00000000100048dc       0x70 CMakeFiles/IOT_Car_Base.dir/home/swa248/pico/pico-sdk/lib/tinyusb/src/common/tusb_fifo.c.obj
                0x00000000100048dc                tu_fifo_config
 .text.tu_fifo_count
                0x000000001000494c       0x2c CMakeFiles/IOT_Car_Base.dir/home/swa248/pico/pico-sdk/lib/tinyusb/src/common/tusb_fifo.c.obj
                0x000000001000494c                tu_fifo_count
 .text.tu_fifo_empty
                0x0000000010004978       0x10 CMakeFiles/IOT_Car_Base.dir/home/swa248/pico/pico-sdk/lib/tinyusb/src/common/tusb_fifo.c.obj
                0x0000000010004978                tu_fifo_empty
 .text.tu_fifo_remaining
                0x0000000010004988       0x2c CMakeFiles/IOT_Car_Base.dir/home/swa248/pico/pico-sdk/lib/tinyusb/src/common/tusb_fifo.c.obj
                0x0000000010004988                tu_fifo_remaining
 .text.tu_fifo_read
                0x00000000100049b4       0xa0 CMakeFiles/IOT_Car_Base.dir/home/swa248/pico/pico-sdk/lib/tinyusb/src/common/tusb_fifo.c.obj
                0x00000000100049b4                tu_fifo_read
 .text.tu_fifo_read_n
                0x0000000010004a54       0xec CMakeFiles/IOT_Car_Base.dir/home/swa248/pico/pico-sdk/lib/tinyusb/src/common/tusb_fifo.c.obj
                0x0000000010004a54                tu_fifo_read_n
 .text.tu_fifo_write
                0x0000000010004b40       0x88 CMakeFiles/IOT_Car_Base.dir/home/swa248/pico/pico-sdk/lib/tinyusb/src/common/tusb_fifo.c.obj
                0x0000000010004b40                tu_fifo_write
 .text.tu_fifo_write_n
                0x0000000010004bc8      0x168 CMakeFiles/IOT_Car_Base.dir/home/swa248/pico/pico-sdk/lib/tinyusb/src/common/tusb_fifo.c.obj
                0x0000000010004bc8                tu_fifo_write_n
 .text.tu_fifo_clear
                0x0000000010004d30       0x40 CMakeFiles/IOT_Car_Base.dir/home/swa248/pico/pico-sdk/lib/tinyusb/src/common/tusb_fifo.c.obj
                0x0000000010004d30                tu_fifo_clear
 .text.tu_fifo_set_overwritable
                0x0000000010004d70       0x48 CMakeFiles/IOT_Car_Base.dir/home/swa248/pico/pico-sdk/lib/tinyusb/src/common/tusb_fifo.c.obj
                0x0000000010004d70                tu_fifo_set_overwritable
 .text.i2c_set_baudrate
                0x0000000010004db8       0xc4 CMakeFiles/IOT_Car_Base.dir/home/swa248/pico/pico-sdk/src/rp2_common/hardware_i2c/i2c.c.obj
                0x0000000010004db8                i2c_set_baudrate
 .text.i2c_init
                0x0000000010004e7c       0x54 CMakeFiles/IOT_Car_Base.dir/home/swa248/pico/pico-sdk/src/rp2_common/hardware_i2c/i2c.c.obj
                0x0000000010004e7c                i2c_init
 .text.i2c_read_blocking
                0x0000000010004ed0       0xac CMakeFiles/IOT_Car_Base.dir/home/swa248/pico/pico-sdk/src/rp2_common/hardware_i2c/i2c.c.obj
                0x0000000010004ed0                i2c_read_blocking
 .text.pvPortMalloc
                0x0000000010004f7c      0x118 CMakeFiles/IOT_Car_Base.dir/__/lib/FreeRTOS-Kernel/portable/MemMang/heap_4.c.obj
                0x0000000010004f7c                pvPortMalloc
 .text.vPortFree
                0x0000000010005094       0x8c CMakeFiles/IOT_Car_Base.dir/__/lib/FreeRTOS-Kernel/portable/MemMang/heap_4.c.obj
                0x0000000010005094                vPortFree
 .text.vPortSVCHandler
                0x0000000010005120        0x4 CMakeFiles/IOT_Car_Base.dir/__/lib/FreeRTOS-Kernel/portable/ThirdParty/GCC/RP2040/port.c.obj
                0x0000000010005120                vPortSVCHandler
 *fill*         0x0000000010005124        0xc 
 .text.vPortStartFirstTask
                0x0000000010005130       0x34 CMakeFiles/IOT_Car_Base.dir/__/lib/FreeRTOS-Kernel/portable/ThirdParty/GCC/RP2040/port.c.obj
 *fill*         0x0000000010005164        0xc 
 .text.xPortPendSVHandler
                0x0000000010005170       0x64 CMakeFiles/IOT_Car_Base.dir/__/lib/FreeRTOS-Kernel/portable/ThirdParty/GCC/RP2040/port.c.obj
                0x0000000010005170                xPortPendSVHandler
 .text.prvFIFOInterruptHandler
                0x00000000100051d4       0x78 CMakeFiles/IOT_Car_Base.dir/__/lib/FreeRTOS-Kernel/portable/ThirdParty/GCC/RP2040/port.c.obj
 .text.prvTaskExitError
                0x000000001000524c        0x8 CMakeFiles/IOT_Car_Base.dir/__/lib/FreeRTOS-Kernel/portable/ThirdParty/GCC/RP2040/port.c.obj
 .text.pxPortInitialiseStack
                0x0000000010005254       0x20 CMakeFiles/IOT_Car_Base.dir/__/lib/FreeRTOS-Kernel/portable/ThirdParty/GCC/RP2040/port.c.obj
                0x0000000010005254                pxPortInitialiseStack
 .text.vPortYield
                0x0000000010005274       0x18 CMakeFiles/IOT_Car_Base.dir/__/lib/FreeRTOS-Kernel/portable/ThirdParty/GCC/RP2040/port.c.obj
                0x0000000010005274                vPortYield
 .text.vPortEnterCritical
                0x000000001000528c       0x18 CMakeFiles/IOT_Car_Base.dir/__/lib/FreeRTOS-Kernel/portable/ThirdParty/GCC/RP2040/port.c.obj
                0x000000001000528c                vPortEnterCritical
 .text.vPortExitCritical
                0x00000000100052a4       0x34 CMakeFiles/IOT_Car_Base.dir/__/lib/FreeRTOS-Kernel/portable/ThirdParty/GCC/RP2040/port.c.obj
                0x00000000100052a4                vPortExitCritical
 .text.ulSetInterruptMaskFromISR
                0x00000000100052d8        0x8 CMakeFiles/IOT_Car_Base.dir/__/lib/FreeRTOS-Kernel/portable/ThirdParty/GCC/RP2040/port.c.obj
                0x00000000100052d8                ulSetInterruptMaskFromISR
 .text.vClearInterruptMaskFromISR
                0x00000000100052e0        0x8 CMakeFiles/IOT_Car_Base.dir/__/lib/FreeRTOS-Kernel/portable/ThirdParty/GCC/RP2040/port.c.obj
                0x00000000100052e0                vClearInterruptMaskFromISR
 .text.xPortSysTickHandler
                0x00000000100052e8       0x24 CMakeFiles/IOT_Car_Base.dir/__/lib/FreeRTOS-Kernel/portable/ThirdParty/GCC/RP2040/port.c.obj
                0x00000000100052e8                xPortSysTickHandler
 .text.vPortSetupTimerInterrupt
                0x000000001000530c       0x34 CMakeFiles/IOT_Car_Base.dir/__/lib/FreeRTOS-Kernel/portable/ThirdParty/GCC/RP2040/port.c.obj
                0x000000001000530c                vPortSetupTimerInterrupt
 .text.xPortStartScheduler
                0x0000000010005340       0xa8 CMakeFiles/IOT_Car_Base.dir/__/lib/FreeRTOS-Kernel/portable/ThirdParty/GCC/RP2040/port.c.obj
                0x0000000010005340                xPortStartScheduler
 .text.ulPortLockGetCurrentOwnerId
                0x00000000100053e8       0x2c CMakeFiles/IOT_Car_Base.dir/__/lib/FreeRTOS-Kernel/portable/ThirdParty/GCC/RP2040/port.c.obj
                0x00000000100053e8                ulPortLockGetCurrentOwnerId
 .text.vPortLockInternalSpinUnlockWithNotify
                0x0000000010005414       0xc8 CMakeFiles/IOT_Car_Base.dir/__/lib/FreeRTOS-Kernel/portable/ThirdParty/GCC/RP2040/port.c.obj
                0x0000000010005414                vPortLockInternalSpinUnlockWithNotify
 .text.xPortLockInternalSpinUnlockWithBestEffortWaitOrTimeout
                0x00000000100054dc       0xfc CMakeFiles/IOT_Car_Base.dir/__/lib/FreeRTOS-Kernel/portable/ThirdParty/GCC/RP2040/port.c.obj
                0x00000000100054dc                xPortLockInternalSpinUnlockWithBestEffortWaitOrTimeout
 .text.startup.prvRuntimeInitializer
                0x00000000100055d8       0x28 CMakeFiles/IOT_Car_Base.dir/__/lib/FreeRTOS-Kernel/portable/ThirdParty/GCC/RP2040/port.c.obj
 .text.vEventGroupSetBitsCallback
                0x0000000010005600       0x8c CMakeFiles/IOT_Car_Base.dir/__/lib/FreeRTOS-Kernel/event_groups.c.obj
                0x0000000010005600                vEventGroupSetBitsCallback
 .text.xEventGroupCreate
                0x000000001000568c       0x18 CMakeFiles/IOT_Car_Base.dir/__/lib/FreeRTOS-Kernel/event_groups.c.obj
                0x000000001000568c                xEventGroupCreate
 .text.xEventGroupWaitBits
                0x00000000100056a4       0xb8 CMakeFiles/IOT_Car_Base.dir/__/lib/FreeRTOS-Kernel/event_groups.c.obj
                0x00000000100056a4                xEventGroupWaitBits
 .text.xEventGroupSetBits
                0x000000001000575c       0x90 CMakeFiles/IOT_Car_Base.dir/__/lib/FreeRTOS-Kernel/event_groups.c.obj
                0x000000001000575c                xEventGroupSetBits
 .text.xEventGroupSetBitsFromISR
                0x00000000100057ec       0x14 CMakeFiles/IOT_Car_Base.dir/__/lib/FreeRTOS-Kernel/event_groups.c.obj
                0x00000000100057ec                xEventGroupSetBitsFromISR
 .text.vListInitialise
                0x0000000010005800       0x18 CMakeFiles/IOT_Car_Base.dir/__/lib/FreeRTOS-Kernel/list.c.obj
                0x0000000010005800                vListInitialise
 .text.vListInitialiseItem
                0x0000000010005818        0x8 CMakeFiles/IOT_Car_Base.dir/__/lib/FreeRTOS-Kernel/list.c.obj
                0x0000000010005818                vListInitialiseItem
 .text.vListInsert
                0x0000000010005820       0x30 CMakeFiles/IOT_Car_Base.dir/__/lib/FreeRTOS-Kernel/list.c.obj
                0x0000000010005820                vListInsert
 .text.uxListRemove
                0x0000000010005850       0x24 CMakeFiles/IOT_Car_Base.dir/__/lib/FreeRTOS-Kernel/list.c.obj
                0x0000000010005850                uxListRemove
 .text.prvUnlockQueue
                0x0000000010005874      0x148 CMakeFiles/IOT_Car_Base.dir/__/lib/FreeRTOS-Kernel/queue.c.obj
 .text.prvNotifyQueueSetContainer
                0x00000000100059bc       0x9c CMakeFiles/IOT_Car_Base.dir/__/lib/FreeRTOS-Kernel/queue.c.obj
 .text.xQueueGenericCreate
                0x0000000010005a58       0xa0 CMakeFiles/IOT_Car_Base.dir/__/lib/FreeRTOS-Kernel/queue.c.obj
                0x0000000010005a58                xQueueGenericCreate
 .text.xQueueGenericSendFromISR
                0x0000000010005af8      0x138 CMakeFiles/IOT_Car_Base.dir/__/lib/FreeRTOS-Kernel/queue.c.obj
                0x0000000010005af8                xQueueGenericSendFromISR
 .text.xQueueReceive
                0x0000000010005c30      0x11c CMakeFiles/IOT_Car_Base.dir/__/lib/FreeRTOS-Kernel/queue.c.obj
                0x0000000010005c30                xQueueReceive
 .text.vQueueAddToRegistry
                0x0000000010005d4c       0xec CMakeFiles/IOT_Car_Base.dir/__/lib/FreeRTOS-Kernel/queue.c.obj
                0x0000000010005d4c                vQueueAddToRegistry
 .text.vQueueWaitForMessageRestricted
                0x0000000010005e38       0x48 CMakeFiles/IOT_Car_Base.dir/__/lib/FreeRTOS-Kernel/queue.c.obj
                0x0000000010005e38                vQueueWaitForMessageRestricted
 .text.prvIdleTask
                0x0000000010005e80       0x60 CMakeFiles/IOT_Car_Base.dir/__/lib/FreeRTOS-Kernel/tasks.c.obj
 .text.xTaskIncrementTick.part.0
                0x0000000010005ee0      0x1a0 CMakeFiles/IOT_Car_Base.dir/__/lib/FreeRTOS-Kernel/tasks.c.obj
 .text.xTaskCreate
                0x0000000010006080      0x280 CMakeFiles/IOT_Car_Base.dir/__/lib/FreeRTOS-Kernel/tasks.c.obj
                0x0000000010006080                xTaskCreate
 .text.vTaskStartScheduler
                0x0000000010006300      0x1e0 CMakeFiles/IOT_Car_Base.dir/__/lib/FreeRTOS-Kernel/tasks.c.obj
                0x0000000010006300                vTaskStartScheduler
 .text.vTaskSuspendAll
                0x00000000100064e0       0x10 CMakeFiles/IOT_Car_Base.dir/__/lib/FreeRTOS-Kernel/tasks.c.obj
                0x00000000100064e0                vTaskSuspendAll
 .text.xTaskResumeAll
                0x00000000100064f0      0x18c CMakeFiles/IOT_Car_Base.dir/__/lib/FreeRTOS-Kernel/tasks.c.obj
                0x00000000100064f0                xTaskResumeAll
 .text.vTaskDelay
                0x000000001000667c       0x78 CMakeFiles/IOT_Car_Base.dir/__/lib/FreeRTOS-Kernel/tasks.c.obj
                0x000000001000667c                vTaskDelay
 .text.xTaskGetTickCount
                0x00000000100066f4        0xc CMakeFiles/IOT_Car_Base.dir/__/lib/FreeRTOS-Kernel/tasks.c.obj
                0x00000000100066f4                xTaskGetTickCount
 .text.uxTaskGetNumberOfTasks
                0x0000000010006700        0xc CMakeFiles/IOT_Car_Base.dir/__/lib/FreeRTOS-Kernel/tasks.c.obj
                0x0000000010006700                uxTaskGetNumberOfTasks
 .text.xTaskIncrementTick
                0x000000001000670c       0x24 CMakeFiles/IOT_Car_Base.dir/__/lib/FreeRTOS-Kernel/tasks.c.obj
                0x000000001000670c                xTaskIncrementTick
 .text.vTaskSwitchContext
                0x0000000010006730       0x6c CMakeFiles/IOT_Car_Base.dir/__/lib/FreeRTOS-Kernel/tasks.c.obj
                0x0000000010006730                vTaskSwitchContext
 .text.vTaskPlaceOnEventList
                0x000000001000679c       0x98 CMakeFiles/IOT_Car_Base.dir/__/lib/FreeRTOS-Kernel/tasks.c.obj
                0x000000001000679c                vTaskPlaceOnEventList
 .text.vTaskPlaceOnUnorderedEventList
                0x0000000010006834       0xbc CMakeFiles/IOT_Car_Base.dir/__/lib/FreeRTOS-Kernel/tasks.c.obj
                0x0000000010006834                vTaskPlaceOnUnorderedEventList
 .text.vTaskPlaceOnEventListRestricted
                0x00000000100068f0       0xc4 CMakeFiles/IOT_Car_Base.dir/__/lib/FreeRTOS-Kernel/tasks.c.obj
                0x00000000100068f0                vTaskPlaceOnEventListRestricted
 .text.xTaskRemoveFromEventList
                0x00000000100069b4       0xd8 CMakeFiles/IOT_Car_Base.dir/__/lib/FreeRTOS-Kernel/tasks.c.obj
                0x00000000100069b4                xTaskRemoveFromEventList
 .text.vTaskRemoveFromUnorderedEventList
                0x0000000010006a8c       0x98 CMakeFiles/IOT_Car_Base.dir/__/lib/FreeRTOS-Kernel/tasks.c.obj
                0x0000000010006a8c                vTaskRemoveFromUnorderedEventList
 .text.vTaskInternalSetTimeOutState
                0x0000000010006b24       0x18 CMakeFiles/IOT_Car_Base.dir/__/lib/FreeRTOS-Kernel/tasks.c.obj
                0x0000000010006b24                vTaskInternalSetTimeOutState
 .text.xTaskCheckForTimeOut
                0x0000000010006b3c       0x74 CMakeFiles/IOT_Car_Base.dir/__/lib/FreeRTOS-Kernel/tasks.c.obj
                0x0000000010006b3c                xTaskCheckForTimeOut
 .text.vTaskMissedYield
                0x0000000010006bb0        0xc CMakeFiles/IOT_Car_Base.dir/__/lib/FreeRTOS-Kernel/tasks.c.obj
                0x0000000010006bb0                vTaskMissedYield
 .text.xTaskGetCurrentTaskHandle
                0x0000000010006bbc        0xc CMakeFiles/IOT_Car_Base.dir/__/lib/FreeRTOS-Kernel/tasks.c.obj
                0x0000000010006bbc                xTaskGetCurrentTaskHandle
 .text.xTaskPriorityDisinherit
                0x0000000010006bc8       0x64 CMakeFiles/IOT_Car_Base.dir/__/lib/FreeRTOS-Kernel/tasks.c.obj
                0x0000000010006bc8                xTaskPriorityDisinherit
 .text.uxTaskResetEventItemValue
                0x0000000010006c2c       0x18 CMakeFiles/IOT_Car_Base.dir/__/lib/FreeRTOS-Kernel/tasks.c.obj
                0x0000000010006c2c                uxTaskResetEventItemValue
 .text.prvTimerTask
                0x0000000010006c44      0x360 CMakeFiles/IOT_Car_Base.dir/__/lib/FreeRTOS-Kernel/timers.c.obj
 .text.xTimerCreateTimerTask
                0x0000000010006fa4       0x8c CMakeFiles/IOT_Car_Base.dir/__/lib/FreeRTOS-Kernel/timers.c.obj
                0x0000000010006fa4                xTimerCreateTimerTask
 .text.xTimerPendFunctionCallFromISR
                0x0000000010007030       0x28 CMakeFiles/IOT_Car_Base.dir/__/lib/FreeRTOS-Kernel/timers.c.obj
                0x0000000010007030                xTimerPendFunctionCallFromISR
 .text.exception_set_exclusive_handler
                0x0000000010007058       0x48 CMakeFiles/IOT_Car_Base.dir/home/swa248/pico/pico-sdk/src/rp2_common/hardware_exception/exception.c.obj
                0x0000000010007058                exception_set_exclusive_handler
 .text          0x00000000100070a0       0x5c /usr/lib/gcc/arm-none-eabi/10.3.1/../../../arm-none-eabi/lib/thumb/v6-m/nofp/libc.a(lib_a-strlen-stub.o)
                0x00000000100070a0                strlen
 .text          0x00000000100070fc       0x14 /usr/lib/gcc/arm-none-eabi/10.3.1/../../../arm-none-eabi/lib/thumb/v6-m/nofp/libc.a(lib_a-strtok.o)
                0x00000000100070fc                strtok
 .text          0x0000000010007110       0x78 /usr/lib/gcc/arm-none-eabi/10.3.1/../../../arm-none-eabi/lib/thumb/v6-m/nofp/libc.a(lib_a-strtok_r.o)
                0x0000000010007110                __strtok_r
                0x000000001000717c                strtok_r
 *(.fini)
 .fini          0x0000000010007188        0x4 /usr/lib/gcc/arm-none-eabi/10.3.1/thumb/v6-m/nofp/crti.o
                0x0000000010007188                _fini
 *fill*         0x000000001000718c        0x4 
 .fini.__stub   0x0000000010007190       0xd0 linker stubs
 *crtbegin.o(.ctors)
 *crtbegin?.o(.ctors)
 *(EXCLUDE_FILE(*crtend.o *crtend?.o) .ctors)
 *(SORT_BY_NAME(.ctors.*))
 *(.ctors)
 *crtbegin.o(.dtors)
 *crtbegin?.o(.dtors)
 *(EXCLUDE_FILE(*crtend.o *crtend?.o) .dtors)
 *(SORT_BY_NAME(.dtors.*))
 *(.dtors)
 *(.eh_frame*)
 .eh_frame      0x0000000010007260        0x0 /usr/lib/gcc/arm-none-eabi/10.3.1/thumb/v6-m/nofp/crtbegin.o
                0x0000000010007260                . = ALIGN (0x4)

.glue_7         0x0000000010007260        0x0
 .glue_7        0x0000000010007260        0x0 linker stubs

.glue_7t        0x0000000010007260        0x0
 .glue_7t       0x0000000010007260        0x0 linker stubs

.vfp11_veneer   0x0000000010007260        0x0
 .vfp11_veneer  0x0000000010007260        0x0 linker stubs

.v4_bx          0x0000000010007260        0x0
 .v4_bx         0x0000000010007260        0x0 linker stubs

.iplt           0x0000000010007260        0x0
 .iplt          0x0000000010007260        0x0 /usr/lib/gcc/arm-none-eabi/10.3.1/thumb/v6-m/nofp/crtbegin.o

.rodata         0x0000000010007260      0x340
 *(EXCLUDE_FILE(*libm.a: *libc.a:*lib_a-mem*.o *libgcc.a:) .rodata*)
 .rodata.vTaskI2C_GPS.str1.4
                0x0000000010007260       0x17 CMakeFiles/IOT_Car_Base.dir/tasks.c.obj
                                         0x1b (size before relaxing)
 *fill*         0x0000000010007277        0x1 
 .rodata.initTasks.str1.4
                0x0000000010007278        0x9 CMakeFiles/IOT_Car_Base.dir/tasks.c.obj
 *fill*         0x0000000010007281        0x3 
 .rodata.spin_lock_claim_unused.str1.4
                0x0000000010007284       0x1b CMakeFiles/IOT_Car_Base.dir/home/swa248/pico/pico-sdk/src/rp2_common/hardware_sync/sync.c.obj
 *fill*         0x000000001000729f        0x1 
 .rodata.user_irq_claim_unused.str1.4
                0x00000000100072a0       0x1b CMakeFiles/IOT_Car_Base.dir/home/swa248/pico/pico-sdk/src/rp2_common/hardware_irq/irq.c.obj
 *fill*         0x00000000100072bb        0x1 
 .rodata.hardware_alarm_claim.str1.4
                0x00000000100072bc       0x22 CMakeFiles/IOT_Car_Base.dir/home/swa248/pico/pico-sdk/src/rp2_common/hardware_timer/timer.c.obj
 *fill*         0x00000000100072de        0x2 
 .rodata.panic.str1.4
                0x00000000100072e0       0x10 CMakeFiles/IOT_Car_Base.dir/home/swa248/pico/pico-sdk/src/rp2_common/pico_runtime/runtime.c.obj
                                         0x12 (size before relaxing)
 .rodata.panic_unsupported.str1.4
                0x00000000100072f0        0xe CMakeFiles/IOT_Car_Base.dir/home/swa248/pico/pico-sdk/src/rp2_common/pico_runtime/runtime.c.obj
 *fill*         0x00000000100072fe        0x2 
 .rodata.hard_assertion_failure.str1.4
                0x0000000010007300        0xc CMakeFiles/IOT_Car_Base.dir/home/swa248/pico/pico-sdk/src/rp2_common/pico_runtime/runtime.c.obj
 .rodata.str1.4
                0x000000001000730c       0x44 CMakeFiles/IOT_Car_Base.dir/home/swa248/pico/pico-sdk/src/rp2_common/pico_standard_link/binary_info.c.obj
 .rodata.__bi_44
                0x0000000010007350        0xc CMakeFiles/IOT_Car_Base.dir/home/swa248/pico/pico-sdk/src/rp2_common/pico_standard_link/binary_info.c.obj
 .rodata.__bi_75
                0x000000001000735c        0xc CMakeFiles/IOT_Car_Base.dir/home/swa248/pico/pico-sdk/src/rp2_common/pico_standard_link/binary_info.c.obj
 .rodata.__bi_81
                0x0000000010007368        0xc CMakeFiles/IOT_Car_Base.dir/home/swa248/pico/pico-sdk/src/rp2_common/pico_standard_link/binary_info.c.obj
 .rodata.crlf_str.0
                0x0000000010007374        0x2 CMakeFiles/IOT_Car_Base.dir/home/swa248/pico/pico-sdk/src/rp2_common/pico_stdio/stdio.c.obj
 *fill*         0x0000000010007376        0x2 
 .rodata._resetd_driver
                0x0000000010007378       0x18 CMakeFiles/IOT_Car_Base.dir/home/swa248/pico/pico-sdk/src/rp2_common/pico_stdio_usb/reset_interface.c.obj
 .rodata.str1.4
                0x0000000010007390       0x13 CMakeFiles/IOT_Car_Base.dir/home/swa248/pico/pico-sdk/src/rp2_common/pico_stdio_usb/stdio_usb.c.obj
 *fill*         0x00000000100073a3        0x1 
 .rodata.__bi_182.0
                0x00000000100073a4        0xc CMakeFiles/IOT_Car_Base.dir/home/swa248/pico/pico-sdk/src/rp2_common/pico_stdio_usb/stdio_usb.c.obj
 .rodata.str1.4
                0x00000000100073b0       0x2a CMakeFiles/IOT_Car_Base.dir/home/swa248/pico/pico-sdk/src/rp2_common/pico_stdio_usb/stdio_usb_descriptors.c.obj
 *fill*         0x00000000100073da        0x2 
 .rodata.usbd_desc_cfg
                0x00000000100073dc       0x54 CMakeFiles/IOT_Car_Base.dir/home/swa248/pico/pico-sdk/src/rp2_common/pico_stdio_usb/stdio_usb_descriptors.c.obj
 .rodata.usbd_desc_device
                0x0000000010007430       0x12 CMakeFiles/IOT_Car_Base.dir/home/swa248/pico/pico-sdk/src/rp2_common/pico_stdio_usb/stdio_usb_descriptors.c.obj
 *fill*         0x0000000010007442        0x2 
 .rodata.usbd_desc_str
                0x0000000010007444       0x18 CMakeFiles/IOT_Car_Base.dir/home/swa248/pico/pico-sdk/src/rp2_common/pico_stdio_usb/stdio_usb_descriptors.c.obj
 .rodata.str1.4
                0x000000001000745c       0x14 CMakeFiles/IOT_Car_Base.dir/home/swa248/pico/pico-sdk/lib/tinyusb/src/portable/raspberrypi/rp2040/dcd_rp2040.c.obj
 .rodata.str1.4
                0x0000000010007470       0x53 CMakeFiles/IOT_Car_Base.dir/home/swa248/pico/pico-sdk/lib/tinyusb/src/portable/raspberrypi/rp2040/rp2040_usb.c.obj
 *fill*         0x00000000100074c3        0x1 
 .rodata.tud_task_ext
                0x00000000100074c4       0x8c CMakeFiles/IOT_Car_Base.dir/home/swa248/pico/pico-sdk/lib/tinyusb/src/device/usbd.c.obj
 .rodata._usbd_driver
                0x0000000010007550       0x18 CMakeFiles/IOT_Car_Base.dir/home/swa248/pico/pico-sdk/lib/tinyusb/src/device/usbd.c.obj
 .rodata.prvTimerTask
                0x0000000010007568       0x28 CMakeFiles/IOT_Car_Base.dir/__/lib/FreeRTOS-Kernel/timers.c.obj
 .rodata.xTimerCreateTimerTask.str1.4
                0x0000000010007590       0x10 CMakeFiles/IOT_Car_Base.dir/__/lib/FreeRTOS-Kernel/timers.c.obj
                0x00000000100075a0                . = ALIGN (0x4)
 *(SORT_BY_ALIGNMENT(SORT_BY_NAME(.flashdata*)))
                0x00000000100075a0                . = ALIGN (0x4)

.ARM.extab
 *(.ARM.extab* .gnu.linkonce.armextab.*)
                0x00000000100075a0                __exidx_start = .

.ARM.exidx
 *(.ARM.exidx* .gnu.linkonce.armexidx.*)
                0x00000000100075a0                __exidx_end = .
                0x00000000100075a0                . = ALIGN (0x4)
                0x00000000100075a0                __binary_info_start = .

.binary_info    0x00000000100075a0       0x20
 *(.binary_info.keep.*)
 .binary_info.keep.__bi_ptr22
                0x00000000100075a0        0x4 CMakeFiles/IOT_Car_Base.dir/home/swa248/pico/pico-sdk/src/rp2_common/pico_standard_link/binary_info.c.obj
 .binary_info.keep.__bi_ptr30
                0x00000000100075a4        0x4 CMakeFiles/IOT_Car_Base.dir/home/swa248/pico/pico-sdk/src/rp2_common/pico_standard_link/binary_info.c.obj
 .binary_info.keep.__bi_ptr38
                0x00000000100075a8        0x4 CMakeFiles/IOT_Car_Base.dir/home/swa248/pico/pico-sdk/src/rp2_common/pico_standard_link/binary_info.c.obj
 .binary_info.keep.__bi_ptr44
                0x00000000100075ac        0x4 CMakeFiles/IOT_Car_Base.dir/home/swa248/pico/pico-sdk/src/rp2_common/pico_standard_link/binary_info.c.obj
 .binary_info.keep.__bi_ptr50
                0x00000000100075b0        0x4 CMakeFiles/IOT_Car_Base.dir/home/swa248/pico/pico-sdk/src/rp2_common/pico_standard_link/binary_info.c.obj
 .binary_info.keep.__bi_ptr75
                0x00000000100075b4        0x4 CMakeFiles/IOT_Car_Base.dir/home/swa248/pico/pico-sdk/src/rp2_common/pico_standard_link/binary_info.c.obj
 .binary_info.keep.__bi_ptr81
                0x00000000100075b8        0x4 CMakeFiles/IOT_Car_Base.dir/home/swa248/pico/pico-sdk/src/rp2_common/pico_standard_link/binary_info.c.obj
 *(.binary_info.*)
 .binary_info.__bi_ptr182
                0x00000000100075bc        0x4 CMakeFiles/IOT_Car_Base.dir/home/swa248/pico/pico-sdk/src/rp2_common/pico_stdio_usb/stdio_usb.c.obj
                0x00000000100075c0                __binary_info_end = .

.rel.dyn        0x00000000100075c0        0x0
 .rel.iplt      0x00000000100075c0        0x0 /usr/lib/gcc/arm-none-eabi/10.3.1/thumb/v6-m/nofp/crtbegin.o
                0x00000000100075c0                . = ALIGN (0x4)

.ram_vector_table
                0x0000000020000000       0xc0
 *(.ram_vector_table)
 .ram_vector_table
                0x0000000020000000       0xc0 CMakeFiles/IOT_Car_Base.dir/home/swa248/pico/pico-sdk/src/rp2_common/pico_runtime/runtime.c.obj
                0x0000000020000000                ram_vector_table

.data           0x00000000200000c0     0x129c load address 0x00000000100075c0
                0x00000000200000c0                __data_start__ = .
 *(vtable)
 *(.time_critical*)
 .time_critical.mutex_try_enter
                0x00000000200000c0       0x44 CMakeFiles/IOT_Car_Base.dir/home/swa248/pico/pico-sdk/src/common/pico_sync/mutex.c.obj
                0x00000000200000c0                mutex_try_enter
 .time_critical.mutex_try_enter_block_until
                0x0000000020000104       0x9c CMakeFiles/IOT_Car_Base.dir/home/swa248/pico/pico-sdk/src/common/pico_sync/mutex.c.obj
                0x0000000020000104                mutex_try_enter_block_until
 .time_critical.mutex_enter_timeout_ms
                0x00000000200001a0       0x78 CMakeFiles/IOT_Car_Base.dir/home/swa248/pico/pico-sdk/src/common/pico_sync/mutex.c.obj
                0x00000000200001a0                mutex_enter_timeout_ms
 .time_critical.mutex_exit
                0x0000000020000218       0x20 CMakeFiles/IOT_Car_Base.dir/home/swa248/pico/pico-sdk/src/common/pico_sync/mutex.c.obj
                0x0000000020000218                mutex_exit
 .time_critical.flash_init_boot2_copyout
                0x0000000020000238       0x30 CMakeFiles/IOT_Car_Base.dir/home/swa248/pico/pico-sdk/src/rp2_common/hardware_flash/flash.c.obj
 .time_critical.flash_enable_xip_via_boot2
                0x0000000020000268       0x10 CMakeFiles/IOT_Car_Base.dir/home/swa248/pico/pico-sdk/src/rp2_common/hardware_flash/flash.c.obj
 .time_critical.flash_cs_force
                0x0000000020000278       0x38 CMakeFiles/IOT_Car_Base.dir/home/swa248/pico/pico-sdk/src/rp2_common/hardware_flash/flash.c.obj
 .time_critical.flash_do_cmd
                0x00000000200002b0       0xc4 CMakeFiles/IOT_Car_Base.dir/home/swa248/pico/pico-sdk/src/rp2_common/hardware_flash/flash.c.obj
                0x00000000200002b0                flash_do_cmd
 .time_critical.reset_non_control_endpoints
                0x0000000020000374       0xbc CMakeFiles/IOT_Car_Base.dir/home/swa248/pico/pico-sdk/lib/tinyusb/src/portable/raspberrypi/rp2040/dcd_rp2040.c.obj
 .time_critical.hw_handle_buff_status
                0x0000000020000430       0xa8 CMakeFiles/IOT_Car_Base.dir/home/swa248/pico/pico-sdk/lib/tinyusb/src/portable/raspberrypi/rp2040/dcd_rp2040.c.obj
 .time_critical.dcd_rp2040_irq
                0x00000000200004d8      0x4d8 CMakeFiles/IOT_Car_Base.dir/home/swa248/pico/pico-sdk/lib/tinyusb/src/portable/raspberrypi/rp2040/dcd_rp2040.c.obj
 .time_critical.e15_is_bulkin_ep
                0x00000000200009b0       0x28 CMakeFiles/IOT_Car_Base.dir/home/swa248/pico/pico-sdk/lib/tinyusb/src/portable/raspberrypi/rp2040/rp2040_usb.c.obj
 .time_critical.e15_is_critical_frame_period
                0x00000000200009d8       0x34 CMakeFiles/IOT_Car_Base.dir/home/swa248/pico/pico-sdk/lib/tinyusb/src/portable/raspberrypi/rp2040/rp2040_usb.c.obj
 .time_critical.prepare_ep_buffer
                0x0000000020000a0c       0x70 CMakeFiles/IOT_Car_Base.dir/home/swa248/pico/pico-sdk/lib/tinyusb/src/portable/raspberrypi/rp2040/rp2040_usb.c.obj
 .time_critical.sync_ep_buffer
                0x0000000020000a7c       0x4c CMakeFiles/IOT_Car_Base.dir/home/swa248/pico/pico-sdk/lib/tinyusb/src/portable/raspberrypi/rp2040/rp2040_usb.c.obj
 .time_critical._hw_endpoint_xfer_sync
                0x0000000020000ac8       0x28 CMakeFiles/IOT_Car_Base.dir/home/swa248/pico/pico-sdk/lib/tinyusb/src/portable/raspberrypi/rp2040/rp2040_usb.c.obj
 .time_critical.hw_endpoint_reset_transfer
                0x0000000020000af0        0xc CMakeFiles/IOT_Car_Base.dir/home/swa248/pico/pico-sdk/lib/tinyusb/src/portable/raspberrypi/rp2040/rp2040_usb.c.obj
                0x0000000020000af0                hw_endpoint_reset_transfer
 .time_critical._hw_endpoint_buffer_control_update32
                0x0000000020000afc       0x58 CMakeFiles/IOT_Car_Base.dir/home/swa248/pico/pico-sdk/lib/tinyusb/src/portable/raspberrypi/rp2040/rp2040_usb.c.obj
                0x0000000020000afc                _hw_endpoint_buffer_control_update32
 .time_critical.hw_endpoint_start_next_buffer
                0x0000000020000b54       0x6c CMakeFiles/IOT_Car_Base.dir/home/swa248/pico/pico-sdk/lib/tinyusb/src/portable/raspberrypi/rp2040/rp2040_usb.c.obj
                0x0000000020000b54                hw_endpoint_start_next_buffer
 .time_critical.hw_endpoint_xfer_continue
                0x0000000020000bc0       0x50 CMakeFiles/IOT_Car_Base.dir/home/swa248/pico/pico-sdk/lib/tinyusb/src/portable/raspberrypi/rp2040/rp2040_usb.c.obj
                0x0000000020000bc0                hw_endpoint_xfer_continue
 .time_critical.tinyusb
                0x0000000020000c10      0x170 CMakeFiles/IOT_Car_Base.dir/home/swa248/pico/pico-sdk/lib/tinyusb/src/device/usbd.c.obj
                0x0000000020000c10                dcd_event_handler
 *(.text*)
 .text          0x0000000020000d80        0x4 /usr/lib/gcc/arm-none-eabi/10.3.1/thumb/v6-m/nofp/libgcc.a(_dvmd_tls.o)
                0x0000000020000d80                __aeabi_ldiv0
                0x0000000020000d80                __aeabi_idiv0
 *fill*         0x0000000020000d84        0x4 
 .text.__stub   0x0000000020000d88       0x90 linker stubs
                0x0000000020000e18                . = ALIGN (0x4)
 *(.rodata*)
                0x0000000020000e18                . = ALIGN (0x4)
 *(.data*)
 .data.striped_spin_lock_num
                0x0000000020000e18        0x1 CMakeFiles/IOT_Car_Base.dir/home/swa248/pico/pico-sdk/src/rp2_common/hardware_sync/sync.c.obj
 *fill*         0x0000000020000e19        0x3 
 .data          0x0000000020000e1c       0x48 CMakeFiles/IOT_Car_Base.dir/home/swa248/pico/pico-sdk/src/rp2_common/hardware_irq/irq_handler_chain.S.obj
                0x0000000020000e1c                irq_handler_chain_slots
                0x0000000020000e4c                irq_handler_chain_first_slot
                0x0000000020000e56                irq_handler_chain_remove_tail
 .data.default_alarm_pool
                0x0000000020000e64       0x18 CMakeFiles/IOT_Car_Base.dir/home/swa248/pico/pico-sdk/src/common/pico_time/time.c.obj
 .data.default_alarm_pool_heap
                0x0000000020000e7c       0x10 CMakeFiles/IOT_Car_Base.dir/home/swa248/pico/pico-sdk/src/common/pico_time/time.c.obj
 *fill*         0x0000000020000e8c        0x4 
 .data.aeabi_bits_funcs
                0x0000000020000e90       0x10 CMakeFiles/IOT_Car_Base.dir/home/swa248/pico/pico-sdk/src/rp2_common/pico_bit_ops/bit_ops_aeabi.S.obj
                0x0000000020000e90                aeabi_bits_funcs
                0x0000000020000ea0                aeabi_bits_funcs_end
 .data.aeabi_mem_funcs
                0x0000000020000ea0       0x10 CMakeFiles/IOT_Car_Base.dir/home/swa248/pico/pico-sdk/src/rp2_common/pico_mem_ops/mem_ops_aeabi.S.obj
                0x0000000020000ea0                aeabi_mem_funcs
                0x0000000020000eb0                aeabi_mem_funcs_end
 .data.stdio_usb
                0x0000000020000eb0       0x18 CMakeFiles/IOT_Car_Base.dir/home/swa248/pico/pico-sdk/src/rp2_common/pico_stdio_usb/stdio_usb.c.obj
                0x0000000020000eb0                stdio_usb
 .data.ep_dir_string
                0x0000000020000ec8        0x8 CMakeFiles/IOT_Car_Base.dir/home/swa248/pico/pico-sdk/lib/tinyusb/src/portable/raspberrypi/rp2040/rp2040_usb.c.obj
                0x0000000020000ec8                ep_dir_string
 .data._usbd_qdef
                0x0000000020000ed0       0x1c CMakeFiles/IOT_Car_Base.dir/home/swa248/pico/pico-sdk/lib/tinyusb/src/device/usbd.c.obj
                0x0000000020000ed0                _usbd_qdef
 .data._usbd_rhport
                0x0000000020000eec        0x1 CMakeFiles/IOT_Car_Base.dir/home/swa248/pico/pico-sdk/lib/tinyusb/src/device/usbd.c.obj
 *fill*         0x0000000020000eed        0x3 
 .data.i2c0_inst
                0x0000000020000ef0        0x8 CMakeFiles/IOT_Car_Base.dir/home/swa248/pico/pico-sdk/src/rp2_common/hardware_i2c/i2c.c.obj
                0x0000000020000ef0                i2c0_inst
 .data.ucPrimaryCoreNum
                0x0000000020000ef8        0x1 CMakeFiles/IOT_Car_Base.dir/__/lib/FreeRTOS-Kernel/portable/ThirdParty/GCC/RP2040/port.c.obj
 *fill*         0x0000000020000ef9        0x3 
 .data.uxTopUsedPriority
                0x0000000020000efc        0x4 CMakeFiles/IOT_Car_Base.dir/__/lib/FreeRTOS-Kernel/tasks.c.obj
                0x0000000020000efc                uxTopUsedPriority
 .data          0x0000000020000f00      0x430 /usr/lib/gcc/arm-none-eabi/10.3.1/../../../arm-none-eabi/lib/thumb/v6-m/nofp/libc.a(lib_a-impure.o)
                0x0000000020000f00                _impure_ptr
                0x0000000020001330                . = ALIGN (0x4)
 *(.after_data.*)
                0x0000000020001330                . = ALIGN (0x4)
                0x0000000020001330                PROVIDE (__mutex_array_start = .)
 *(SORT_BY_NAME(.mutex_array.*))
 *(.mutex_array)
 .mutex_array   0x0000000020001330        0x8 CMakeFiles/IOT_Car_Base.dir/home/swa248/pico/pico-sdk/src/rp2_common/pico_malloc/pico_malloc.c.obj
 .mutex_array   0x0000000020001338        0x8 CMakeFiles/IOT_Car_Base.dir/home/swa248/pico/pico-sdk/src/rp2_common/pico_stdio/stdio.c.obj
                0x0000000020001340                PROVIDE (__mutex_array_end = .)
                0x0000000020001340                . = ALIGN (0x4)
                0x0000000020001340                PROVIDE (__preinit_array_start = .)
 *(SORT_BY_NAME(.preinit_array.*))
 .preinit_array.00001
                0x0000000020001340        0x4 CMakeFiles/IOT_Car_Base.dir/home/swa248/pico/pico-sdk/src/rp2_common/pico_mem_ops/mem_ops_aeabi.S.obj
 .preinit_array.00010
                0x0000000020001344        0x4 CMakeFiles/IOT_Car_Base.dir/home/swa248/pico/pico-sdk/src/rp2_common/pico_bit_ops/bit_ops_aeabi.S.obj
 .preinit_array.00020
                0x0000000020001348        0x4 CMakeFiles/IOT_Car_Base.dir/home/swa248/pico/pico-sdk/src/rp2_common/pico_double/double_aeabi.S.obj
 .preinit_array.00020
                0x000000002000134c        0x4 CMakeFiles/IOT_Car_Base.dir/home/swa248/pico/pico-sdk/src/rp2_common/pico_float/float_aeabi.S.obj
 *(.preinit_array)
                0x0000000020001350                PROVIDE (__preinit_array_end = .)
                0x0000000020001350                . = ALIGN (0x4)
                0x0000000020001350                PROVIDE (__init_array_start = .)
 *(SORT_BY_NAME(.init_array.*))
 *(.init_array)
 .init_array    0x0000000020001350        0x4 /usr/lib/gcc/arm-none-eabi/10.3.1/thumb/v6-m/nofp/crtbegin.o
 .init_array    0x0000000020001354        0x4 CMakeFiles/IOT_Car_Base.dir/home/swa248/pico/pico-sdk/src/rp2_common/pico_unique_id/unique_id.c.obj
 .init_array    0x0000000020001358        0x4 CMakeFiles/IOT_Car_Base.dir/__/lib/FreeRTOS-Kernel/portable/ThirdParty/GCC/RP2040/port.c.obj
                0x000000002000135c                PROVIDE (__init_array_end = .)
                0x000000002000135c                . = ALIGN (0x4)
                0x000000002000135c                PROVIDE (__fini_array_start = .)
 *(SORT_BY_NAME(.fini_array.*))
 *(.fini_array)
                0x000000002000135c                PROVIDE (__fini_array_end = .)
 *(.jcr)
                0x000000002000135c                . = ALIGN (0x4)
                0x000000002000135c                __data_end__ = .
                0x00000000100075c0                __etext = LOADADDR (.data)

.tm_clone_table
                0x000000002000135c        0x0 load address 0x000000001000885c
 .tm_clone_table
                0x000000002000135c        0x0 /usr/lib/gcc/arm-none-eabi/10.3.1/thumb/v6-m/nofp/crtbegin.o
 .tm_clone_table
                0x000000002000135c        0x0 /usr/lib/gcc/arm-none-eabi/10.3.1/thumb/v6-m/nofp/crtend.o

.igot.plt       0x000000002000135c        0x0 load address 0x000000001000885c
 .igot.plt      0x000000002000135c        0x0 /usr/lib/gcc/arm-none-eabi/10.3.1/thumb/v6-m/nofp/crtbegin.o

.uninitialized_data
                0x000000002000135c        0x0 load address 0x000000001000885c
                0x000000002000135c                . = ALIGN (0x4)
 *(.uninitialized_data*)

.scratch_x      0x0000000020040000        0x0 load address 0x000000001000885c
                0x0000000020040000                __scratch_x_start__ = .
 *(.scratch_x.*)
                0x0000000020040000                . = ALIGN (0x4)
                0x0000000020040000                __scratch_x_end__ = .
                0x000000001000885c                __scratch_x_source__ = LOADADDR (.scratch_x)

.scratch_y      0x0000000020041000        0x0 load address 0x000000001000885c
                0x0000000020041000                __scratch_y_start__ = .
 *(.scratch_y.*)
                0x0000000020041000                . = ALIGN (0x4)
                0x0000000020041000                __scratch_y_end__ = .
                0x000000001000885c                __scratch_y_source__ = LOADADDR (.scratch_y)

.bss            0x0000000020001360    0x21160
                0x0000000020001360                . = ALIGN (0x4)
                0x0000000020001360                __bss_start__ = .
 *(SORT_BY_ALIGNMENT(SORT_BY_NAME(.bss*)))
 .bss.default_alarm_pool_entries
                0x0000000020001360      0x100 CMakeFiles/IOT_Car_Base.dir/home/swa248/pico/pico-sdk/src/common/pico_time/time.c.obj
 .bss.last_avail_time.1
                0x0000000020001460        0x8 CMakeFiles/IOT_Car_Base.dir/home/swa248/pico/pico-sdk/src/rp2_common/pico_stdio_usb/stdio_usb.c.obj
 .bss.sd_table  0x0000000020001468      0x100 CMakeFiles/IOT_Car_Base.dir/home/swa248/pico/pico-sdk/src/rp2_common/pico_double/double_init_rom.c.obj
                0x0000000020001468                sd_table
 .bss.sf_table  0x0000000020001568      0x100 CMakeFiles/IOT_Car_Base.dir/home/swa248/pico/pico-sdk/src/rp2_common/pico_float/float_init_rom.c.obj
                0x0000000020001568                sf_table
 .bss.xQueueRegistry
                0x0000000020001668       0x40 CMakeFiles/IOT_Car_Base.dir/__/lib/FreeRTOS-Kernel/queue.c.obj
                0x0000000020001668                xQueueRegistry
 .bss           0x00000000200016a8       0x1c /usr/lib/gcc/arm-none-eabi/10.3.1/thumb/v6-m/nofp/crtbegin.o
 .bss._app_driver
                0x00000000200016c4        0x4 CMakeFiles/IOT_Car_Base.dir/home/swa248/pico/pico-sdk/lib/tinyusb/src/device/usbd.c.obj
 .bss._cdcd_itf
                0x00000000200016c8      0x2c8 CMakeFiles/IOT_Car_Base.dir/home/swa248/pico/pico-sdk/lib/tinyusb/src/class/cdc/cdc_device.c.obj
 .bss._ctrl_xfer
                0x0000000020001990       0x14 CMakeFiles/IOT_Car_Base.dir/home/swa248/pico/pico-sdk/lib/tinyusb/src/device/usbd_control.c.obj
 .bss._ubsd_mutexdef
                0x00000000200019a4        0x8 CMakeFiles/IOT_Car_Base.dir/home/swa248/pico/pico-sdk/lib/tinyusb/src/device/usbd.c.obj
 .bss._usbd_ctrl_buf
                0x00000000200019ac       0x40 CMakeFiles/IOT_Car_Base.dir/home/swa248/pico/pico-sdk/lib/tinyusb/src/device/usbd_control.c.obj
 .bss._usbd_dev
                0x00000000200019ec       0x53 CMakeFiles/IOT_Car_Base.dir/home/swa248/pico/pico-sdk/lib/tinyusb/src/device/usbd.c.obj
 *fill*         0x0000000020001a3f        0x1 
 .bss._usbd_mutex
                0x0000000020001a40        0x4 CMakeFiles/IOT_Car_Base.dir/home/swa248/pico/pico-sdk/lib/tinyusb/src/device/usbd.c.obj
 .bss._usbd_q   0x0000000020001a44        0x4 CMakeFiles/IOT_Car_Base.dir/home/swa248/pico/pico-sdk/lib/tinyusb/src/device/usbd.c.obj
 .bss._usbd_qdef_buf
                0x0000000020001a48       0xc0 CMakeFiles/IOT_Car_Base.dir/home/swa248/pico/pico-sdk/lib/tinyusb/src/device/usbd.c.obj
                0x0000000020001a48                _usbd_qdef_buf
 .bss.alarm_callbacks
                0x0000000020001b08       0x10 CMakeFiles/IOT_Car_Base.dir/home/swa248/pico/pico-sdk/src/rp2_common/hardware_timer/timer.c.obj
 .bss.boot2_copyout
                0x0000000020001b18      0x100 CMakeFiles/IOT_Car_Base.dir/home/swa248/pico/pico-sdk/src/rp2_common/hardware_flash/flash.c.obj
 .bss.chars_available_callback
                0x0000000020001c18        0x4 CMakeFiles/IOT_Car_Base.dir/home/swa248/pico/pico-sdk/src/rp2_common/pico_stdio_usb/stdio_usb.c.obj
 .bss.chars_available_param
                0x0000000020001c1c        0x4 CMakeFiles/IOT_Car_Base.dir/home/swa248/pico/pico-sdk/src/rp2_common/pico_stdio_usb/stdio_usb.c.obj
 .bss.claimed   0x0000000020001c20        0x4 CMakeFiles/IOT_Car_Base.dir/home/swa248/pico/pico-sdk/src/rp2_common/hardware_sync/sync.c.obj
 .bss.configured_freq
                0x0000000020001c24       0x28 CMakeFiles/IOT_Car_Base.dir/home/swa248/pico/pico-sdk/src/rp2_common/hardware_clocks/clocks.c.obj
 .bss.default_alarm_pool_entry_ids_high
                0x0000000020001c4c       0x10 CMakeFiles/IOT_Car_Base.dir/home/swa248/pico/pico-sdk/src/common/pico_time/time.c.obj
 .bss.default_alarm_pool_heap_nodes
                0x0000000020001c5c       0x30 CMakeFiles/IOT_Car_Base.dir/home/swa248/pico/pico-sdk/src/common/pico_time/time.c.obj
 .bss.desc_str.0
                0x0000000020001c8c       0x28 CMakeFiles/IOT_Car_Base.dir/home/swa248/pico/pico-sdk/src/rp2_common/pico_stdio_usb/stdio_usb_descriptors.c.obj
 .bss.drivers   0x0000000020001cb4        0x4 CMakeFiles/IOT_Car_Base.dir/home/swa248/pico/pico-sdk/src/rp2_common/pico_stdio/stdio.c.obj
 .bss.e15_last_sof
                0x0000000020001cb8        0x4 CMakeFiles/IOT_Car_Base.dir/home/swa248/pico/pico-sdk/lib/tinyusb/src/portable/raspberrypi/rp2040/rp2040_usb.c.obj
                0x0000000020001cb8                e15_last_sof
 .bss.filter    0x0000000020001cbc        0x4 CMakeFiles/IOT_Car_Base.dir/home/swa248/pico/pico-sdk/src/rp2_common/pico_stdio/stdio.c.obj
 .bss.hw_endpoints
                0x0000000020001cc0      0x400 CMakeFiles/IOT_Car_Base.dir/home/swa248/pico/pico-sdk/lib/tinyusb/src/portable/raspberrypi/rp2040/dcd_rp2040.c.obj
 .bss.lazy_vsnprintf
                0x00000000200020c0        0x4 CMakeFiles/IOT_Car_Base.dir/home/swa248/pico/pico-sdk/src/rp2_common/pico_printf/printf.c.obj
 .bss.load_value
                0x00000000200020c4        0x4 CMakeFiles/IOT_Car_Base.dir/home/swa248/pico/pico-sdk/src/rp2_common/hardware_watchdog/watchdog.c.obj
 .bss.next_buffer_ptr
                0x00000000200020c8        0x4 CMakeFiles/IOT_Car_Base.dir/home/swa248/pico/pico-sdk/lib/tinyusb/src/portable/raspberrypi/rp2040/dcd_rp2040.c.obj
 .bss.one_shot_timer_crit_sec
                0x00000000200020cc        0x8 CMakeFiles/IOT_Car_Base.dir/home/swa248/pico/pico-sdk/src/rp2_common/pico_stdio_usb/stdio_usb.c.obj
 .bss.pools     0x00000000200020d4       0x10 CMakeFiles/IOT_Car_Base.dir/home/swa248/pico/pico-sdk/src/common/pico_time/time.c.obj
 .bss.pxCrossCoreSpinLock
                0x00000000200020e4        0x4 CMakeFiles/IOT_Car_Base.dir/__/lib/FreeRTOS-Kernel/portable/ThirdParty/GCC/RP2040/port.c.obj
 .bss.pxCurrentTCB
                0x00000000200020e8        0x4 CMakeFiles/IOT_Car_Base.dir/__/lib/FreeRTOS-Kernel/tasks.c.obj
                0x00000000200020e8                pxCurrentTCB
 .bss.pxCurrentTimerList
                0x00000000200020ec        0x4 CMakeFiles/IOT_Car_Base.dir/__/lib/FreeRTOS-Kernel/timers.c.obj
 .bss.pxDelayedTaskList
                0x00000000200020f0        0x4 CMakeFiles/IOT_Car_Base.dir/__/lib/FreeRTOS-Kernel/tasks.c.obj
 .bss.pxEnd     0x00000000200020f4        0x4 CMakeFiles/IOT_Car_Base.dir/__/lib/FreeRTOS-Kernel/portable/MemMang/heap_4.c.obj
 .bss.pxOverflowDelayedTaskList
                0x00000000200020f8        0x4 CMakeFiles/IOT_Car_Base.dir/__/lib/FreeRTOS-Kernel/tasks.c.obj
 .bss.pxOverflowTimerList
                0x00000000200020fc        0x4 CMakeFiles/IOT_Car_Base.dir/__/lib/FreeRTOS-Kernel/timers.c.obj
 .bss.pxReadyTasksLists
                0x0000000020002100      0x280 CMakeFiles/IOT_Car_Base.dir/__/lib/FreeRTOS-Kernel/tasks.c.obj
 .bss.pxYieldSpinLock
                0x0000000020002380        0x4 CMakeFiles/IOT_Car_Base.dir/__/lib/FreeRTOS-Kernel/portable/ThirdParty/GCC/RP2040/port.c.obj
 .bss.retrieved_id
                0x0000000020002384        0x8 CMakeFiles/IOT_Car_Base.dir/home/swa248/pico/pico-sdk/src/rp2_common/pico_unique_id/unique_id.c.obj
 .bss.sf_clz_func
                0x000000002000238c        0x4 CMakeFiles/IOT_Car_Base.dir/home/swa248/pico/pico-sdk/src/rp2_common/pico_double/double_init_rom.c.obj
                0x000000002000238c                sf_clz_func
 .bss.sleep_notifier
                0x0000000020002390        0x4 CMakeFiles/IOT_Car_Base.dir/home/swa248/pico/pico-sdk/src/common/pico_time/time.c.obj
 .bss.stdio_usb_mutex
                0x0000000020002394        0x8 CMakeFiles/IOT_Car_Base.dir/home/swa248/pico/pico-sdk/src/rp2_common/pico_stdio_usb/stdio_usb.c.obj
 .bss.target_hi
                0x000000002000239c       0x10 CMakeFiles/IOT_Car_Base.dir/home/swa248/pico/pico-sdk/src/rp2_common/hardware_timer/timer.c.obj
 .bss.uart_char_to_line_feed
                0x00000000200023ac        0x4 CMakeFiles/IOT_Car_Base.dir/home/swa248/pico/pico-sdk/src/rp2_common/hardware_uart/uart.c.obj
                0x00000000200023ac                uart_char_to_line_feed
 .bss.ucHeap    0x00000000200023b0    0x20000 CMakeFiles/IOT_Car_Base.dir/__/lib/FreeRTOS-Kernel/portable/MemMang/heap_4.c.obj
 .bss.ulYieldSpinLockSaveValue
                0x00000000200223b0        0x4 CMakeFiles/IOT_Car_Base.dir/__/lib/FreeRTOS-Kernel/portable/ThirdParty/GCC/RP2040/port.c.obj
 .bss.usbd_serial_str
                0x00000000200223b4       0x11 CMakeFiles/IOT_Car_Base.dir/home/swa248/pico/pico-sdk/src/rp2_common/pico_stdio_usb/stdio_usb_descriptors.c.obj
 *fill*         0x00000000200223c5        0x3 
 .bss.uxCriticalNesting
                0x00000000200223c8        0x4 CMakeFiles/IOT_Car_Base.dir/__/lib/FreeRTOS-Kernel/portable/ThirdParty/GCC/RP2040/port.c.obj
 .bss.uxCrossCoreEventBits
                0x00000000200223cc        0x4 CMakeFiles/IOT_Car_Base.dir/__/lib/FreeRTOS-Kernel/portable/ThirdParty/GCC/RP2040/port.c.obj
 .bss.uxCurrentNumberOfTasks
                0x00000000200223d0        0x4 CMakeFiles/IOT_Car_Base.dir/__/lib/FreeRTOS-Kernel/tasks.c.obj
 .bss.uxDeletedTasksWaitingCleanUp
                0x00000000200223d4        0x4 CMakeFiles/IOT_Car_Base.dir/__/lib/FreeRTOS-Kernel/tasks.c.obj
 .bss.uxSchedulerSuspended
                0x00000000200223d8        0x4 CMakeFiles/IOT_Car_Base.dir/__/lib/FreeRTOS-Kernel/tasks.c.obj
 .bss.uxTaskNumber
                0x00000000200223dc        0x4 CMakeFiles/IOT_Car_Base.dir/__/lib/FreeRTOS-Kernel/tasks.c.obj
 .bss.uxTopReadyPriority
                0x00000000200223e0        0x4 CMakeFiles/IOT_Car_Base.dir/__/lib/FreeRTOS-Kernel/tasks.c.obj
 .bss.xActiveTimerList1
                0x00000000200223e4       0x14 CMakeFiles/IOT_Car_Base.dir/__/lib/FreeRTOS-Kernel/timers.c.obj
 .bss.xActiveTimerList2
                0x00000000200223f8       0x14 CMakeFiles/IOT_Car_Base.dir/__/lib/FreeRTOS-Kernel/timers.c.obj
 .bss.xDelayedTaskList1
                0x000000002002240c       0x14 CMakeFiles/IOT_Car_Base.dir/__/lib/FreeRTOS-Kernel/tasks.c.obj
 .bss.xDelayedTaskList2
                0x0000000020022420       0x14 CMakeFiles/IOT_Car_Base.dir/__/lib/FreeRTOS-Kernel/tasks.c.obj
 .bss.xEventGroup
                0x0000000020022434        0x4 CMakeFiles/IOT_Car_Base.dir/__/lib/FreeRTOS-Kernel/portable/ThirdParty/GCC/RP2040/port.c.obj
 .bss.xFreeBytesRemaining
                0x0000000020022438        0x4 CMakeFiles/IOT_Car_Base.dir/__/lib/FreeRTOS-Kernel/portable/MemMang/heap_4.c.obj
 .bss.xIdleTaskHandles
                0x000000002002243c        0x4 CMakeFiles/IOT_Car_Base.dir/__/lib/FreeRTOS-Kernel/tasks.c.obj
 .bss.xLastTime.0
                0x0000000020022440        0x4 CMakeFiles/IOT_Car_Base.dir/__/lib/FreeRTOS-Kernel/timers.c.obj
 .bss.xMinimumEverFreeBytesRemaining
                0x0000000020022444        0x4 CMakeFiles/IOT_Car_Base.dir/__/lib/FreeRTOS-Kernel/portable/MemMang/heap_4.c.obj
 .bss.xNextTaskUnblockTime
                0x0000000020022448        0x4 CMakeFiles/IOT_Car_Base.dir/__/lib/FreeRTOS-Kernel/tasks.c.obj
 .bss.xNumOfOverflows
                0x000000002002244c        0x4 CMakeFiles/IOT_Car_Base.dir/__/lib/FreeRTOS-Kernel/tasks.c.obj
 .bss.xNumberOfSuccessfulAllocations
                0x0000000020022450        0x4 CMakeFiles/IOT_Car_Base.dir/__/lib/FreeRTOS-Kernel/portable/MemMang/heap_4.c.obj
 .bss.xNumberOfSuccessfulFrees
                0x0000000020022454        0x4 CMakeFiles/IOT_Car_Base.dir/__/lib/FreeRTOS-Kernel/portable/MemMang/heap_4.c.obj
 .bss.xPendedTicks
                0x0000000020022458        0x4 CMakeFiles/IOT_Car_Base.dir/__/lib/FreeRTOS-Kernel/tasks.c.obj
 .bss.xPendingReadyList
                0x000000002002245c       0x14 CMakeFiles/IOT_Car_Base.dir/__/lib/FreeRTOS-Kernel/tasks.c.obj
 .bss.xSchedulerRunning
                0x0000000020022470        0x4 CMakeFiles/IOT_Car_Base.dir/__/lib/FreeRTOS-Kernel/tasks.c.obj
 .bss.xStart    0x0000000020022474        0x8 CMakeFiles/IOT_Car_Base.dir/__/lib/FreeRTOS-Kernel/portable/MemMang/heap_4.c.obj
 .bss.xSuspendedTaskList
                0x000000002002247c       0x14 CMakeFiles/IOT_Car_Base.dir/__/lib/FreeRTOS-Kernel/tasks.c.obj
 .bss.xTasksWaitingTermination
                0x0000000020022490       0x14 CMakeFiles/IOT_Car_Base.dir/__/lib/FreeRTOS-Kernel/tasks.c.obj
 .bss.xTickCount
                0x00000000200224a4        0x4 CMakeFiles/IOT_Car_Base.dir/__/lib/FreeRTOS-Kernel/tasks.c.obj
 .bss.xTimerQueue
                0x00000000200224a8        0x4 CMakeFiles/IOT_Car_Base.dir/__/lib/FreeRTOS-Kernel/timers.c.obj
 .bss.xTimerTaskHandle
                0x00000000200224ac        0x4 CMakeFiles/IOT_Car_Base.dir/__/lib/FreeRTOS-Kernel/timers.c.obj
 .bss.xYieldPendings
                0x00000000200224b0        0x4 CMakeFiles/IOT_Car_Base.dir/__/lib/FreeRTOS-Kernel/tasks.c.obj
 .bss._app_driver_count
                0x00000000200224b4        0x1 CMakeFiles/IOT_Car_Base.dir/home/swa248/pico/pico-sdk/lib/tinyusb/src/device/usbd.c.obj
 .bss._sof_enable
                0x00000000200224b5        0x1 CMakeFiles/IOT_Car_Base.dir/home/swa248/pico/pico-sdk/lib/tinyusb/src/portable/raspberrypi/rp2040/dcd_rp2040.c.obj
 .bss.boot2_copyout_valid
                0x00000000200224b6        0x1 CMakeFiles/IOT_Car_Base.dir/home/swa248/pico/pico-sdk/src/rp2_common/hardware_flash/flash.c.obj
 .bss.claimed   0x00000000200224b7        0x1 CMakeFiles/IOT_Car_Base.dir/home/swa248/pico/pico-sdk/src/rp2_common/hardware_timer/timer.c.obj
 .bss.irq_hander_chain_free_slot_head
                0x00000000200224b8        0x1 CMakeFiles/IOT_Car_Base.dir/home/swa248/pico/pico-sdk/src/rp2_common/hardware_irq/irq.c.obj
 .bss.itf_num   0x00000000200224b9        0x1 CMakeFiles/IOT_Car_Base.dir/home/swa248/pico/pico-sdk/src/rp2_common/pico_stdio_usb/reset_interface.c.obj
 .bss.low_priority_irq_num
                0x00000000200224ba        0x1 CMakeFiles/IOT_Car_Base.dir/home/swa248/pico/pico-sdk/src/rp2_common/pico_stdio_usb/stdio_usb.c.obj
 .bss.one_shot_timer_pending
                0x00000000200224bb        0x1 CMakeFiles/IOT_Car_Base.dir/home/swa248/pico/pico-sdk/src/rp2_common/pico_stdio_usb/stdio_usb.c.obj
 .bss.timer_callbacks_pending
                0x00000000200224bc        0x1 CMakeFiles/IOT_Car_Base.dir/home/swa248/pico/pico-sdk/src/rp2_common/hardware_timer/timer.c.obj
 .bss.user_irq_claimed
                0x00000000200224bd        0x1 CMakeFiles/IOT_Car_Base.dir/home/swa248/pico/pico-sdk/src/rp2_common/hardware_irq/irq.c.obj
 *(COMMON)
                0x00000000200224c0                . = ALIGN (0x4)
 *fill*         0x00000000200224be        0x2 
                0x00000000200224c0                __bss_end__ = .

.heap           0x00000000200224c0      0x800
                0x00000000200224c0                __end__ = .
                0x00000000200224c0                end = __end__
 *(.heap*)
 .heap          0x00000000200224c0      0x800 CMakeFiles/IOT_Car_Base.dir/home/swa248/pico/pico-sdk/src/rp2_common/pico_standard_link/crt0.S.obj
                0x0000000020022cc0                __HeapLimit = .

.stack1_dummy   0x0000000020040000      0x800
 *(.stack1*)