Archive member included to satisfy reference by file (symbol)

/usr/lib/gcc/arm-none-eabi/12.2.1/thumb/v6-m/nofp/libgcc.a(_dvmd_tls.o)
                              CMakeFiles/rp2040-freertos-template.dir/home/sarmad-alvi/Documents/pico/pico-sdk/src/rp2_common/pico_divider/divider.S.obj (__aeabi_idiv0)
/usr/lib/gcc/arm-none-eabi/12.2.1/../../../arm-none-eabi/lib/thumb/v6-m/nofp/libc.a(lib_a-atexit.o)
                              /usr/lib/gcc/arm-none-eabi/12.2.1/../../../arm-none-eabi/lib/thumb/v6-m/nofp/crt0.o (atexit)
/usr/lib/gcc/arm-none-eabi/12.2.1/../../../arm-none-eabi/lib/thumb/v6-m/nofp/libc.a(lib_a-calloc.o)
                              CMakeFiles/rp2040-freertos-template.dir/home/sarmad-alvi/Documents/pico/pico-sdk/src/rp2_common/pico_malloc/pico_malloc.c.obj (calloc)
/usr/lib/gcc/arm-none-eabi/12.2.1/../../../arm-none-eabi/lib/thumb/v6-m/nofp/libc.a(lib_a-callocr.o)
                              /usr/lib/gcc/arm-none-eabi/12.2.1/../../../arm-none-eabi/lib/thumb/v6-m/nofp/libc.a(lib_a-calloc.o) (_calloc_r)
/usr/lib/gcc/arm-none-eabi/12.2.1/../../../arm-none-eabi/lib/thumb/v6-m/nofp/libc.a(lib_a-fini.o)
                              /usr/lib/gcc/arm-none-eabi/12.2.1/../../../arm-none-eabi/lib/thumb/v6-m/nofp/crt0.o (__libc_fini_array)
/usr/lib/gcc/arm-none-eabi/12.2.1/../../../arm-none-eabi/lib/thumb/v6-m/nofp/libc.a(lib_a-impure.o)
                              /usr/lib/gcc/arm-none-eabi/12.2.1/../../../arm-none-eabi/lib/thumb/v6-m/nofp/libc.a(lib_a-calloc.o) (_impure_ptr)
/usr/lib/gcc/arm-none-eabi/12.2.1/../../../arm-none-eabi/lib/thumb/v6-m/nofp/libc.a(lib_a-init.o)
                              /usr/lib/gcc/arm-none-eabi/12.2.1/../../../arm-none-eabi/lib/thumb/v6-m/nofp/crt0.o (__libc_init_array)
/usr/lib/gcc/arm-none-eabi/12.2.1/../../../arm-none-eabi/lib/thumb/v6-m/nofp/libc.a(lib_a-malloc.o)
                              CMakeFiles/rp2040-freertos-template.dir/home/sarmad-alvi/Documents/pico/pico-sdk/src/rp2_common/pico_malloc/pico_malloc.c.obj (malloc)
/usr/lib/gcc/arm-none-eabi/12.2.1/../../../arm-none-eabi/lib/thumb/v6-m/nofp/libc.a(lib_a-mallocr.o)
                              /usr/lib/gcc/arm-none-eabi/12.2.1/../../../arm-none-eabi/lib/thumb/v6-m/nofp/libc.a(lib_a-callocr.o) (_malloc_r)
/usr/lib/gcc/arm-none-eabi/12.2.1/../../../arm-none-eabi/lib/thumb/v6-m/nofp/libc.a(lib_a-mlock.o)
                              /usr/lib/gcc/arm-none-eabi/12.2.1/../../../arm-none-eabi/lib/thumb/v6-m/nofp/libc.a(lib_a-mallocr.o) (__malloc_lock)
/usr/lib/gcc/arm-none-eabi/12.2.1/../../../arm-none-eabi/lib/thumb/v6-m/nofp/libc.a(lib_a-realloc.o)
                              CMakeFiles/rp2040-freertos-template.dir/home/sarmad-alvi/Documents/pico/pico-sdk/src/rp2_common/pico_malloc/pico_malloc.c.obj (realloc)
/usr/lib/gcc/arm-none-eabi/12.2.1/../../../arm-none-eabi/lib/thumb/v6-m/nofp/libc.a(lib_a-reallocr.o)
                              /usr/lib/gcc/arm-none-eabi/12.2.1/../../../arm-none-eabi/lib/thumb/v6-m/nofp/libc.a(lib_a-realloc.o) (_realloc_r)
/usr/lib/gcc/arm-none-eabi/12.2.1/../../../arm-none-eabi/lib/thumb/v6-m/nofp/libc.a(lib_a-sbrkr.o)
                              /usr/lib/gcc/arm-none-eabi/12.2.1/../../../arm-none-eabi/lib/thumb/v6-m/nofp/libc.a(lib_a-mallocr.o) (_sbrk_r)
/usr/lib/gcc/arm-none-eabi/12.2.1/../../../arm-none-eabi/lib/thumb/v6-m/nofp/libc.a(lib_a-strlen-stub.o)
                              CMakeFiles/rp2040-freertos-template.dir/home/sarmad-alvi/Documents/pico/pico-sdk/src/rp2_common/pico_stdio/stdio.c.obj (strlen)
/usr/lib/gcc/arm-none-eabi/12.2.1/../../../arm-none-eabi/lib/thumb/v6-m/nofp/libc.a(lib_a-__atexit.o)
                              /usr/lib/gcc/arm-none-eabi/12.2.1/../../../arm-none-eabi/lib/thumb/v6-m/nofp/libc.a(lib_a-atexit.o) (__register_exitproc)
/usr/lib/gcc/arm-none-eabi/12.2.1/../../../arm-none-eabi/lib/thumb/v6-m/nofp/libc.a(lib_a-freer.o)
                              /usr/lib/gcc/arm-none-eabi/12.2.1/../../../arm-none-eabi/lib/thumb/v6-m/nofp/libc.a(lib_a-malloc.o) (_free_r)
/usr/lib/gcc/arm-none-eabi/12.2.1/../../../arm-none-eabi/lib/thumb/v6-m/nofp/libc.a(lib_a-memmove.o)
                              /usr/lib/gcc/arm-none-eabi/12.2.1/../../../arm-none-eabi/lib/thumb/v6-m/nofp/libc.a(lib_a-reallocr.o) (memmove)
/usr/lib/gcc/arm-none-eabi/12.2.1/../../../arm-none-eabi/lib/thumb/v6-m/nofp/libc.a(lib_a-reent.o)
                              /usr/lib/gcc/arm-none-eabi/12.2.1/../../../arm-none-eabi/lib/thumb/v6-m/nofp/libc.a(lib_a-sbrkr.o) (errno)

Discarded input sections

 .text          0x0000000000000000        0x0 /usr/lib/gcc/arm-none-eabi/12.2.1/thumb/v6-m/nofp/crti.o
 .data          0x0000000000000000        0x0 /usr/lib/gcc/arm-none-eabi/12.2.1/thumb/v6-m/nofp/crti.o
 .bss           0x0000000000000000        0x0 /usr/lib/gcc/arm-none-eabi/12.2.1/thumb/v6-m/nofp/crti.o
 .data          0x0000000000000000        0x4 /usr/lib/gcc/arm-none-eabi/12.2.1/thumb/v6-m/nofp/crtbegin.o
[...]
Memory Configuration

Name             Origin             Length             Attributes
FLASH            0x0000000010000000 0x0000000000200000 xr
RAM              0x0000000020000000 0x0000000000040000 xrw
SCRATCH_X        0x0000000020040000 0x0000000000001000 xrw
SCRATCH_Y        0x0000000020041000 0x0000000000001000 xrw
*default*        0x0000000000000000 0xffffffffffffffff

Linker script and memory map

LOAD /usr/lib/gcc/arm-none-eabi/12.2.1/thumb/v6-m/nofp/crti.o
LOAD /usr/lib/gcc/arm-none-eabi/12.2.1/thumb/v6-m/nofp/crtbegin.o
LOAD /usr/lib/gcc/arm-none-eabi/12.2.1/../../../arm-none-eabi/lib/thumb/v6-m/nofp/crt0.o

.flash_begin    0x0000000010000000        0x0
                0x0000000010000000                __flash_binary_start = .

.boot2          0x0000000010000000      0x100
                0x0000000010000000                __boot2_start__ = .
 *(.boot2)
 .boot2         0x0000000010000000      0x100 /tmp/ccqPP6VB.o
                0x0000000010000100                __boot2_end__ = .
                0x0000000000000001                ASSERT (((__boot2_end__ - __boot2_start__) == 0x100), ERROR: Pico second stage bootloader must be 256 bytes in size)

.text           0x0000000010000100     0x4950
                0x0000000010000100                __logical_binary_start = .
 *(.vectors)
 .vectors       0x0000000010000100       0xd4 CMakeFiles/rp2040-freertos-template.dir/home/sarmad-alvi/Documents/pico/pico-sdk/src/rp2_common/pico_standard_link/crt0.S.obj
                0x0000000010000100                __vectors
                0x0000000010000100                __VECTOR_TABLE
                0x00000000100001c0                isr_invalid
                0x00000000100001c0                __default_isrs_start
                0x00000000100001c2                isr_nmi
                0x00000000100001c4                isr_hardfault
                0x00000000100001c6                isr_svcall
                0x00000000100001c8                isr_pendsv
                0x00000000100001ca                isr_systick
                0x00000000100001cc                isr_irq30
                0x00000000100001cc                __unhandled_user_irq
                0x00000000100001cc                isr_irq13
                0x00000000100001cc                isr_irq27
                0x00000000100001cc                isr_irq31
                0x00000000100001cc                isr_irq5
                0x00000000100001cc                isr_irq11
                0x00000000100001cc                isr_irq23
                0x00000000100001cc                isr_irq18
                0x00000000100001cc                isr_irq28
                0x00000000100001cc                isr_irq19
                0x00000000100001cc                isr_irq0
                0x00000000100001cc                isr_irq6
                0x00000000100001cc                isr_irq22
                0x00000000100001cc                isr_irq17
                0x00000000100001cc                isr_irq14
                0x00000000100001cc                isr_irq2
                0x00000000100001cc                isr_irq10
                0x00000000100001cc                isr_irq8
                0x00000000100001cc                isr_irq24
                0x00000000100001cc                isr_irq1
                0x00000000100001cc                isr_irq7
                0x00000000100001cc                isr_irq21
                0x00000000100001cc                isr_irq20
                0x00000000100001cc                isr_irq15
                0x00000000100001cc                isr_irq25
                0x00000000100001cc                isr_irq4
                0x00000000100001cc                isr_irq16
                0x00000000100001cc                isr_irq29
                0x00000000100001cc                isr_irq26
                0x00000000100001cc                __default_isrs_end
                0x00000000100001cc                isr_irq3
                0x00000000100001cc                isr_irq12
                0x00000000100001cc                isr_irq9
                0x00000000100001d2                unhandled_user_irq_num_in_r0
 *(.binary_info_header)
 .binary_info_header
                0x00000000100001d4       0x14 CMakeFiles/rp2040-freertos-template.dir/home/sarmad-alvi/Documents/pico/pico-sdk/src/rp2_common/pico_standard_link/crt0.S.obj
                0x00000000100001e8                __binary_info_header_end = .
 *(.reset)
 .reset         0x00000000100001e8       0xa0 CMakeFiles/rp2040-freertos-template.dir/home/sarmad-alvi/Documents/pico/pico-sdk/src/rp2_common/pico_standard_link/crt0.S.obj
                0x00000000100001e8                _entry_point
 .reset         0x0000000010000288       0x30 CMakeFiles/rp2040-freertos-template.dir/home/sarmad-alvi/Documents/pico/pico-sdk/src/rp2_common/pico_standard_link/binary_info.c.obj
 *(.init)
 .init          0x00000000100002b8        0x4 /usr/lib/gcc/arm-none-eabi/12.2.1/thumb/v6-m/nofp/crti.o
                0x00000000100002b8                _init
 *(EXCLUDE_FILE(*libm.a: *libc.a:*lib_a-mem*.o *libgcc.a:) .text*)
 .text          0x00000000100002bc       0x98 /usr/lib/gcc/arm-none-eabi/12.2.1/thumb/v6-m/nofp/crtbegin.o
 .text.startup.main
                0x0000000010000354       0x10 CMakeFiles/rp2040-freertos-template.dir/main.c.obj
                0x0000000010000354                main
 .text.on_uart_rx
                0x0000000010000364       0x84 CMakeFiles/rp2040-freertos-template.dir/tasks.c.obj
                0x0000000010000364                on_uart_rx
 .text.led_task
                0x00000000100003e8       0x24 CMakeFiles/rp2040-freertos-template.dir/tasks.c.obj
 .text.vTaskUart_4g
                0x000000001000040c       0xc0 CMakeFiles/rp2040-freertos-template.dir/tasks.c.obj
 .text.initTasks
                0x00000000100004cc       0x40 CMakeFiles/rp2040-freertos-template.dir/tasks.c.obj
                0x00000000100004cc                initTasks
 .text.gpio_set_function
                0x000000001000050c       0x30 CMakeFiles/rp2040-freertos-template.dir/home/sarmad-alvi/Documents/pico/pico-sdk/src/rp2_common/hardware_gpio/gpio.c.obj
                0x000000001000050c                gpio_set_function
 .text.gpio_init
                0x000000001000053c       0x3c CMakeFiles/rp2040-freertos-template.dir/home/sarmad-alvi/Documents/pico/pico-sdk/src/rp2_common/hardware_gpio/gpio.c.obj
                0x000000001000053c                gpio_init
 .text.running_on_fpga
                0x0000000010000578       0x10 CMakeFiles/rp2040-freertos-template.dir/home/sarmad-alvi/Documents/pico/pico-sdk/src/rp2_common/pico_platform/platform.c.obj
                0x0000000010000578                running_on_fpga
 .text.hw_claim_or_assert
                0x0000000010000588       0x44 CMakeFiles/rp2040-freertos-template.dir/home/sarmad-alvi/Documents/pico/pico-sdk/src/rp2_common/hardware_claim/claim.c.obj
                0x0000000010000588                hw_claim_or_assert
 .text.spin_locks_reset
                0x00000000100005cc       0x1c CMakeFiles/rp2040-freertos-template.dir/home/sarmad-alvi/Documents/pico/pico-sdk/src/rp2_common/hardware_sync/sync.c.obj
                0x00000000100005cc                spin_locks_reset
 .text.next_striped_spin_lock_num
                0x00000000100005e8       0x18 CMakeFiles/rp2040-freertos-template.dir/home/sarmad-alvi/Documents/pico/pico-sdk/src/rp2_common/hardware_sync/sync.c.obj
                0x00000000100005e8                next_striped_spin_lock_num
 .text.irq_set_enabled
                0x0000000010000600       0x24 CMakeFiles/rp2040-freertos-template.dir/home/sarmad-alvi/Documents/pico/pico-sdk/src/rp2_common/hardware_irq/irq.c.obj
                0x0000000010000600                irq_set_enabled
 .text.irq_get_vtable_handler
                0x0000000010000624       0x10 CMakeFiles/rp2040-freertos-template.dir/home/sarmad-alvi/Documents/pico/pico-sdk/src/rp2_common/hardware_irq/irq.c.obj
                0x0000000010000624                irq_get_vtable_handler
 .text.irq_set_exclusive_handler
                0x0000000010000634       0x54 CMakeFiles/rp2040-freertos-template.dir/home/sarmad-alvi/Documents/pico/pico-sdk/src/rp2_common/hardware_irq/irq.c.obj
                0x0000000010000634                irq_set_exclusive_handler
 .text.irq_remove_handler
                0x0000000010000688      0x1c4 CMakeFiles/rp2040-freertos-template.dir/home/sarmad-alvi/Documents/pico/pico-sdk/src/rp2_common/hardware_irq/irq.c.obj
                0x0000000010000688                irq_remove_handler
 .text.irq_set_priority
                0x000000001000084c       0x28 CMakeFiles/rp2040-freertos-template.dir/home/sarmad-alvi/Documents/pico/pico-sdk/src/rp2_common/hardware_irq/irq.c.obj
                0x000000001000084c                irq_set_priority
 .text.irq_add_tail_to_free_list
                0x0000000010000874       0xb4 CMakeFiles/rp2040-freertos-template.dir/home/sarmad-alvi/Documents/pico/pico-sdk/src/rp2_common/hardware_irq/irq.c.obj
                0x0000000010000874                irq_add_tail_to_free_list
 .text.irq_init_priorities
                0x0000000010000928       0x24 CMakeFiles/rp2040-freertos-template.dir/home/sarmad-alvi/Documents/pico/pico-sdk/src/rp2_common/hardware_irq/irq.c.obj
                0x0000000010000928                irq_init_priorities
 .text.lock_init
                0x000000001000094c       0x10 CMakeFiles/rp2040-freertos-template.dir/home/sarmad-alvi/Documents/pico/pico-sdk/src/common/pico_sync/lock_core.c.obj
                0x000000001000094c                lock_init
 .text.mutex_init
                0x000000001000095c       0x1c CMakeFiles/rp2040-freertos-template.dir/home/sarmad-alvi/Documents/pico/pico-sdk/src/common/pico_sync/mutex.c.obj
                0x000000001000095c                mutex_init
 .text.recursive_mutex_init
                0x0000000010000978       0x20 CMakeFiles/rp2040-freertos-template.dir/home/sarmad-alvi/Documents/pico/pico-sdk/src/common/pico_sync/mutex.c.obj
                0x0000000010000978                recursive_mutex_init
 .text.timer_pool_entry_comparator
                0x0000000010000998       0x34 CMakeFiles/rp2040-freertos-template.dir/home/sarmad-alvi/Documents/pico/pico-sdk/src/common/pico_time/time.c.obj
                0x0000000010000998                timer_pool_entry_comparator
 .text.sleep_until_callback
                0x00000000100009cc       0x24 CMakeFiles/rp2040-freertos-template.dir/home/sarmad-alvi/Documents/pico/pico-sdk/src/common/pico_time/time.c.obj
 .text.add_alarm_under_lock.isra.0
                0x00000000100009f0      0x100 CMakeFiles/rp2040-freertos-template.dir/home/sarmad-alvi/Documents/pico/pico-sdk/src/common/pico_time/time.c.obj
 .text.alarm_pool_alarm_callback
                0x0000000010000af0      0x1c0 CMakeFiles/rp2040-freertos-template.dir/home/sarmad-alvi/Documents/pico/pico-sdk/src/common/pico_time/time.c.obj
 .text.alarm_pool_init_default
                0x0000000010000cb0       0x6c CMakeFiles/rp2040-freertos-template.dir/home/sarmad-alvi/Documents/pico/pico-sdk/src/common/pico_time/time.c.obj
                0x0000000010000cb0                alarm_pool_init_default
 .text.alarm_pool_add_alarm_at
                0x0000000010000d1c      0x188 CMakeFiles/rp2040-freertos-template.dir/home/sarmad-alvi/Documents/pico/pico-sdk/src/common/pico_time/time.c.obj
                0x0000000010000d1c                alarm_pool_add_alarm_at
 .text.best_effort_wfe_or_timeout
                0x0000000010000ea4       0xec CMakeFiles/rp2040-freertos-template.dir/home/sarmad-alvi/Documents/pico/pico-sdk/src/common/pico_time/time.c.obj
                0x0000000010000ea4                best_effort_wfe_or_timeout
 .text.hardware_alarm_irq_handler
                0x0000000010000f90       0xbc CMakeFiles/rp2040-freertos-template.dir/home/sarmad-alvi/Documents/pico/pico-sdk/src/rp2_common/hardware_timer/timer.c.obj
 .text.hardware_alarm_claim
                0x000000001000104c       0x18 CMakeFiles/rp2040-freertos-template.dir/home/sarmad-alvi/Documents/pico/pico-sdk/src/rp2_common/hardware_timer/timer.c.obj
                0x000000001000104c                hardware_alarm_claim
 .text.time_us_64
                0x0000000010001064       0x14 CMakeFiles/rp2040-freertos-template.dir/home/sarmad-alvi/Documents/pico/pico-sdk/src/rp2_common/hardware_timer/timer.c.obj
                0x0000000010001064                time_us_64
 .text.busy_wait_us
                0x0000000010001078       0x68 CMakeFiles/rp2040-freertos-template.dir/home/sarmad-alvi/Documents/pico/pico-sdk/src/rp2_common/hardware_timer/timer.c.obj
                0x0000000010001078                busy_wait_us
 .text.hardware_alarm_set_callback
                0x00000000100010e0       0x8c CMakeFiles/rp2040-freertos-template.dir/home/sarmad-alvi/Documents/pico/pico-sdk/src/rp2_common/hardware_timer/timer.c.obj
                0x00000000100010e0                hardware_alarm_set_callback
 .text.hardware_alarm_set_target
                0x000000001000116c       0xd0 CMakeFiles/rp2040-freertos-template.dir/home/sarmad-alvi/Documents/pico/pico-sdk/src/rp2_common/hardware_timer/timer.c.obj
                0x000000001000116c                hardware_alarm_set_target
 .text.hardware_alarm_cancel
                0x000000001000123c       0x3c CMakeFiles/rp2040-freertos-template.dir/home/sarmad-alvi/Documents/pico/pico-sdk/src/rp2_common/hardware_timer/timer.c.obj
                0x000000001000123c                hardware_alarm_cancel
 .text.ph_merge_nodes
                0x0000000010001278       0x64 CMakeFiles/rp2040-freertos-template.dir/home/sarmad-alvi/Documents/pico/pico-sdk/src/common/pico_util/pheap.c.obj
 .text.ph_post_alloc_init
                0x00000000100012dc       0x3c CMakeFiles/rp2040-freertos-template.dir/home/sarmad-alvi/Documents/pico/pico-sdk/src/common/pico_util/pheap.c.obj
                0x00000000100012dc                ph_post_alloc_init
 .text.ph_merge_two_pass
                0x0000000010001318       0x98 CMakeFiles/rp2040-freertos-template.dir/home/sarmad-alvi/Documents/pico/pico-sdk/src/common/pico_util/pheap.c.obj
                0x0000000010001318                ph_merge_two_pass
 .text.ph_remove_any_head
                0x00000000100013b0      0x100 CMakeFiles/rp2040-freertos-template.dir/home/sarmad-alvi/Documents/pico/pico-sdk/src/common/pico_util/pheap.c.obj
 .text.ph_remove_head
                0x00000000100014b0      0x104 CMakeFiles/rp2040-freertos-template.dir/home/sarmad-alvi/Documents/pico/pico-sdk/src/common/pico_util/pheap.c.obj
                0x00000000100014b0                ph_remove_head
 .text.ph_remove_and_free_node
                0x00000000100015b4       0x78 CMakeFiles/rp2040-freertos-template.dir/home/sarmad-alvi/Documents/pico/pico-sdk/src/common/pico_util/pheap.c.obj
                0x00000000100015b4                ph_remove_and_free_node
 .text.uart_init
                0x000000001000162c      0x188 CMakeFiles/rp2040-freertos-template.dir/home/sarmad-alvi/Documents/pico/pico-sdk/src/rp2_common/hardware_uart/uart.c.obj
                0x000000001000162c                uart_init
 .text.uart_set_format
                0x00000000100017b4       0x7c CMakeFiles/rp2040-freertos-template.dir/home/sarmad-alvi/Documents/pico/pico-sdk/src/rp2_common/hardware_uart/uart.c.obj
                0x00000000100017b4                uart_set_format
 .text.uart_set_fifo_enabled
                0x0000000010001830       0x60 CMakeFiles/rp2040-freertos-template.dir/home/sarmad-alvi/Documents/pico/pico-sdk/src/rp2_common/hardware_uart/uart.c.obj
                0x0000000010001830                uart_set_fifo_enabled
 .text.clocks_init
                0x0000000010001890      0x2c8 CMakeFiles/rp2040-freertos-template.dir/home/sarmad-alvi/Documents/pico/pico-sdk/src/rp2_common/hardware_clocks/clocks.c.obj
                0x0000000010001890                clocks_init
 .text.clock_get_hz
                0x0000000010001b58        0xc CMakeFiles/rp2040-freertos-template.dir/home/sarmad-alvi/Documents/pico/pico-sdk/src/rp2_common/hardware_clocks/clocks.c.obj
                0x0000000010001b58                clock_get_hz
 .text.pll_init
                0x0000000010001b64       0xa0 CMakeFiles/rp2040-freertos-template.dir/home/sarmad-alvi/Documents/pico/pico-sdk/src/rp2_common/hardware_pll/pll.c.obj
                0x0000000010001b64                pll_init
 .text.watchdog_start_tick
                0x0000000010001c04       0x10 CMakeFiles/rp2040-freertos-template.dir/home/sarmad-alvi/Documents/pico/pico-sdk/src/rp2_common/hardware_watchdog/watchdog.c.obj
                0x0000000010001c04                watchdog_start_tick
 .text.xosc_init
                0x0000000010001c14       0x28 CMakeFiles/rp2040-freertos-template.dir/home/sarmad-alvi/Documents/pico/pico-sdk/src/rp2_common/hardware_xosc/xosc.c.obj
                0x0000000010001c14                xosc_init
 .text.runtime_init
                0x0000000010001c3c       0xf0 CMakeFiles/rp2040-freertos-template.dir/home/sarmad-alvi/Documents/pico/pico-sdk/src/rp2_common/pico_runtime/runtime.c.obj
                0x0000000010001c3c                runtime_init
 .text._exit    0x0000000010001d2c        0x4 CMakeFiles/rp2040-freertos-template.dir/home/sarmad-alvi/Documents/pico/pico-sdk/src/rp2_common/pico_runtime/runtime.c.obj
                0x0000000010001d2c                _exit
 .text.exit     0x0000000010001d30        0x8 CMakeFiles/rp2040-freertos-template.dir/home/sarmad-alvi/Documents/pico/pico-sdk/src/rp2_common/pico_runtime/runtime.c.obj
                0x0000000010001d30                exit
 .text.panic    0x0000000010001d38       0x30 CMakeFiles/rp2040-freertos-template.dir/home/sarmad-alvi/Documents/pico/pico-sdk/src/rp2_common/pico_runtime/runtime.c.obj
                0x0000000010001d38                panic
 .text.panic_unsupported
                0x0000000010001d68        0xc CMakeFiles/rp2040-freertos-template.dir/home/sarmad-alvi/Documents/pico/pico-sdk/src/rp2_common/pico_runtime/runtime.c.obj
                0x0000000010001d68                panic_unsupported
 .text.hard_assertion_failure
                0x0000000010001d74        0xc CMakeFiles/rp2040-freertos-template.dir/home/sarmad-alvi/Documents/pico/pico-sdk/src/rp2_common/pico_runtime/runtime.c.obj
                0x0000000010001d74                hard_assertion_failure
 .text._out_char
                0x0000000010001d80       0x10 CMakeFiles/rp2040-freertos-template.dir/home/sarmad-alvi/Documents/pico/pico-sdk/src/rp2_common/pico_printf/printf.c.obj
 .text.weak_raw_vprintf
                0x0000000010001d90       0x30 CMakeFiles/rp2040-freertos-template.dir/home/sarmad-alvi/Documents/pico/pico-sdk/src/rp2_common/pico_printf/printf.c.obj
                0x0000000010001d90                weak_raw_vprintf
 .text          0x0000000010001dc0       0x10 CMakeFiles/rp2040-freertos-template.dir/home/sarmad-alvi/Documents/pico/pico-sdk/src/rp2_common/pico_bit_ops/bit_ops_aeabi.S.obj
 .text.rom_func_lookup
                0x0000000010001dd0       0x10 CMakeFiles/rp2040-freertos-template.dir/home/sarmad-alvi/Documents/pico/pico-sdk/src/rp2_common/pico_bootrom/bootrom.c.obj
                0x0000000010001dd0                rom_func_lookup
 .text.rom_data_lookup
                0x0000000010001de0       0x10 CMakeFiles/rp2040-freertos-template.dir/home/sarmad-alvi/Documents/pico/pico-sdk/src/rp2_common/pico_bootrom/bootrom.c.obj
                0x0000000010001de0                rom_data_lookup
 .text.rom_funcs_lookup
                0x0000000010001df0       0x44 CMakeFiles/rp2040-freertos-template.dir/home/sarmad-alvi/Documents/pico/pico-sdk/src/rp2_common/pico_bootrom/bootrom.c.obj
                0x0000000010001df0                rom_funcs_lookup
 .text.__wrap___aeabi_uidiv
                0x0000000010001e34       0x4c CMakeFiles/rp2040-freertos-template.dir/home/sarmad-alvi/Documents/pico/pico-sdk/src/rp2_common/pico_divider/divider.S.obj
                0x0000000010001e34                __wrap___aeabi_uidiv
                0x0000000010001e34                __wrap___aeabi_uidivmod
                0x0000000010001e34                div_u32u32
                0x0000000010001e34                divmod_u32u32
                0x0000000010001e3c                divmod_u32u32_unsafe
                0x0000000010001e64                divmod_u32u32_savestate
 .text.__wrap___aeabi_ldiv
                0x0000000010001e80      0x424 CMakeFiles/rp2040-freertos-template.dir/home/sarmad-alvi/Documents/pico/pico-sdk/src/rp2_common/pico_divider/divider.S.obj
                0x0000000010001e80                div_s64s64
                0x0000000010001e80                divmod_s64s64
                0x0000000010001e80                __wrap___aeabi_ldivmod
                0x0000000010001eb0                div_u64u64
                0x0000000010001eb0                divmod_u64u64
                0x0000000010001eb0                __wrap___aeabi_uldivmod
                0x0000000010001ec0                divmod_u64u64_savestate
                0x0000000010001ee0                divmod_s64s64_unsafe
                0x0000000010001f68                divmod_u64u64_unsafe
 .text.__aeabi_double_init
                0x00000000100022a4       0x98 CMakeFiles/rp2040-freertos-template.dir/home/sarmad-alvi/Documents/pico/pico-sdk/src/rp2_common/pico_double/double_init_rom.c.obj
                0x00000000100022a4                __aeabi_double_init
 .text.double_table_shim_on_use_helper
                0x000000001000233c       0x2c CMakeFiles/rp2040-freertos-template.dir/home/sarmad-alvi/Documents/pico/pico-sdk/src/rp2_common/pico_double/double_v1_rom_shim.S.obj
                0x000000001000233c                double_table_shim_on_use_helper
 .text.__aeabi_float_init
                0x0000000010002368       0x64 CMakeFiles/rp2040-freertos-template.dir/home/sarmad-alvi/Documents/pico/pico-sdk/src/rp2_common/pico_float/float_init_rom.c.obj
                0x0000000010002368                __aeabi_float_init
 .text.float_table_shim_on_use_helper
                0x00000000100023cc       0x2c CMakeFiles/rp2040-freertos-template.dir/home/sarmad-alvi/Documents/pico/pico-sdk/src/rp2_common/pico_float/float_v1_rom_shim.S.obj
                0x00000000100023cc                float_table_shim_on_use_helper
 .text          0x00000000100023f8       0x10 CMakeFiles/rp2040-freertos-template.dir/home/sarmad-alvi/Documents/pico/pico-sdk/src/rp2_common/pico_mem_ops/mem_ops_aeabi.S.obj
                0x00000000100023f8                __aeabi_mem_init
 .text.memset   0x0000000010002408        0xc CMakeFiles/rp2040-freertos-template.dir/home/sarmad-alvi/Documents/pico/pico-sdk/src/rp2_common/pico_mem_ops/mem_ops_aeabi.S.obj
                0x0000000010002408                __wrap_memset
 .text.memcpy   0x0000000010002414        0xc CMakeFiles/rp2040-freertos-template.dir/home/sarmad-alvi/Documents/pico/pico-sdk/src/rp2_common/pico_mem_ops/mem_ops_aeabi.S.obj
                0x0000000010002414                __wrap___aeabi_memcpy
                0x0000000010002414                __wrap_memcpy
 .text.stdio_out_chars_crlf
                0x0000000010002420       0xbc CMakeFiles/rp2040-freertos-template.dir/home/sarmad-alvi/Documents/pico/pico-sdk/src/rp2_common/pico_stdio/stdio.c.obj
 .text.__wrap_putchar
                0x00000000100024dc       0x98 CMakeFiles/rp2040-freertos-template.dir/home/sarmad-alvi/Documents/pico/pico-sdk/src/rp2_common/pico_stdio/stdio.c.obj
                0x00000000100024dc                __wrap_putchar
 .text.__wrap_puts
                0x0000000010002574       0xe0 CMakeFiles/rp2040-freertos-template.dir/home/sarmad-alvi/Documents/pico/pico-sdk/src/rp2_common/pico_stdio/stdio.c.obj
                0x0000000010002574                __wrap_puts
 .text.stdio_set_driver_enabled
                0x0000000010002654       0x30 CMakeFiles/rp2040-freertos-template.dir/home/sarmad-alvi/Documents/pico/pico-sdk/src/rp2_common/pico_stdio/stdio.c.obj
                0x0000000010002654                stdio_set_driver_enabled
 .text.stdio_init_all
                0x0000000010002684        0xc CMakeFiles/rp2040-freertos-template.dir/home/sarmad-alvi/Documents/pico/pico-sdk/src/rp2_common/pico_stdio/stdio.c.obj
                0x0000000010002684                stdio_init_all
 .text.stdio_uart_out_chars
                0x0000000010002690       0x4c CMakeFiles/rp2040-freertos-template.dir/home/sarmad-alvi/Documents/pico/pico-sdk/src/rp2_common/pico_stdio_uart/stdio_uart.c.obj
 .text.stdio_uart_in_chars
                0x00000000100026dc       0x98 CMakeFiles/rp2040-freertos-template.dir/home/sarmad-alvi/Documents/pico/pico-sdk/src/rp2_common/pico_stdio_uart/stdio_uart.c.obj
                0x00000000100026dc                stdio_uart_in_chars
 .text.on_uart_rx
                0x0000000010002774       0x28 CMakeFiles/rp2040-freertos-template.dir/home/sarmad-alvi/Documents/pico/pico-sdk/src/rp2_common/pico_stdio_uart/stdio_uart.c.obj
 .text.stdio_uart_set_chars_available_callback
                0x000000001000279c       0x8c CMakeFiles/rp2040-freertos-template.dir/home/sarmad-alvi/Documents/pico/pico-sdk/src/rp2_common/pico_stdio_uart/stdio_uart.c.obj
 .text.stdio_uart_init
                0x0000000010002828       0x48 CMakeFiles/rp2040-freertos-template.dir/home/sarmad-alvi/Documents/pico/pico-sdk/src/rp2_common/pico_stdio_uart/stdio_uart.c.obj
                0x0000000010002828                stdio_uart_init
 .text.pvPortMalloc
                0x0000000010002870      0x12c CMakeFiles/rp2040-freertos-template.dir/__/lib/FreeRTOS-Kernel/portable/MemMang/heap_4.c.obj
                0x0000000010002870                pvPortMalloc
 .text.vPortFree
                0x000000001000299c       0x8c CMakeFiles/rp2040-freertos-template.dir/__/lib/FreeRTOS-Kernel/portable/MemMang/heap_4.c.obj
                0x000000001000299c                vPortFree
 .text.vPortSVCHandler
                0x0000000010002a28        0x4 CMakeFiles/rp2040-freertos-template.dir/__/lib/FreeRTOS-Kernel/portable/ThirdParty/GCC/RP2040/port.c.obj
                0x0000000010002a28                vPortSVCHandler
 *fill*         0x0000000010002a2c        0x4 
 .text.vPortStartFirstTask
                0x0000000010002a30       0x34 CMakeFiles/rp2040-freertos-template.dir/__/lib/FreeRTOS-Kernel/portable/ThirdParty/GCC/RP2040/port.c.obj
 *fill*         0x0000000010002a64        0xc 
 .text.xPortPendSVHandler
                0x0000000010002a70       0x64 CMakeFiles/rp2040-freertos-template.dir/__/lib/FreeRTOS-Kernel/portable/ThirdParty/GCC/RP2040/port.c.obj
                0x0000000010002a70                xPortPendSVHandler
 .text.prvFIFOInterruptHandler
                0x0000000010002ad4       0x78 CMakeFiles/rp2040-freertos-template.dir/__/lib/FreeRTOS-Kernel/portable/ThirdParty/GCC/RP2040/port.c.obj
 .text.prvTaskExitError
                0x0000000010002b4c        0x8 CMakeFiles/rp2040-freertos-template.dir/__/lib/FreeRTOS-Kernel/portable/ThirdParty/GCC/RP2040/port.c.obj
 .text.pxPortInitialiseStack
                0x0000000010002b54       0x20 CMakeFiles/rp2040-freertos-template.dir/__/lib/FreeRTOS-Kernel/portable/ThirdParty/GCC/RP2040/port.c.obj
                0x0000000010002b54                pxPortInitialiseStack
 .text.vPortYield
                0x0000000010002b74       0x18 CMakeFiles/rp2040-freertos-template.dir/__/lib/FreeRTOS-Kernel/portable/ThirdParty/GCC/RP2040/port.c.obj
                0x0000000010002b74                vPortYield
 .text.vPortEnterCritical
                0x0000000010002b8c       0x18 CMakeFiles/rp2040-freertos-template.dir/__/lib/FreeRTOS-Kernel/portable/ThirdParty/GCC/RP2040/port.c.obj
                0x0000000010002b8c                vPortEnterCritical
 .text.vPortExitCritical
                0x0000000010002ba4       0x34 CMakeFiles/rp2040-freertos-template.dir/__/lib/FreeRTOS-Kernel/portable/ThirdParty/GCC/RP2040/port.c.obj
                0x0000000010002ba4                vPortExitCritical
 .text.ulSetInterruptMaskFromISR
                0x0000000010002bd8        0x8 CMakeFiles/rp2040-freertos-template.dir/__/lib/FreeRTOS-Kernel/portable/ThirdParty/GCC/RP2040/port.c.obj
                0x0000000010002bd8                ulSetInterruptMaskFromISR
 .text.vClearInterruptMaskFromISR
                0x0000000010002be0        0x8 CMakeFiles/rp2040-freertos-template.dir/__/lib/FreeRTOS-Kernel/portable/ThirdParty/GCC/RP2040/port.c.obj
                0x0000000010002be0                vClearInterruptMaskFromISR
 .text.xPortSysTickHandler
                0x0000000010002be8       0x24 CMakeFiles/rp2040-freertos-template.dir/__/lib/FreeRTOS-Kernel/portable/ThirdParty/GCC/RP2040/port.c.obj
                0x0000000010002be8                xPortSysTickHandler
 .text.vPortSetupTimerInterrupt
                0x0000000010002c0c       0x34 CMakeFiles/rp2040-freertos-template.dir/__/lib/FreeRTOS-Kernel/portable/ThirdParty/GCC/RP2040/port.c.obj
                0x0000000010002c0c                vPortSetupTimerInterrupt
 .text.xPortStartScheduler
                0x0000000010002c40       0xa0 CMakeFiles/rp2040-freertos-template.dir/__/lib/FreeRTOS-Kernel/portable/ThirdParty/GCC/RP2040/port.c.obj
                0x0000000010002c40                xPortStartScheduler
 .text.ulPortLockGetCurrentOwnerId
                0x0000000010002ce0       0x2c CMakeFiles/rp2040-freertos-template.dir/__/lib/FreeRTOS-Kernel/portable/ThirdParty/GCC/RP2040/port.c.obj
                0x0000000010002ce0                ulPortLockGetCurrentOwnerId
 .text.vPortLockInternalSpinUnlockWithNotify
                0x0000000010002d0c       0xc8 CMakeFiles/rp2040-freertos-template.dir/__/lib/FreeRTOS-Kernel/portable/ThirdParty/GCC/RP2040/port.c.obj
                0x0000000010002d0c                vPortLockInternalSpinUnlockWithNotify
 .text.xPortLockInternalSpinUnlockWithBestEffortWaitOrTimeout
                0x0000000010002dd4       0xfc CMakeFiles/rp2040-freertos-template.dir/__/lib/FreeRTOS-Kernel/portable/ThirdParty/GCC/RP2040/port.c.obj
                0x0000000010002dd4                xPortLockInternalSpinUnlockWithBestEffortWaitOrTimeout
 .text.startup.prvRuntimeInitializer
                0x0000000010002ed0       0x28 CMakeFiles/rp2040-freertos-template.dir/__/lib/FreeRTOS-Kernel/portable/ThirdParty/GCC/RP2040/port.c.obj
 .text.vEventGroupSetBitsCallback
                0x0000000010002ef8       0x8c CMakeFiles/rp2040-freertos-template.dir/__/lib/FreeRTOS-Kernel/event_groups.c.obj
                0x0000000010002ef8                vEventGroupSetBitsCallback
 .text.xEventGroupCreate
                0x0000000010002f84       0x18 CMakeFiles/rp2040-freertos-template.dir/__/lib/FreeRTOS-Kernel/event_groups.c.obj
                0x0000000010002f84                xEventGroupCreate
 .text.xEventGroupWaitBits
                0x0000000010002f9c       0xb8 CMakeFiles/rp2040-freertos-template.dir/__/lib/FreeRTOS-Kernel/event_groups.c.obj
                0x0000000010002f9c                xEventGroupWaitBits
 .text.xEventGroupSetBits
                0x0000000010003054       0x90 CMakeFiles/rp2040-freertos-template.dir/__/lib/FreeRTOS-Kernel/event_groups.c.obj
                0x0000000010003054                xEventGroupSetBits
 .text.xEventGroupSetBitsFromISR
                0x00000000100030e4       0x18 CMakeFiles/rp2040-freertos-template.dir/__/lib/FreeRTOS-Kernel/event_groups.c.obj
                0x00000000100030e4                xEventGroupSetBitsFromISR
 .text.vListInitialise
                0x00000000100030fc       0x18 CMakeFiles/rp2040-freertos-template.dir/__/lib/FreeRTOS-Kernel/list.c.obj
                0x00000000100030fc                vListInitialise
 .text.vListInitialiseItem
                0x0000000010003114        0x8 CMakeFiles/rp2040-freertos-template.dir/__/lib/FreeRTOS-Kernel/list.c.obj
                0x0000000010003114                vListInitialiseItem
 .text.vListInsert
                0x000000001000311c       0x30 CMakeFiles/rp2040-freertos-template.dir/__/lib/FreeRTOS-Kernel/list.c.obj
                0x000000001000311c                vListInsert
 .text.uxListRemove
                0x000000001000314c       0x24 CMakeFiles/rp2040-freertos-template.dir/__/lib/FreeRTOS-Kernel/list.c.obj
                0x000000001000314c                uxListRemove
 .text.prvUnlockQueue
                0x0000000010003170      0x17c CMakeFiles/rp2040-freertos-template.dir/__/lib/FreeRTOS-Kernel/queue.c.obj
 .text.prvNotifyQueueSetContainer
                0x00000000100032ec       0x90 CMakeFiles/rp2040-freertos-template.dir/__/lib/FreeRTOS-Kernel/queue.c.obj
 .text.xQueueGenericCreate
                0x000000001000337c       0xa4 CMakeFiles/rp2040-freertos-template.dir/__/lib/FreeRTOS-Kernel/queue.c.obj
                0x000000001000337c                xQueueGenericCreate
 .text.xQueueGenericSendFromISR
                0x0000000010003420      0x130 CMakeFiles/rp2040-freertos-template.dir/__/lib/FreeRTOS-Kernel/queue.c.obj
                0x0000000010003420                xQueueGenericSendFromISR
 .text.xQueueReceive
                0x0000000010003550      0x124 CMakeFiles/rp2040-freertos-template.dir/__/lib/FreeRTOS-Kernel/queue.c.obj
                0x0000000010003550                xQueueReceive
 .text.vQueueAddToRegistry
                0x0000000010003674      0x118 CMakeFiles/rp2040-freertos-template.dir/__/lib/FreeRTOS-Kernel/queue.c.obj
                0x0000000010003674                vQueueAddToRegistry
 .text.vQueueWaitForMessageRestricted
                0x000000001000378c       0x48 CMakeFiles/rp2040-freertos-template.dir/__/lib/FreeRTOS-Kernel/queue.c.obj
                0x000000001000378c                vQueueWaitForMessageRestricted
 .text.prvIdleTask
                0x00000000100037d4       0x60 CMakeFiles/rp2040-freertos-template.dir/__/lib/FreeRTOS-Kernel/tasks.c.obj
 .text.xTaskIncrementTick.part.0
                0x0000000010003834      0x190 CMakeFiles/rp2040-freertos-template.dir/__/lib/FreeRTOS-Kernel/tasks.c.obj
 .text.xTaskCreate
                0x00000000100039c4      0x24c CMakeFiles/rp2040-freertos-template.dir/__/lib/FreeRTOS-Kernel/tasks.c.obj
                0x00000000100039c4                xTaskCreate
 .text.vTaskStartScheduler
                0x0000000010003c10      0x1dc CMakeFiles/rp2040-freertos-template.dir/__/lib/FreeRTOS-Kernel/tasks.c.obj
                0x0000000010003c10                vTaskStartScheduler
 .text.vTaskSuspendAll
                0x0000000010003dec       0x10 CMakeFiles/rp2040-freertos-template.dir/__/lib/FreeRTOS-Kernel/tasks.c.obj
                0x0000000010003dec                vTaskSuspendAll
 .text.xTaskResumeAll
                0x0000000010003dfc      0x180 CMakeFiles/rp2040-freertos-template.dir/__/lib/FreeRTOS-Kernel/tasks.c.obj
                0x0000000010003dfc                xTaskResumeAll
 .text.vTaskDelay
                0x0000000010003f7c       0x78 CMakeFiles/rp2040-freertos-template.dir/__/lib/FreeRTOS-Kernel/tasks.c.obj
                0x0000000010003f7c                vTaskDelay
 .text.xTaskGetTickCount
                0x0000000010003ff4        0xc CMakeFiles/rp2040-freertos-template.dir/__/lib/FreeRTOS-Kernel/tasks.c.obj
                0x0000000010003ff4                xTaskGetTickCount
 .text.uxTaskGetNumberOfTasks
                0x0000000010004000        0xc CMakeFiles/rp2040-freertos-template.dir/__/lib/FreeRTOS-Kernel/tasks.c.obj
                0x0000000010004000                uxTaskGetNumberOfTasks
 .text.xTaskIncrementTick
                0x000000001000400c       0x24 CMakeFiles/rp2040-freertos-template.dir/__/lib/FreeRTOS-Kernel/tasks.c.obj
                0x000000001000400c                xTaskIncrementTick
 .text.vTaskSwitchContext
                0x0000000010004030       0x6c CMakeFiles/rp2040-freertos-template.dir/__/lib/FreeRTOS-Kernel/tasks.c.obj
                0x0000000010004030                vTaskSwitchContext
 .text.vTaskPlaceOnEventList
                0x000000001000409c       0x94 CMakeFiles/rp2040-freertos-template.dir/__/lib/FreeRTOS-Kernel/tasks.c.obj
                0x000000001000409c                vTaskPlaceOnEventList
 .text.vTaskPlaceOnUnorderedEventList
                0x0000000010004130       0xb8 CMakeFiles/rp2040-freertos-template.dir/__/lib/FreeRTOS-Kernel/tasks.c.obj
                0x0000000010004130                vTaskPlaceOnUnorderedEventList
 .text.vTaskPlaceOnEventListRestricted
                0x00000000100041e8       0xc0 CMakeFiles/rp2040-freertos-template.dir/__/lib/FreeRTOS-Kernel/tasks.c.obj
                0x00000000100041e8                vTaskPlaceOnEventListRestricted
 .text.xTaskRemoveFromEventList
                0x00000000100042a8       0xd0 CMakeFiles/rp2040-freertos-template.dir/__/lib/FreeRTOS-Kernel/tasks.c.obj
                0x00000000100042a8                xTaskRemoveFromEventList
 .text.vTaskRemoveFromUnorderedEventList
                0x0000000010004378       0x94 CMakeFiles/rp2040-freertos-template.dir/__/lib/FreeRTOS-Kernel/tasks.c.obj
                0x0000000010004378                vTaskRemoveFromUnorderedEventList
 .text.vTaskInternalSetTimeOutState
                0x000000001000440c       0x18 CMakeFiles/rp2040-freertos-template.dir/__/lib/FreeRTOS-Kernel/tasks.c.obj
                0x000000001000440c                vTaskInternalSetTimeOutState
 .text.xTaskCheckForTimeOut
                0x0000000010004424       0x74 CMakeFiles/rp2040-freertos-template.dir/__/lib/FreeRTOS-Kernel/tasks.c.obj
                0x0000000010004424                xTaskCheckForTimeOut
 .text.vTaskMissedYield
                0x0000000010004498        0xc CMakeFiles/rp2040-freertos-template.dir/__/lib/FreeRTOS-Kernel/tasks.c.obj
                0x0000000010004498                vTaskMissedYield
 .text.xTaskGetCurrentTaskHandle
                0x00000000100044a4        0xc CMakeFiles/rp2040-freertos-template.dir/__/lib/FreeRTOS-Kernel/tasks.c.obj
                0x00000000100044a4                xTaskGetCurrentTaskHandle
 .text.xTaskPriorityDisinherit
                0x00000000100044b0       0x64 CMakeFiles/rp2040-freertos-template.dir/__/lib/FreeRTOS-Kernel/tasks.c.obj
                0x00000000100044b0                xTaskPriorityDisinherit
 .text.uxTaskResetEventItemValue
                0x0000000010004514       0x18 CMakeFiles/rp2040-freertos-template.dir/__/lib/FreeRTOS-Kernel/tasks.c.obj
                0x0000000010004514                uxTaskResetEventItemValue
 .text.prvTimerTask
                0x000000001000452c      0x384 CMakeFiles/rp2040-freertos-template.dir/__/lib/FreeRTOS-Kernel/timers.c.obj
 .text.xTimerCreateTimerTask
                0x00000000100048b0       0x8c CMakeFiles/rp2040-freertos-template.dir/__/lib/FreeRTOS-Kernel/timers.c.obj
                0x00000000100048b0                xTimerCreateTimerTask
 .text.xTimerPendFunctionCallFromISR
                0x000000001000493c       0x28 CMakeFiles/rp2040-freertos-template.dir/__/lib/FreeRTOS-Kernel/timers.c.obj
                0x000000001000493c                xTimerPendFunctionCallFromISR
 .text.exception_set_exclusive_handler
                0x0000000010004964       0x48 CMakeFiles/rp2040-freertos-template.dir/home/sarmad-alvi/Documents/pico/pico-sdk/src/rp2_common/hardware_exception/exception.c.obj
                0x0000000010004964                exception_set_exclusive_handler
 .text          0x00000000100049ac       0x5c /usr/lib/gcc/arm-none-eabi/12.2.1/../../../arm-none-eabi/lib/thumb/v6-m/nofp/libc.a(lib_a-strlen-stub.o)
                0x00000000100049ac                strlen
 *(.fini)
 .fini          0x0000000010004a08        0x4 /usr/lib/gcc/arm-none-eabi/12.2.1/thumb/v6-m/nofp/crti.o
                0x0000000010004a08                _fini
 *fill*         0x0000000010004a0c        0x4 
 .fini.__stub   0x0000000010004a10       0x40 linker stubs
 *crtbegin.o(.ctors)
 *crtbegin?.o(.ctors)
 *(EXCLUDE_FILE(*crtend.o *crtend?.o) .ctors)
 *(SORT_BY_NAME(.ctors.*))
 *(.ctors)
 *crtbegin.o(.dtors)
 *crtbegin?.o(.dtors)
 *(EXCLUDE_FILE(*crtend.o *crtend?.o) .dtors)
 *(SORT_BY_NAME(.dtors.*))
 *(.dtors)
 *(.eh_frame*)
 .eh_frame      0x0000000010004a50        0x0 /usr/lib/gcc/arm-none-eabi/12.2.1/thumb/v6-m/nofp/crtbegin.o
                0x0000000010004a50                . = ALIGN (0x4)

.glue_7         0x0000000010004a50        0x0
 .glue_7        0x0000000010004a50        0x0 linker stubs

.glue_7t        0x0000000010004a50        0x0
 .glue_7t       0x0000000010004a50        0x0 linker stubs

.vfp11_veneer   0x0000000010004a50        0x0
 .vfp11_veneer  0x0000000010004a50        0x0 linker stubs

.v4_bx          0x0000000010004a50        0x0
 .v4_bx         0x0000000010004a50        0x0 linker stubs

.iplt           0x0000000010004a50        0x0
 .iplt          0x0000000010004a50        0x0 /usr/lib/gcc/arm-none-eabi/12.2.1/thumb/v6-m/nofp/crtbegin.o

.rodata         0x0000000010004a50      0x170
 *(EXCLUDE_FILE(*libm.a: *libc.a:*lib_a-mem*.o *libgcc.a:) .rodata*)
 .rodata.vTaskUart_4g.str1.4
                0x0000000010004a50       0x19 CMakeFiles/rp2040-freertos-template.dir/tasks.c.obj
 *fill*         0x0000000010004a69        0x3 
 .rodata.initTasks.str1.4
                0x0000000010004a6c        0xd CMakeFiles/rp2040-freertos-template.dir/tasks.c.obj
 *fill*         0x0000000010004a79        0x3 
 .rodata.hardware_alarm_claim.str1.4
                0x0000000010004a7c       0x22 CMakeFiles/rp2040-freertos-template.dir/home/sarmad-alvi/Documents/pico/pico-sdk/src/rp2_common/hardware_timer/timer.c.obj
 *fill*         0x0000000010004a9e        0x2 
 .rodata.panic.str1.4
                0x0000000010004aa0       0x12 CMakeFiles/rp2040-freertos-template.dir/home/sarmad-alvi/Documents/pico/pico-sdk/src/rp2_common/pico_runtime/runtime.c.obj
 *fill*         0x0000000010004ab2        0x2 
 .rodata.panic_unsupported.str1.4
                0x0000000010004ab4        0xe CMakeFiles/rp2040-freertos-template.dir/home/sarmad-alvi/Documents/pico/pico-sdk/src/rp2_common/pico_runtime/runtime.c.obj
 *fill*         0x0000000010004ac2        0x2 
 .rodata.hard_assertion_failure.str1.4
                0x0000000010004ac4        0xc CMakeFiles/rp2040-freertos-template.dir/home/sarmad-alvi/Documents/pico/pico-sdk/src/rp2_common/pico_runtime/runtime.c.obj
 .rodata.str1.4
                0x0000000010004ad0       0x50 CMakeFiles/rp2040-freertos-template.dir/home/sarmad-alvi/Documents/pico/pico-sdk/src/rp2_common/pico_standard_link/binary_info.c.obj
 .rodata.__bi_81
                0x0000000010004b20        0xc CMakeFiles/rp2040-freertos-template.dir/home/sarmad-alvi/Documents/pico/pico-sdk/src/rp2_common/pico_standard_link/binary_info.c.obj
 .rodata.__bi_75
                0x0000000010004b2c        0xc CMakeFiles/rp2040-freertos-template.dir/home/sarmad-alvi/Documents/pico/pico-sdk/src/rp2_common/pico_standard_link/binary_info.c.obj
 .rodata.__bi_44
                0x0000000010004b38        0xc CMakeFiles/rp2040-freertos-template.dir/home/sarmad-alvi/Documents/pico/pico-sdk/src/rp2_common/pico_standard_link/binary_info.c.obj
 .rodata.crlf_str.0
                0x0000000010004b44        0x2 CMakeFiles/rp2040-freertos-template.dir/home/sarmad-alvi/Documents/pico/pico-sdk/src/rp2_common/pico_stdio/stdio.c.obj
 *fill*         0x0000000010004b46        0x2 
 .rodata.str1.4
                0x0000000010004b48       0x2c CMakeFiles/rp2040-freertos-template.dir/home/sarmad-alvi/Documents/pico/pico-sdk/src/rp2_common/pico_stdio_uart/stdio_uart.c.obj
 .rodata.__bi_33.4
                0x0000000010004b74        0xc CMakeFiles/rp2040-freertos-template.dir/home/sarmad-alvi/Documents/pico/pico-sdk/src/rp2_common/pico_stdio_uart/stdio_uart.c.obj
 .rodata.__bi_34.5
                0x0000000010004b80        0x8 CMakeFiles/rp2040-freertos-template.dir/home/sarmad-alvi/Documents/pico/pico-sdk/src/rp2_common/pico_stdio_uart/stdio_uart.c.obj
 .rodata.prvTimerTask
                0x0000000010004b88       0x28 CMakeFiles/rp2040-freertos-template.dir/__/lib/FreeRTOS-Kernel/timers.c.obj
 .rodata.xTimerCreateTimerTask.str1.4
                0x0000000010004bb0       0x10 CMakeFiles/rp2040-freertos-template.dir/__/lib/FreeRTOS-Kernel/timers.c.obj
                0x0000000010004bc0                . = ALIGN (0x4)
 *(SORT_BY_ALIGNMENT(SORT_BY_NAME(.flashdata*)))
                0x0000000010004bc0                . = ALIGN (0x4)

.ARM.extab
 *(.ARM.extab* .gnu.linkonce.armextab.*)
                0x0000000010004bc0                __exidx_start = .

.ARM.exidx
 *(.ARM.exidx* .gnu.linkonce.armexidx.*)
                0x0000000010004bc0                __exidx_end = .
                0x0000000010004bc0                . = ALIGN (0x4)
                0x0000000010004bc0                __binary_info_start = .

.binary_info    0x0000000010004bc0       0x24
 *(.binary_info.keep.*)
 .binary_info.keep.__bi_ptr81
                0x0000000010004bc0        0x4 CMakeFiles/rp2040-freertos-template.dir/home/sarmad-alvi/Documents/pico/pico-sdk/src/rp2_common/pico_standard_link/binary_info.c.obj
 .binary_info.keep.__bi_ptr75
                0x0000000010004bc4        0x4 CMakeFiles/rp2040-freertos-template.dir/home/sarmad-alvi/Documents/pico/pico-sdk/src/rp2_common/pico_standard_link/binary_info.c.obj
 .binary_info.keep.__bi_ptr50
                0x0000000010004bc8        0x4 CMakeFiles/rp2040-freertos-template.dir/home/sarmad-alvi/Documents/pico/pico-sdk/src/rp2_common/pico_standard_link/binary_info.c.obj
 .binary_info.keep.__bi_ptr44
                0x0000000010004bcc        0x4 CMakeFiles/rp2040-freertos-template.dir/home/sarmad-alvi/Documents/pico/pico-sdk/src/rp2_common/pico_standard_link/binary_info.c.obj
 .binary_info.keep.__bi_ptr38
                0x0000000010004bd0        0x4 CMakeFiles/rp2040-freertos-template.dir/home/sarmad-alvi/Documents/pico/pico-sdk/src/rp2_common/pico_standard_link/binary_info.c.obj
 .binary_info.keep.__bi_ptr30
                0x0000000010004bd4        0x4 CMakeFiles/rp2040-freertos-template.dir/home/sarmad-alvi/Documents/pico/pico-sdk/src/rp2_common/pico_standard_link/binary_info.c.obj
 .binary_info.keep.__bi_ptr22
                0x0000000010004bd8        0x4 CMakeFiles/rp2040-freertos-template.dir/home/sarmad-alvi/Documents/pico/pico-sdk/src/rp2_common/pico_standard_link/binary_info.c.obj
 *(.binary_info.*)
 .binary_info.__bi_ptr34
                0x0000000010004bdc        0x4 CMakeFiles/rp2040-freertos-template.dir/home/sarmad-alvi/Documents/pico/pico-sdk/src/rp2_common/pico_stdio_uart/stdio_uart.c.obj
 .binary_info.__bi_ptr33
                0x0000000010004be0        0x4 CMakeFiles/rp2040-freertos-template.dir/home/sarmad-alvi/Documents/pico/pico-sdk/src/rp2_common/pico_stdio_uart/stdio_uart.c.obj
                0x0000000010004be4                __binary_info_end = .

.rel.dyn        0x0000000010004be4        0x0
 .rel.iplt      0x0000000010004be4        0x0 /usr/lib/gcc/arm-none-eabi/12.2.1/thumb/v6-m/nofp/crtbegin.o
                0x0000000010004be4                . = ALIGN (0x4)

.ram_vector_table
                0x0000000020000000       0xc0
 *(.ram_vector_table)
 .ram_vector_table
                0x0000000020000000       0xc0 CMakeFiles/rp2040-freertos-template.dir/home/sarmad-alvi/Documents/pico/pico-sdk/src/rp2_common/pico_runtime/runtime.c.obj
                0x0000000020000000                ram_vector_table

.data           0x00000000200000c0      0x1d8 load address 0x0000000010004be4
                0x00000000200000c0                __data_start__ = .
 *(vtable)
 *(.time_critical*)
 .time_critical.mutex_try_enter_block_until
                0x00000000200000c0       0xa0 CMakeFiles/rp2040-freertos-template.dir/home/sarmad-alvi/Documents/pico/pico-sdk/src/common/pico_sync/mutex.c.obj
                0x00000000200000c0                mutex_try_enter_block_until
 .time_critical.mutex_exit
                0x0000000020000160       0x20 CMakeFiles/rp2040-freertos-template.dir/home/sarmad-alvi/Documents/pico/pico-sdk/src/common/pico_sync/mutex.c.obj
                0x0000000020000160                mutex_exit
 *(.text*)
 .text          0x0000000020000180        0x4 /usr/lib/gcc/arm-none-eabi/12.2.1/thumb/v6-m/nofp/libgcc.a(_dvmd_tls.o)
                0x0000000020000180                __aeabi_ldiv0
                0x0000000020000180                __aeabi_idiv0
 *fill*         0x0000000020000184        0x4 
 .text.__stub   0x0000000020000188       0x30 linker stubs
                0x00000000200001b8                . = ALIGN (0x4)
 *(.rodata*)
                0x00000000200001b8                . = ALIGN (0x4)
 *(.data*)
 .data.striped_spin_lock_num
                0x00000000200001b8        0x1 CMakeFiles/rp2040-freertos-template.dir/home/sarmad-alvi/Documents/pico/pico-sdk/src/rp2_common/hardware_sync/sync.c.obj
 *fill*         0x00000000200001b9        0x3 
 .data          0x00000000200001bc       0x48 CMakeFiles/rp2040-freertos-template.dir/home/sarmad-alvi/Documents/pico/pico-sdk/src/rp2_common/hardware_irq/irq_handler_chain.S.obj
                0x00000000200001bc                irq_handler_chain_slots
                0x00000000200001ec                irq_handler_chain_first_slot
                0x00000000200001f6                irq_handler_chain_remove_tail
 .data.default_alarm_pool
                0x0000000020000204       0x18 CMakeFiles/rp2040-freertos-template.dir/home/sarmad-alvi/Documents/pico/pico-sdk/src/common/pico_time/time.c.obj
 .data.default_alarm_pool_heap
                0x000000002000021c       0x10 CMakeFiles/rp2040-freertos-template.dir/home/sarmad-alvi/Documents/pico/pico-sdk/src/common/pico_time/time.c.obj
 *fill*         0x000000002000022c        0x4 
 .data.aeabi_bits_funcs
                0x0000000020000230       0x10 CMakeFiles/rp2040-freertos-template.dir/home/sarmad-alvi/Documents/pico/pico-sdk/src/rp2_common/pico_bit_ops/bit_ops_aeabi.S.obj
                0x0000000020000230                aeabi_bits_funcs
                0x0000000020000240                aeabi_bits_funcs_end
 .data.aeabi_mem_funcs
                0x0000000020000240       0x10 CMakeFiles/rp2040-freertos-template.dir/home/sarmad-alvi/Documents/pico/pico-sdk/src/rp2_common/pico_mem_ops/mem_ops_aeabi.S.obj
                0x0000000020000240                aeabi_mem_funcs
                0x0000000020000250                aeabi_mem_funcs_end
 .data.stdio_uart
                0x0000000020000250       0x18 CMakeFiles/rp2040-freertos-template.dir/home/sarmad-alvi/Documents/pico/pico-sdk/src/rp2_common/pico_stdio_uart/stdio_uart.c.obj
                0x0000000020000250                stdio_uart
 .data.ucPrimaryCoreNum
                0x0000000020000268        0x1 CMakeFiles/rp2040-freertos-template.dir/__/lib/FreeRTOS-Kernel/portable/ThirdParty/GCC/RP2040/port.c.obj
 *fill*         0x0000000020000269        0x3 
 .data.uxTopUsedPriority
                0x000000002000026c        0x4 CMakeFiles/rp2040-freertos-template.dir/__/lib/FreeRTOS-Kernel/tasks.c.obj
                0x000000002000026c                uxTopUsedPriority
                0x0000000020000270                . = ALIGN (0x4)
 *(.after_data.*)
                0x0000000020000270                . = ALIGN (0x4)
                0x0000000020000270                PROVIDE (__mutex_array_start = .)
 *(SORT_BY_NAME(.mutex_array.*))
 *(.mutex_array)
 .mutex_array   0x0000000020000270        0x8 CMakeFiles/rp2040-freertos-template.dir/home/sarmad-alvi/Documents/pico/pico-sdk/src/rp2_common/pico_malloc/pico_malloc.c.obj
 .mutex_array   0x0000000020000278        0x8 CMakeFiles/rp2040-freertos-template.dir/home/sarmad-alvi/Documents/pico/pico-sdk/src/rp2_common/pico_stdio/stdio.c.obj
                0x0000000020000280                PROVIDE (__mutex_array_end = .)
                0x0000000020000280                . = ALIGN (0x4)
                0x0000000020000280                PROVIDE (__preinit_array_start = .)
 *(SORT_BY_NAME(.preinit_array.*))
 .preinit_array.00001
                0x0000000020000280        0x4 CMakeFiles/rp2040-freertos-template.dir/home/sarmad-alvi/Documents/pico/pico-sdk/src/rp2_common/pico_mem_ops/mem_ops_aeabi.S.obj
 .preinit_array.00010
                0x0000000020000284        0x4 CMakeFiles/rp2040-freertos-template.dir/home/sarmad-alvi/Documents/pico/pico-sdk/src/rp2_common/pico_bit_ops/bit_ops_aeabi.S.obj
 .preinit_array.00020
                0x0000000020000288        0x4 CMakeFiles/rp2040-freertos-template.dir/home/sarmad-alvi/Documents/pico/pico-sdk/src/rp2_common/pico_double/double_aeabi.S.obj
 .preinit_array.00020
                0x000000002000028c        0x4 CMakeFiles/rp2040-freertos-template.dir/home/sarmad-alvi/Documents/pico/pico-sdk/src/rp2_common/pico_float/float_aeabi.S.obj
 *(.preinit_array)
                0x0000000020000290                PROVIDE (__preinit_array_end = .)
                0x0000000020000290                . = ALIGN (0x4)
                0x0000000020000290                PROVIDE (__init_array_start = .)
 *(SORT_BY_NAME(.init_array.*))
 *(.init_array)
 .init_array    0x0000000020000290        0x4 /usr/lib/gcc/arm-none-eabi/12.2.1/thumb/v6-m/nofp/crtbegin.o
 .init_array    0x0000000020000294        0x4 CMakeFiles/rp2040-freertos-template.dir/__/lib/FreeRTOS-Kernel/portable/ThirdParty/GCC/RP2040/port.c.obj
                0x0000000020000298                PROVIDE (__init_array_end = .)
                0x0000000020000298                . = ALIGN (0x4)
                0x0000000020000298                PROVIDE (__fini_array_start = .)
 *(SORT_BY_NAME(.fini_array.*))
 *(.fini_array)
                0x0000000020000298                PROVIDE (__fini_array_end = .)
 *(.jcr)
                0x0000000020000298                . = ALIGN (0x4)
                0x0000000020000298                __data_end__ = .
                0x0000000010004be4                __etext = LOADADDR (.data)

.tm_clone_table
                0x0000000020000298        0x0 load address 0x0000000010004dbc
 .tm_clone_table
                0x0000000020000298        0x0 /usr/lib/gcc/arm-none-eabi/12.2.1/thumb/v6-m/nofp/crtbegin.o
 .tm_clone_table
                0x0000000020000298        0x0 /usr/lib/gcc/arm-none-eabi/12.2.1/thumb/v6-m/nofp/crtend.o

.igot.plt       0x0000000020000298        0x0 load address 0x0000000010004dbc
 .igot.plt      0x0000000020000298        0x0 /usr/lib/gcc/arm-none-eabi/12.2.1/thumb/v6-m/nofp/crtbegin.o

.uninitialized_data
                0x0000000020000298        0x0 load address 0x0000000010004dbc
                0x0000000020000298                . = ALIGN (0x4)
 *(.uninitialized_data*)

.scratch_x      0x0000000020040000        0x0 load address 0x0000000010004dbc
                0x0000000020040000                __scratch_x_start__ = .
 *(.scratch_x.*)
                0x0000000020040000                . = ALIGN (0x4)
                0x0000000020040000                __scratch_x_end__ = .
                0x0000000010004dbc                __scratch_x_source__ = LOADADDR (.scratch_x)

.scratch_y      0x0000000020041000        0x0 load address 0x0000000010004dbc
                0x0000000020041000                __scratch_y_start__ = .
 *(.scratch_y.*)
                0x0000000020041000                . = ALIGN (0x4)
                0x0000000020041000                __scratch_y_end__ = .
                0x0000000010004dbc                __scratch_y_source__ = LOADADDR (.scratch_y)

.bss            0x0000000020000298    0x207b0
                0x0000000020000298                . = ALIGN (0x4)
                0x0000000020000298                __bss_start__ = .
 *(SORT_BY_ALIGNMENT(SORT_BY_NAME(.bss*)))
 .bss.configured_freq
                0x0000000020000298       0x28 CMakeFiles/rp2040-freertos-template.dir/home/sarmad-alvi/Documents/pico/pico-sdk/src/rp2_common/hardware_clocks/clocks.c.obj
 .bss.default_alarm_pool_entries
                0x00000000200002c0      0x100 CMakeFiles/rp2040-freertos-template.dir/home/sarmad-alvi/Documents/pico/pico-sdk/src/common/pico_time/time.c.obj
 .bss.sd_table  0x00000000200003c0      0x100 CMakeFiles/rp2040-freertos-template.dir/home/sarmad-alvi/Documents/pico/pico-sdk/src/rp2_common/pico_double/double_init_rom.c.obj
                0x00000000200003c0                sd_table
 .bss.sf_table  0x00000000200004c0      0x100 CMakeFiles/rp2040-freertos-template.dir/home/sarmad-alvi/Documents/pico/pico-sdk/src/rp2_common/pico_float/float_init_rom.c.obj
                0x00000000200004c0                sf_table
 .bss.xQueueRegistry
                0x00000000200005c0       0x40 CMakeFiles/rp2040-freertos-template.dir/__/lib/FreeRTOS-Kernel/queue.c.obj
                0x00000000200005c0                xQueueRegistry
 .bss           0x0000000020000600       0x1c /usr/lib/gcc/arm-none-eabi/12.2.1/thumb/v6-m/nofp/crtbegin.o
 .bss.alarm_callbacks
                0x000000002000061c       0x10 CMakeFiles/rp2040-freertos-template.dir/home/sarmad-alvi/Documents/pico/pico-sdk/src/rp2_common/hardware_timer/timer.c.obj
 .bss.chars_available_callback
                0x000000002000062c        0x4 CMakeFiles/rp2040-freertos-template.dir/home/sarmad-alvi/Documents/pico/pico-sdk/src/rp2_common/pico_stdio_uart/stdio_uart.c.obj
 .bss.chars_available_param
                0x0000000020000630        0x4 CMakeFiles/rp2040-freertos-template.dir/home/sarmad-alvi/Documents/pico/pico-sdk/src/rp2_common/pico_stdio_uart/stdio_uart.c.obj
 .bss.chars_rxed
                0x0000000020000634        0x4 CMakeFiles/rp2040-freertos-template.dir/tasks.c.obj
 .bss.default_alarm_pool_entry_ids_high
                0x0000000020000638       0x10 CMakeFiles/rp2040-freertos-template.dir/home/sarmad-alvi/Documents/pico/pico-sdk/src/common/pico_time/time.c.obj
 .bss.default_alarm_pool_heap_nodes
                0x0000000020000648       0x30 CMakeFiles/rp2040-freertos-template.dir/home/sarmad-alvi/Documents/pico/pico-sdk/src/common/pico_time/time.c.obj
 .bss.drivers   0x0000000020000678        0x4 CMakeFiles/rp2040-freertos-template.dir/home/sarmad-alvi/Documents/pico/pico-sdk/src/rp2_common/pico_stdio/stdio.c.obj
 .bss.filter    0x000000002000067c        0x4 CMakeFiles/rp2040-freertos-template.dir/home/sarmad-alvi/Documents/pico/pico-sdk/src/rp2_common/pico_stdio/stdio.c.obj
 .bss.lazy_vsnprintf
                0x0000000020000680        0x4 CMakeFiles/rp2040-freertos-template.dir/home/sarmad-alvi/Documents/pico/pico-sdk/src/rp2_common/pico_printf/printf.c.obj
 .bss.pools     0x0000000020000684       0x10 CMakeFiles/rp2040-freertos-template.dir/home/sarmad-alvi/Documents/pico/pico-sdk/src/common/pico_time/time.c.obj
 .bss.pxCrossCoreSpinLock
                0x0000000020000694        0x4 CMakeFiles/rp2040-freertos-template.dir/__/lib/FreeRTOS-Kernel/portable/ThirdParty/GCC/RP2040/port.c.obj
 .bss.pxCurrentTCB
                0x0000000020000698        0x4 CMakeFiles/rp2040-freertos-template.dir/__/lib/FreeRTOS-Kernel/tasks.c.obj
                0x0000000020000698                pxCurrentTCB
 .bss.pxCurrentTimerList
                0x000000002000069c        0x4 CMakeFiles/rp2040-freertos-template.dir/__/lib/FreeRTOS-Kernel/timers.c.obj
 .bss.pxDelayedTaskList
                0x00000000200006a0        0x4 CMakeFiles/rp2040-freertos-template.dir/__/lib/FreeRTOS-Kernel/tasks.c.obj
 .bss.pxEnd     0x00000000200006a4        0x4 CMakeFiles/rp2040-freertos-template.dir/__/lib/FreeRTOS-Kernel/portable/MemMang/heap_4.c.obj
 .bss.pxOverflowDelayedTaskList
                0x00000000200006a8        0x4 CMakeFiles/rp2040-freertos-template.dir/__/lib/FreeRTOS-Kernel/tasks.c.obj
 .bss.pxOverflowTimerList
                0x00000000200006ac        0x4 CMakeFiles/rp2040-freertos-template.dir/__/lib/FreeRTOS-Kernel/timers.c.obj
 .bss.pxReadyTasksLists
                0x00000000200006b0      0x280 CMakeFiles/rp2040-freertos-template.dir/__/lib/FreeRTOS-Kernel/tasks.c.obj
 .bss.pxYieldSpinLock
                0x0000000020000930        0x4 CMakeFiles/rp2040-freertos-template.dir/__/lib/FreeRTOS-Kernel/portable/ThirdParty/GCC/RP2040/port.c.obj
 .bss.sf_clz_func
                0x0000000020000934        0x4 CMakeFiles/rp2040-freertos-template.dir/home/sarmad-alvi/Documents/pico/pico-sdk/src/rp2_common/pico_double/double_init_rom.c.obj
                0x0000000020000934                sf_clz_func
 .bss.sleep_notifier
                0x0000000020000938        0x4 CMakeFiles/rp2040-freertos-template.dir/home/sarmad-alvi/Documents/pico/pico-sdk/src/common/pico_time/time.c.obj
 .bss.target_hi
                0x000000002000093c       0x10 CMakeFiles/rp2040-freertos-template.dir/home/sarmad-alvi/Documents/pico/pico-sdk/src/rp2_common/hardware_timer/timer.c.obj
 .bss.uart_char_to_line_feed
                0x000000002000094c        0x4 CMakeFiles/rp2040-freertos-template.dir/home/sarmad-alvi/Documents/pico/pico-sdk/src/rp2_common/hardware_uart/uart.c.obj
                0x000000002000094c                uart_char_to_line_feed
 .bss.uart_instance
                0x0000000020000950        0x4 CMakeFiles/rp2040-freertos-template.dir/home/sarmad-alvi/Documents/pico/pico-sdk/src/rp2_common/pico_stdio_uart/stdio_uart.c.obj
 .bss.ucHeap    0x0000000020000954    0x20000 CMakeFiles/rp2040-freertos-template.dir/__/lib/FreeRTOS-Kernel/portable/MemMang/heap_4.c.obj
 .bss.ulYieldSpinLockSaveValue
                0x0000000020020954        0x4 CMakeFiles/rp2040-freertos-template.dir/__/lib/FreeRTOS-Kernel/portable/ThirdParty/GCC/RP2040/port.c.obj
 .bss.uxCriticalNesting
                0x0000000020020958        0x4 CMakeFiles/rp2040-freertos-template.dir/__/lib/FreeRTOS-Kernel/portable/ThirdParty/GCC/RP2040/port.c.obj
 .bss.uxCrossCoreEventBits
                0x000000002002095c        0x4 CMakeFiles/rp2040-freertos-template.dir/__/lib/FreeRTOS-Kernel/portable/ThirdParty/GCC/RP2040/port.c.obj
 .bss.uxCurrentNumberOfTasks
                0x0000000020020960        0x4 CMakeFiles/rp2040-freertos-template.dir/__/lib/FreeRTOS-Kernel/tasks.c.obj
 .bss.uxDeletedTasksWaitingCleanUp
                0x0000000020020964        0x4 CMakeFiles/rp2040-freertos-template.dir/__/lib/FreeRTOS-Kernel/tasks.c.obj
 .bss.uxSchedulerSuspended
                0x0000000020020968        0x4 CMakeFiles/rp2040-freertos-template.dir/__/lib/FreeRTOS-Kernel/tasks.c.obj
 .bss.uxTaskNumber
                0x000000002002096c        0x4 CMakeFiles/rp2040-freertos-template.dir/__/lib/FreeRTOS-Kernel/tasks.c.obj
 .bss.uxTopReadyPriority
                0x0000000020020970        0x4 CMakeFiles/rp2040-freertos-template.dir/__/lib/FreeRTOS-Kernel/tasks.c.obj
 .bss.xActiveTimerList1
                0x0000000020020974       0x14 CMakeFiles/rp2040-freertos-template.dir/__/lib/FreeRTOS-Kernel/timers.c.obj
 .bss.xActiveTimerList2
                0x0000000020020988       0x14 CMakeFiles/rp2040-freertos-template.dir/__/lib/FreeRTOS-Kernel/timers.c.obj
 .bss.xDelayedTaskList1
                0x000000002002099c       0x14 CMakeFiles/rp2040-freertos-template.dir/__/lib/FreeRTOS-Kernel/tasks.c.obj
 .bss.xDelayedTaskList2
                0x00000000200209b0       0x14 CMakeFiles/rp2040-freertos-template.dir/__/lib/FreeRTOS-Kernel/tasks.c.obj
 .bss.xEventGroup
                0x00000000200209c4        0x4 CMakeFiles/rp2040-freertos-template.dir/__/lib/FreeRTOS-Kernel/portable/ThirdParty/GCC/RP2040/port.c.obj
 .bss.xFreeBytesRemaining
                0x00000000200209c8        0x4 CMakeFiles/rp2040-freertos-template.dir/__/lib/FreeRTOS-Kernel/portable/MemMang/heap_4.c.obj
 .bss.xIdleTaskHandles
                0x00000000200209cc        0x4 CMakeFiles/rp2040-freertos-template.dir/__/lib/FreeRTOS-Kernel/tasks.c.obj
 .bss.xLastTime.0
                0x00000000200209d0        0x4 CMakeFiles/rp2040-freertos-template.dir/__/lib/FreeRTOS-Kernel/timers.c.obj
 .bss.xMinimumEverFreeBytesRemaining
                0x00000000200209d4        0x4 CMakeFiles/rp2040-freertos-template.dir/__/lib/FreeRTOS-Kernel/portable/MemMang/heap_4.c.obj
 .bss.xNextTaskUnblockTime
                0x00000000200209d8        0x4 CMakeFiles/rp2040-freertos-template.dir/__/lib/FreeRTOS-Kernel/tasks.c.obj
 .bss.xNumOfOverflows
                0x00000000200209dc        0x4 CMakeFiles/rp2040-freertos-template.dir/__/lib/FreeRTOS-Kernel/tasks.c.obj
 .bss.xNumberOfSuccessfulAllocations
                0x00000000200209e0        0x4 CMakeFiles/rp2040-freertos-template.dir/__/lib/FreeRTOS-Kernel/portable/MemMang/heap_4.c.obj
 .bss.xNumberOfSuccessfulFrees
                0x00000000200209e4        0x4 CMakeFiles/rp2040-freertos-template.dir/__/lib/FreeRTOS-Kernel/portable/MemMang/heap_4.c.obj
 .bss.xPendedTicks
                0x00000000200209e8        0x4 CMakeFiles/rp2040-freertos-template.dir/__/lib/FreeRTOS-Kernel/tasks.c.obj
 .bss.xPendingReadyList
                0x00000000200209ec       0x14 CMakeFiles/rp2040-freertos-template.dir/__/lib/FreeRTOS-Kernel/tasks.c.obj
 .bss.xSchedulerRunning
                0x0000000020020a00        0x4 CMakeFiles/rp2040-freertos-template.dir/__/lib/FreeRTOS-Kernel/tasks.c.obj
 .bss.xStart    0x0000000020020a04        0x8 CMakeFiles/rp2040-freertos-template.dir/__/lib/FreeRTOS-Kernel/portable/MemMang/heap_4.c.obj
 .bss.xSuspendedTaskList
                0x0000000020020a0c       0x14 CMakeFiles/rp2040-freertos-template.dir/__/lib/FreeRTOS-Kernel/tasks.c.obj
 .bss.xTasksWaitingTermination
                0x0000000020020a20       0x14 CMakeFiles/rp2040-freertos-template.dir/__/lib/FreeRTOS-Kernel/tasks.c.obj
 .bss.xTickCount
                0x0000000020020a34        0x4 CMakeFiles/rp2040-freertos-template.dir/__/lib/FreeRTOS-Kernel/tasks.c.obj
 .bss.xTimerQueue
                0x0000000020020a38        0x4 CMakeFiles/rp2040-freertos-template.dir/__/lib/FreeRTOS-Kernel/timers.c.obj
 .bss.xTimerTaskHandle
                0x0000000020020a3c        0x4 CMakeFiles/rp2040-freertos-template.dir/__/lib/FreeRTOS-Kernel/timers.c.obj
 .bss.xYieldPendings
                0x0000000020020a40        0x4 CMakeFiles/rp2040-freertos-template.dir/__/lib/FreeRTOS-Kernel/tasks.c.obj
 .bss.claimed   0x0000000020020a44        0x1 CMakeFiles/rp2040-freertos-template.dir/home/sarmad-alvi/Documents/pico/pico-sdk/src/rp2_common/hardware_timer/timer.c.obj
 .bss.irq_hander_chain_free_slot_head
                0x0000000020020a45        0x1 CMakeFiles/rp2040-freertos-template.dir/home/sarmad-alvi/Documents/pico/pico-sdk/src/rp2_common/hardware_irq/irq.c.obj
 .bss.timer_callbacks_pending
                0x0000000020020a46        0x1 CMakeFiles/rp2040-freertos-template.dir/home/sarmad-alvi/Documents/pico/pico-sdk/src/rp2_common/hardware_timer/timer.c.obj
 *(COMMON)
                0x0000000020020a48                . = ALIGN (0x4)
 *fill*         0x0000000020020a47        0x1 
                0x0000000020020a48                __bss_end__ = .

.heap           0x0000000020020a48      0x800
                0x0000000020020a48                __end__ = .
                0x0000000020020a48                end = __end__
 *(.heap*)
 .heap          0x0000000020020a48      0x800 CMakeFiles/rp2040-freertos-template.dir/home/sarmad-alvi/Documents/pico/pico-sdk/src/rp2_common/pico_standard_link/crt0.S.obj
                0x0000000020021248                __HeapLimit = .

.stack1_dummy   0x0000000020040000      0x800
 *(.stack1*)
 .stack1        0x0000000020040000      0x800 CMakeFiles/rp2040-freertos-template.dir/home/sarmad-alvi/Documents/pico/pico-sdk/src/rp2_common/pico_multicore/multicore.c.obj

.stack_dummy    0x0000000020041000      0x800
 *(.stack*)
 .stack         0x0000000020041000      0x800 CMakeFiles/rp2040-freertos-template.dir/home/sarmad-alvi/Documents/pico/pico-sdk/src/rp2_common/pico_standard_link/crt0.S.obj

.flash_end      0x0000000010004dbc        0x0
                0x0000000010004dbc                PROVIDE (__flash_binary_end = .)
                0x0000000020040000                __StackLimit = (ORIGIN (RAM) + LENGTH (RAM))
                0x0000000020041000                __StackOneTop = (ORIGIN (SCRATCH_X) + LENGTH (SCRATCH_X))
                0x0000000020042000                __StackTop = (ORIGIN (SCRATCH_Y) + LENGTH (SCRATCH_Y))
                0x0000000020040800                __StackOneBottom = (__StackOneTop - SIZEOF (.stack1_dummy))
                0x0000000020041800                __StackBottom = (__StackTop - SIZEOF (.stack_dummy))
                0x0000000020042000                PROVIDE (__stack = __StackTop)
                0x0000000000000001                ASSERT ((__StackLimit >= __HeapLimit), region RAM overflowed)
                0x0000000000000001                ASSERT (((__binary_info_header_end - __logical_binary_start) <= 0x100), Binary info must be in first 256 bytes of the binary)
LOAD CMakeFiles/rp2040-freertos-template.dir/main.c.obj
LOAD CMakeFiles/rp2040-freertos-template.dir/tasks.c.obj
LOAD CMakeFiles/rp2040-freertos-template.dir/home/sarmad-alvi/Documents/pico/pico-sdk/src/rp2_common/pico_stdlib/stdlib.c.obj
LOAD CMakeFiles/rp2040-freertos-template.dir/home/sarmad-alvi/Documents/pico/pico-sdk/src/rp2_common/hardware_gpio/gpio.c.obj
LOAD CMakeFiles/rp2040-freertos-template.dir/home/sarmad-alvi/Documents/pico/pico-sdk/src/rp2_common/pico_platform/platform.c.obj
LOAD CMakeFiles/rp2040-freertos-template.dir/home/sarmad-alvi/Documents/pico/pico-sdk/src/rp2_common/hardware_claim/claim.c.obj
LOAD CMakeFiles/rp2040-freertos-template.dir/home/sarmad-alvi/Documents/pico/pico-sdk/src/rp2_common/hardware_sync/sync.c.obj
LOAD CMakeFiles/rp2040-freertos-template.dir/home/sarmad-alvi/Documents/pico/pico-sdk/src/rp2_common/hardware_irq/irq.c.obj
LOAD CMakeFiles/rp2040-freertos-template.dir/home/sarmad-alvi/Documents/pico/pico-sdk/src/rp2_common/hardware_irq/irq_handler_chain.S.obj
LOAD CMakeFiles/rp2040-freertos-template.dir/home/sarmad-alvi/Documents/pico/pico-sdk/src/common/pico_sync/sem.c.obj
LOAD CMakeFiles/rp2040-freertos-template.dir/home/sarmad-alvi/Documents/pico/pico-sdk/src/common/pico_sync/lock_core.c.obj
LOAD CMakeFiles/rp2040-freertos-template.dir/home/sarmad-alvi/Documents/pico/pico-sdk/src/common/pico_sync/mutex.c.obj
LOAD CMakeFiles/rp2040-freertos-template.dir/home/sarmad-alvi/Documents/pico/pico-sdk/src/common/pico_sync/critical_section.c.obj
LOAD CMakeFiles/rp2040-freertos-template.dir/home/sarmad-alvi/Documents/pico/pico-sdk/src/common/pico_time/time.c.obj
LOAD CMakeFiles/rp2040-freertos-template.dir/home/sarmad-alvi/Documents/pico/pico-sdk/src/common/pico_time/timeout_helper.c.obj
LOAD CMakeFiles/rp2040-freertos-template.dir/home/sarmad-alvi/Documents/pico/pico-sdk/src/rp2_common/hardware_timer/timer.c.obj
LOAD CMakeFiles/rp2040-freertos-template.dir/home/sarmad-alvi/Documents/pico/pico-sdk/src/common/pico_util/datetime.c.obj
LOAD CMakeFiles/rp2040-freertos-template.dir/home/sarmad-alvi/Documents/pico/pico-sdk/src/common/pico_util/pheap.c.obj
LOAD CMakeFiles/rp2040-freertos-template.dir/home/sarmad-alvi/Documents/pico/pico-sdk/src/common/pico_util/queue.c.obj
LOAD CMakeFiles/rp2040-freertos-template.dir/home/sarmad-alvi/Documents/pico/pico-sdk/src/rp2_common/hardware_uart/uart.c.obj
LOAD CMakeFiles/rp2040-freertos-template.dir/home/sarmad-alvi/Documents/pico/pico-sdk/src/rp2_common/hardware_clocks/clocks.c.obj
LOAD CMakeFiles/rp2040-freertos-template.dir/home/sarmad-alvi/Documents/pico/pico-sdk/src/rp2_common/hardware_pll/pll.c.obj
LOAD CMakeFiles/rp2040-freertos-template.dir/home/sarmad-alvi/Documents/pico/pico-sdk/src/rp2_common/hardware_vreg/vreg.c.obj
LOAD CMakeFiles/rp2040-freertos-template.dir/home/sarmad-alvi/Documents/pico/pico-sdk/src/rp2_common/hardware_watchdog/watchdog.c.obj
LOAD CMakeFiles/rp2040-freertos-template.dir/home/sarmad-alvi/Documents/pico/pico-sdk/src/rp2_common/hardware_xosc/xosc.c.obj
LOAD CMakeFiles/rp2040-freertos-template.dir/home/sarmad-alvi/Documents/pico/pico-sdk/src/rp2_common/hardware_divider/divider.S.obj
LOAD CMakeFiles/rp2040-freertos-template.dir/home/sarmad-alvi/Documents/pico/pico-sdk/src/rp2_common/pico_runtime/runtime.c.obj
LOAD CMakeFiles/rp2040-freertos-template.dir/home/sarmad-alvi/Documents/pico/pico-sdk/src/rp2_common/pico_printf/printf.c.obj
LOAD CMakeFiles/rp2040-freertos-template.dir/home/sarmad-alvi/Documents/pico/pico-sdk/src/rp2_common/pico_bit_ops/bit_ops_aeabi.S.obj
LOAD CMakeFiles/rp2040-freertos-template.dir/home/sarmad-alvi/Documents/pico/pico-sdk/src/rp2_common/pico_bootrom/bootrom.c.obj
LOAD CMakeFiles/rp2040-freertos-template.dir/home/sarmad-alvi/Documents/pico/pico-sdk/src/rp2_common/pico_divider/divider.S.obj
LOAD CMakeFiles/rp2040-freertos-template.dir/home/sarmad-alvi/Documents/pico/pico-sdk/src/rp2_common/pico_double/double_aeabi.S.obj
LOAD CMakeFiles/rp2040-freertos-template.dir/home/sarmad-alvi/Documents/pico/pico-sdk/src/rp2_common/pico_double/double_init_rom.c.obj
LOAD CMakeFiles/rp2040-freertos-template.dir/home/sarmad-alvi/Documents/pico/pico-sdk/src/rp2_common/pico_double/double_math.c.obj
LOAD CMakeFiles/rp2040-freertos-template.dir/home/sarmad-alvi/Documents/pico/pico-sdk/src/rp2_common/pico_double/double_v1_rom_shim.S.obj
LOAD CMakeFiles/rp2040-freertos-template.dir/home/sarmad-alvi/Documents/pico/pico-sdk/src/rp2_common/pico_int64_ops/pico_int64_ops_aeabi.S.obj
LOAD CMakeFiles/rp2040-freertos-template.dir/home/sarmad-alvi/Documents/pico/pico-sdk/src/rp2_common/pico_float/float_aeabi.S.obj
LOAD CMakeFiles/rp2040-freertos-template.dir/home/sarmad-alvi/Documents/pico/pico-sdk/src/rp2_common/pico_float/float_init_rom.c.obj
LOAD CMakeFiles/rp2040-freertos-template.dir/home/sarmad-alvi/Documents/pico/pico-sdk/src/rp2_common/pico_float/float_math.c.obj
LOAD CMakeFiles/rp2040-freertos-template.dir/home/sarmad-alvi/Documents/pico/pico-sdk/src/rp2_common/pico_float/float_v1_rom_shim.S.obj
LOAD CMakeFiles/rp2040-freertos-template.dir/home/sarmad-alvi/Documents/pico/pico-sdk/src/rp2_common/pico_malloc/pico_malloc.c.obj
LOAD CMakeFiles/rp2040-freertos-template.dir/home/sarmad-alvi/Documents/pico/pico-sdk/src/rp2_common/pico_mem_ops/mem_ops_aeabi.S.obj
LOAD CMakeFiles/rp2040-freertos-template.dir/home/sarmad-alvi/Documents/pico/pico-sdk/src/rp2_common/pico_standard_link/crt0.S.obj
LOAD CMakeFiles/rp2040-freertos-template.dir/home/sarmad-alvi/Documents/pico/pico-sdk/src/rp2_common/pico_standard_link/new_delete.cpp.obj
LOAD CMakeFiles/rp2040-freertos-template.dir/home/sarmad-alvi/Documents/pico/pico-sdk/src/rp2_common/pico_standard_link/binary_info.c.obj
LOAD CMakeFiles/rp2040-freertos-template.dir/home/sarmad-alvi/Documents/pico/pico-sdk/src/rp2_common/pico_stdio/stdio.c.obj
LOAD CMakeFiles/rp2040-freertos-template.dir/home/sarmad-alvi/Documents/pico/pico-sdk/src/rp2_common/pico_stdio_uart/stdio_uart.c.obj
LOAD CMakeFiles/rp2040-freertos-template.dir/__/lib/FreeRTOS-Kernel/portable/MemMang/heap_4.c.obj
LOAD CMakeFiles/rp2040-freertos-template.dir/__/lib/FreeRTOS-Kernel/portable/ThirdParty/GCC/RP2040/port.c.obj
LOAD CMakeFiles/rp2040-freertos-template.dir/__/lib/FreeRTOS-Kernel/croutine.c.obj
LOAD CMakeFiles/rp2040-freertos-template.dir/__/lib/FreeRTOS-Kernel/event_groups.c.obj
LOAD CMakeFiles/rp2040-freertos-template.dir/__/lib/FreeRTOS-Kernel/list.c.obj
LOAD CMakeFiles/rp2040-freertos-template.dir/__/lib/FreeRTOS-Kernel/queue.c.obj
LOAD CMakeFiles/rp2040-freertos-template.dir/__/lib/FreeRTOS-Kernel/stream_buffer.c.obj
LOAD CMakeFiles/rp2040-freertos-template.dir/__/lib/FreeRTOS-Kernel/tasks.c.obj
LOAD CMakeFiles/rp2040-freertos-template.dir/__/lib/FreeRTOS-Kernel/timers.c.obj
LOAD CMakeFiles/rp2040-freertos-template.dir/home/sarmad-alvi/Documents/pico/pico-sdk/src/rp2_common/hardware_exception/exception.c.obj
LOAD CMakeFiles/rp2040-freertos-template.dir/home/sarmad-alvi/Documents/pico/pico-sdk/src/rp2_common/pico_multicore/multicore.c.obj
LOAD /tmp/ccqPP6VB.o
LOAD /usr/lib/gcc/arm-none-eabi/12.2.1/../../../arm-none-eabi/lib/thumb/v6-m/nofp/libstdc++.a
LOAD /usr/lib/gcc/arm-none-eabi/12.2.1/../../../arm-none-eabi/lib/thumb/v6-m/nofp/libm.a
START GROUP
LOAD /usr/lib/gcc/arm-none-eabi/12.2.1/thumb/v6-m/nofp/libgcc.a
LOAD /usr/lib/gcc/arm-none-eabi/12.2.1/../../../arm-none-eabi/lib/thumb/v6-m/nofp/libc.a
END GROUP
START GROUP
LOAD /usr/lib/gcc/arm-none-eabi/12.2.1/thumb/v6-m/nofp/libgcc.a
LOAD /usr/lib/gcc/arm-none-eabi/12.2.1/../../../arm-none-eabi/lib/thumb/v6-m/nofp/libc.a
LOAD /usr/lib/gcc/arm-none-eabi/12.2.1/../../../arm-none-eabi/lib/thumb/v6-m/nofp/libnosys.a
END GROUP
LOAD /usr/lib/gcc/arm-none-eabi/12.2.1/thumb/v6-m/nofp/crtend.o
LOAD /usr/lib/gcc/arm-none-eabi/12.2.1/thumb/v6-m/nofp/crtn.o
OUTPUT(rp2040-freertos-template.elf elf32-littlearm)
LOAD linker stubs

.ARM.attributes
                0x0000000000000000       0x28
 .ARM.attributes
                0x0000000000000000       0x1e /usr/lib/gcc/arm-none-eabi/12.2.1/thumb/v6-m/nofp/crti.o
 .ARM.attributes
                0x000000000000001e       0x2c /usr/lib/gcc/arm-none-eabi/12.2.1/thumb/v6-m/nofp/crtbegin.o
 .ARM.attributes
                0x000000000000004a       0x2c CMakeFiles/rp2040-freertos-template.dir/main.c.obj
 .ARM.attributes
                0x0000000000000076       0x2c CMakeFiles/rp2040-freertos-template.dir/tasks.c.obj
 .ARM.attributes
                0x00000000000000a2       0x2c CMakeFiles/rp2040-freertos-template.dir/home/sarmad-alvi/Documents/pico/pico-sdk/src/rp2_common/hardware_gpio/gpio.c.obj
 .ARM.attributes
                0x00000000000000ce       0x2c CMakeFiles/rp2040-freertos-template.dir/home/sarmad-alvi/Documents/pico/pico-sdk/src/rp2_common/pico_platform/platform.c.obj
 .ARM.attributes
                0x00000000000000fa       0x2c CMakeFiles/rp2040-freertos-template.dir/home/sarmad-alvi/Documents/pico/pico-sdk/src/rp2_common/hardware_claim/claim.c.obj
 .ARM.attributes
                0x0000000000000126       0x2c CMakeFiles/rp2040-freertos-template.dir/home/sarmad-alvi/Documents/pico/pico-sdk/src/rp2_common/hardware_sync/sync.c.obj
 .ARM.attributes
                0x0000000000000152       0x2c CMakeFiles/rp2040-freertos-template.dir/home/sarmad-alvi/Documents/pico/pico-sdk/src/rp2_common/hardware_irq/irq.c.obj
 .ARM.attributes
                0x000000000000017e       0x22 CMakeFiles/rp2040-freertos-template.dir/home/sarmad-alvi/Documents/pico/pico-sdk/src/rp2_common/hardware_irq/irq_handler_chain.S.obj
 .ARM.attributes
                0x00000000000001a0       0x2c CMakeFiles/rp2040-freertos-template.dir/home/sarmad-alvi/Documents/pico/pico-sdk/src/common/pico_sync/lock_core.c.obj
 .ARM.attributes
                0x00000000000001cc       0x2c CMakeFiles/rp2040-freertos-template.dir/home/sarmad-alvi/Documents/pico/pico-sdk/src/common/pico_sync/mutex.c.obj
 .ARM.attributes
                0x00000000000001f8       0x2c CMakeFiles/rp2040-freertos-template.dir/home/sarmad-alvi/Documents/pico/pico-sdk/src/common/pico_time/time.c.obj
 .ARM.attributes
                0x0000000000000224       0x2c CMakeFiles/rp2040-freertos-template.dir/home/sarmad-alvi/Documents/pico/pico-sdk/src/rp2_common/hardware_timer/timer.c.obj
 .ARM.attributes
                0x0000000000000250       0x2c CMakeFiles/rp2040-freertos-template.dir/home/sarmad-alvi/Documents/pico/pico-sdk/src/common/pico_util/pheap.c.obj
 .ARM.attributes
                0x000000000000027c       0x2c CMakeFiles/rp2040-freertos-template.dir/home/sarmad-alvi/Documents/pico/pico-sdk/src/rp2_common/hardware_uart/uart.c.obj
 .ARM.attributes
                0x00000000000002a8       0x2c CMakeFiles/rp2040-freertos-template.dir/home/sarmad-alvi/Documents/pico/pico-sdk/src/rp2_common/hardware_clocks/clocks.c.obj
 .ARM.attributes
                0x00000000000002d4       0x2c CMakeFiles/rp2040-freertos-template.dir/home/sarmad-alvi/Documents/pico/pico-sdk/src/rp2_common/hardware_pll/pll.c.obj
 .ARM.attributes
                0x0000000000000300       0x2c CMakeFiles/rp2040-freertos-template.dir/home/sarmad-alvi/Documents/pico/pico-sdk/src/rp2_common/hardware_watchdog/watchdog.c.obj
 .ARM.attributes
                0x000000000000032c       0x2c CMakeFiles/rp2040-freertos-template.dir/home/sarmad-alvi/Documents/pico/pico-sdk/src/rp2_common/hardware_xosc/xosc.c.obj
 .ARM.attributes
                0x0000000000000358       0x2c CMakeFiles/rp2040-freertos-template.dir/home/sarmad-alvi/Documents/pico/pico-sdk/src/rp2_common/pico_runtime/runtime.c.obj
 .ARM.attributes
                0x0000000000000384       0x2c CMakeFiles/rp2040-freertos-template.dir/home/sarmad-alvi/Documents/pico/pico-sdk/src/rp2_common/pico_printf/printf.c.obj
 .ARM.attributes
                0x00000000000003b0       0x22 CMakeFiles/rp2040-freertos-template.dir/home/sarmad-alvi/Documents/pico/pico-sdk/src/rp2_common/pico_bit_ops/bit_ops_aeabi.S.obj
 .ARM.attributes
                0x00000000000003d2       0x2c CMakeFiles/rp2040-freertos-template.dir/home/sarmad-alvi/Documents/pico/pico-sdk/src/rp2_common/pico_bootrom/bootrom.c.obj
 .ARM.attributes
                0x00000000000003fe       0x22 CMakeFiles/rp2040-freertos-template.dir/home/sarmad-alvi/Documents/pico/pico-sdk/src/rp2_common/pico_divider/divider.S.obj
 .ARM.attributes
                0x0000000000000420       0x22 CMakeFiles/rp2040-freertos-template.dir/home/sarmad-alvi/Documents/pico/pico-sdk/src/rp2_common/pico_double/double_aeabi.S.obj
 .ARM.attributes
                0x0000000000000442       0x2c CMakeFiles/rp2040-freertos-template.dir/home/sarmad-alvi/Documents/pico/pico-sdk/src/rp2_common/pico_double/double_init_rom.c.obj
 .ARM.attributes
                0x000000000000046e       0x22 CMakeFiles/rp2040-freertos-template.dir/home/sarmad-alvi/Documents/pico/pico-sdk/src/rp2_common/pico_double/double_v1_rom_shim.S.obj
 .ARM.attributes
                0x0000000000000490       0x22 CMakeFiles/rp2040-freertos-template.dir/home/sarmad-alvi/Documents/pico/pico-sdk/src/rp2_common/pico_float/float_aeabi.S.obj
 .ARM.attributes
                0x00000000000004b2       0x2c CMakeFiles/rp2040-freertos-template.dir/home/sarmad-alvi/Documents/pico/pico-sdk/src/rp2_common/pico_float/float_init_rom.c.obj
 .ARM.attributes
                0x00000000000004de       0x22 CMakeFiles/rp2040-freertos-template.dir/home/sarmad-alvi/Documents/pico/pico-sdk/src/rp2_common/pico_float/float_v1_rom_shim.S.obj
 .ARM.attributes
                0x0000000000000500       0x2c CMakeFiles/rp2040-freertos-template.dir/home/sarmad-alvi/Documents/pico/pico-sdk/src/rp2_common/pico_malloc/pico_malloc.c.obj
 .ARM.attributes
                0x000000000000052c       0x22 CMakeFiles/rp2040-freertos-template.dir/home/sarmad-alvi/Documents/pico/pico-sdk/src/rp2_common/pico_mem_ops/mem_ops_aeabi.S.obj
 .ARM.attributes
                0x000000000000054e       0x22 CMakeFiles/rp2040-freertos-template.dir/home/sarmad-alvi/Documents/pico/pico-sdk/src/rp2_common/pico_standard_link/crt0.S.obj
 .ARM.attributes
                0x0000000000000570       0x2c CMakeFiles/rp2040-freertos-template.dir/home/sarmad-alvi/Documents/pico/pico-sdk/src/rp2_common/pico_standard_link/binary_info.c.obj
 .ARM.attributes
                0x000000000000059c       0x2c CMakeFiles/rp2040-freertos-template.dir/home/sarmad-alvi/Documents/pico/pico-sdk/src/rp2_common/pico_stdio/stdio.c.obj
 .ARM.attributes
                0x00000000000005c8       0x2c CMakeFiles/rp2040-freertos-template.dir/home/sarmad-alvi/Documents/pico/pico-sdk/src/rp2_common/pico_stdio_uart/stdio_uart.c.obj
 .ARM.attributes
                0x00000000000005f4       0x2c CMakeFiles/rp2040-freertos-template.dir/__/lib/FreeRTOS-Kernel/portable/MemMang/heap_4.c.obj
 .ARM.attributes
                0x0000000000000620       0x2c CMakeFiles/rp2040-freertos-template.dir/__/lib/FreeRTOS-Kernel/portable/ThirdParty/GCC/RP2040/port.c.obj
 .ARM.attributes
                0x000000000000064c       0x2c CMakeFiles/rp2040-freertos-template.dir/__/lib/FreeRTOS-Kernel/event_groups.c.obj
 .ARM.attributes
                0x0000000000000678       0x2c CMakeFiles/rp2040-freertos-template.dir/__/lib/FreeRTOS-Kernel/list.c.obj
 .ARM.attributes
                0x00000000000006a4       0x2c CMakeFiles/rp2040-freertos-template.dir/__/lib/FreeRTOS-Kernel/queue.c.obj
 .ARM.attributes
                0x00000000000006d0       0x2c CMakeFiles/rp2040-freertos-template.dir/__/lib/FreeRTOS-Kernel/tasks.c.obj
 .ARM.attributes
                0x00000000000006fc       0x2c CMakeFiles/rp2040-freertos-template.dir/__/lib/FreeRTOS-Kernel/timers.c.obj
 .ARM.attributes
                0x0000000000000728       0x2c CMakeFiles/rp2040-freertos-template.dir/home/sarmad-alvi/Documents/pico/pico-sdk/src/rp2_common/hardware_exception/exception.c.obj
 .ARM.attributes
                0x0000000000000754       0x2c CMakeFiles/rp2040-freertos-template.dir/home/sarmad-alvi/Documents/pico/pico-sdk/src/rp2_common/pico_multicore/multicore.c.obj
 .ARM.attributes
                0x0000000000000780       0x22 /tmp/ccqPP6VB.o
 .ARM.attributes
                0x00000000000007a2       0x1e /usr/lib/gcc/arm-none-eabi/12.2.1/thumb/v6-m/nofp/libgcc.a(_dvmd_tls.o)
 .ARM.attributes
                0x00000000000007c0       0x2c /usr/lib/gcc/arm-none-eabi/12.2.1/../../../arm-none-eabi/lib/thumb/v6-m/nofp/libc.a(lib_a-strlen-stub.o)
 .ARM.attributes
                0x00000000000007ec       0x2c /usr/lib/gcc/arm-none-eabi/12.2.1/thumb/v6-m/nofp/crtend.o

.comment        0x0000000000000000       0x59
 .comment       0x0000000000000000       0x26 /usr/lib/gcc/arm-none-eabi/12.2.1/thumb/v6-m/nofp/crtbegin.o
                                         0x27 (size before relaxing)
 .comment       0x0000000000000026       0x27 CMakeFiles/rp2040-freertos-template.dir/main.c.obj
 .comment       0x0000000000000026       0x27 CMakeFiles/rp2040-freertos-template.dir/tasks.c.obj
 .comment       0x0000000000000026       0x27 CMakeFiles/rp2040-freertos-template.dir/home/sarmad-alvi/Documents/pico/pico-sdk/src/rp2_common/hardware_gpio/gpio.c.obj
 .comment       0x0000000000000026       0x27 CMakeFiles/rp2040-freertos-template.dir/home/sarmad-alvi/Documents/pico/pico-sdk/src/rp2_common/pico_platform/platform.c.obj
 .comment       0x0000000000000026       0x27 CMakeFiles/rp2040-freertos-template.dir/home/sarmad-alvi/Documents/pico/pico-sdk/src/rp2_common/hardware_claim/claim.c.obj
 .comment       0x0000000000000026       0x27 CMakeFiles/rp2040-freertos-template.dir/home/sarmad-alvi/Documents/pico/pico-sdk/src/rp2_common/hardware_sync/sync.c.obj
 .comment       0x0000000000000026       0x27 CMakeFiles/rp2040-freertos-template.dir/home/sarmad-alvi/Documents/pico/pico-sdk/src/rp2_common/hardware_irq/irq.c.obj
 .comment       0x0000000000000026       0x27 CMakeFiles/rp2040-freertos-template.dir/home/sarmad-alvi/Documents/pico/pico-sdk/src/common/pico_sync/lock_core.c.obj
 .comment       0x0000000000000026       0x27 CMakeFiles/rp2040-freertos-template.dir/home/sarmad-alvi/Documents/pico/pico-sdk/src/common/pico_sync/mutex.c.obj
 .comment       0x0000000000000026       0x27 CMakeFiles/rp2040-freertos-template.dir/home/sarmad-alvi/Documents/pico/pico-sdk/src/common/pico_time/time.c.obj
 .comment       0x0000000000000026       0x27 CMakeFiles/rp2040-freertos-template.dir/home/sarmad-alvi/Documents/pico/pico-sdk/src/rp2_common/hardware_timer/timer.c.obj
 .comment       0x0000000000000026       0x27 CMakeFiles/rp2040-freertos-template.dir/home/sarmad-alvi/Documents/pico/pico-sdk/src/common/pico_util/pheap.c.obj
 .comment       0x0000000000000026       0x27 CMakeFiles/rp2040-freertos-template.dir/home/sarmad-alvi/Documents/pico/pico-sdk/src/rp2_common/hardware_uart/uart.c.obj
 .comment       0x0000000000000026       0x27 CMakeFiles/rp2040-freertos-template.dir/home/sarmad-alvi/Documents/pico/pico-sdk/src/rp2_common/hardware_clocks/clocks.c.obj
 .comment       0x0000000000000026       0x27 CMakeFiles/rp2040-freertos-template.dir/home/sarmad-alvi/Documents/pico/pico-sdk/src/rp2_common/hardware_pll/pll.c.obj
 .comment       0x0000000000000026       0x27 CMakeFiles/rp2040-freertos-template.dir/home/sarmad-alvi/Documents/pico/pico-sdk/src/rp2_common/hardware_watchdog/watchdog.c.obj
 .comment       0x0000000000000026       0x27 CMakeFiles/rp2040-freertos-template.dir/home/sarmad-alvi/Documents/pico/pico-sdk/src/rp2_common/hardware_xosc/xosc.c.obj
 .comment       0x0000000000000026       0x27 CMakeFiles/rp2040-freertos-template.dir/home/sarmad-alvi/Documents/pico/pico-sdk/src/rp2_common/pico_runtime/runtime.c.obj
 .comment       0x0000000000000026       0x27 CMakeFiles/rp2040-freertos-template.dir/home/sarmad-alvi/Documents/pico/pico-sdk/src/rp2_common/pico_printf/printf.c.obj
 .comment       0x0000000000000026       0x27 CMakeFiles/rp2040-freertos-template.dir/home/sarmad-alvi/Documents/pico/pico-sdk/src/rp2_common/pico_bootrom/bootrom.c.obj
 .comment       0x0000000000000026       0x27 CMakeFiles/rp2040-freertos-template.dir/home/sarmad-alvi/Documents/pico/pico-sdk/src/rp2_common/pico_double/double_init_rom.c.obj
 .comment       0x0000000000000026       0x27 CMakeFiles/rp2040-freertos-template.dir/home/sarmad-alvi/Documents/pico/pico-sdk/src/rp2_common/pico_float/float_init_rom.c.obj
 .comment       0x0000000000000026       0x27 CMakeFiles/rp2040-freertos-template.dir/home/sarmad-alvi/Documents/pico/pico-sdk/src/rp2_common/pico_malloc/pico_malloc.c.obj
 .comment       0x0000000000000026       0x27 CMakeFiles/rp2040-freertos-template.dir/home/sarmad-alvi/Documents/pico/pico-sdk/src/rp2_common/pico_standard_link/binary_info.c.obj
 .comment       0x0000000000000026       0x27 CMakeFiles/rp2040-freertos-template.dir/home/sarmad-alvi/Documents/pico/pico-sdk/src/rp2_common/pico_stdio/stdio.c.obj
 .comment       0x0000000000000026       0x27 CMakeFiles/rp2040-freertos-template.dir/home/sarmad-alvi/Documents/pico/pico-sdk/src/rp2_common/pico_stdio_uart/stdio_uart.c.obj
 .comment       0x0000000000000026       0x27 CMakeFiles/rp2040-freertos-template.dir/__/lib/FreeRTOS-Kernel/portable/MemMang/heap_4.c.obj
 .comment       0x0000000000000026       0x27 CMakeFiles/rp2040-freertos-template.dir/__/lib/FreeRTOS-Kernel/portable/ThirdParty/GCC/RP2040/port.c.obj
 .comment       0x0000000000000026       0x27 CMakeFiles/rp2040-freertos-template.dir/__/lib/FreeRTOS-Kernel/event_groups.c.obj
 .comment       0x0000000000000026       0x27 CMakeFiles/rp2040-freertos-template.dir/__/lib/FreeRTOS-Kernel/list.c.obj
 .comment       0x0000000000000026       0x27 CMakeFiles/rp2040-freertos-template.dir/__/lib/FreeRTOS-Kernel/queue.c.obj
 .comment       0x0000000000000026       0x27 CMakeFiles/rp2040-freertos-template.dir/__/lib/FreeRTOS-Kernel/tasks.c.obj
 .comment       0x0000000000000026       0x27 CMakeFiles/rp2040-freertos-template.dir/__/lib/FreeRTOS-Kernel/timers.c.obj
 .comment       0x0000000000000026       0x27 CMakeFiles/rp2040-freertos-template.dir/home/sarmad-alvi/Documents/pico/pico-sdk/src/rp2_common/hardware_exception/exception.c.obj
 .comment       0x0000000000000026       0x27 CMakeFiles/rp2040-freertos-template.dir/home/sarmad-alvi/Documents/pico/pico-sdk/src/rp2_common/pico_multicore/multicore.c.obj
 .comment       0x0000000000000026       0x33 /usr/lib/gcc/arm-none-eabi/12.2.1/../../../arm-none-eabi/lib/thumb/v6-m/nofp/libc.a(lib_a-strlen-stub.o)
                                         0x34 (size before relaxing)
 .comment       0x0000000000000059       0x27 /usr/lib/gcc/arm-none-eabi/12.2.1/thumb/v6-m/nofp/crtend.o

.debug_line     0x0000000000000000      0x1bc
 .debug_line    0x0000000000000000       0x4a /usr/lib/gcc/arm-none-eabi/12.2.1/thumb/v6-m/nofp/libgcc.a(_dvmd_tls.o)
 .debug_line    0x000000000000004a      0x172 /usr/lib/gcc/arm-none-eabi/12.2.1/../../../arm-none-eabi/lib/thumb/v6-m/nofp/libc.a(lib_a-strlen-stub.o)

.debug_line_str
                0x0000000000000000       0x97
 .debug_line_str
                0x0000000000000000       0x97 /usr/lib/gcc/arm-none-eabi/12.2.1/thumb/v6-m/nofp/libgcc.a(_dvmd_tls.o)

.debug_info     0x0000000000000000      0x127
 .debug_info    0x0000000000000000       0x39 /usr/lib/gcc/arm-none-eabi/12.2.1/thumb/v6-m/nofp/libgcc.a(_dvmd_tls.o)
 .debug_info    0x0000000000000039       0xee /usr/lib/gcc/arm-none-eabi/12.2.1/../../../arm-none-eabi/lib/thumb/v6-m/nofp/libc.a(lib_a-strlen-stub.o)

.debug_abbrev   0x0000000000000000       0xae
 .debug_abbrev  0x0000000000000000       0x1f /usr/lib/gcc/arm-none-eabi/12.2.1/thumb/v6-m/nofp/libgcc.a(_dvmd_tls.o)
 .debug_abbrev  0x000000000000001f       0x8f /usr/lib/gcc/arm-none-eabi/12.2.1/../../../arm-none-eabi/lib/thumb/v6-m/nofp/libc.a(lib_a-strlen-stub.o)

.debug_aranges  0x0000000000000000       0x40
 .debug_aranges
                0x0000000000000000       0x20 /usr/lib/gcc/arm-none-eabi/12.2.1/thumb/v6-m/nofp/libgcc.a(_dvmd_tls.o)
 .debug_aranges
                0x0000000000000020       0x20 /usr/lib/gcc/arm-none-eabi/12.2.1/../../../arm-none-eabi/lib/thumb/v6-m/nofp/libc.a(lib_a-strlen-stub.o)

.debug_str      0x0000000000000000      0x24b
 .debug_str     0x0000000000000000       0xbf /usr/lib/gcc/arm-none-eabi/12.2.1/thumb/v6-m/nofp/libgcc.a(_dvmd_tls.o)
 .debug_str     0x00000000000000bf      0x18c /usr/lib/gcc/arm-none-eabi/12.2.1/../../../arm-none-eabi/lib/thumb/v6-m/nofp/libc.a(lib_a-strlen-stub.o)
                                        0x1c5 (size before relaxing)

.debug_loc      0x0000000000000000       0x90
 .debug_loc     0x0000000000000000       0x90 /usr/lib/gcc/arm-none-eabi/12.2.1/../../../arm-none-eabi/lib/thumb/v6-m/nofp/libc.a(lib_a-strlen-stub.o)

.debug_frame    0x0000000000000000       0x28
 .debug_frame   0x0000000000000000       0x28 /usr/lib/gcc/arm-none-eabi/12.2.1/../../../arm-none-eabi/lib/thumb/v6-m/nofp/libc.a(lib_a-strlen-stub.o)